Component: ARM Compiler 5.06 update 7 (build 960) Tool: armlink [4d3601]

==============================================================================

Section Cross References

    startup_stm32f103xe.o(RESET) refers to startup_stm32f103xe.o(STACK) for __initial_sp
    startup_stm32f103xe.o(RESET) refers to startup_stm32f103xe.o(.text) for Reset_Handler
    startup_stm32f103xe.o(RESET) refers to stm32f1xx_it.o(i.NMI_Handler) for NMI_Handler
    startup_stm32f103xe.o(RESET) refers to stm32f1xx_it.o(i.HardFault_Handler) for HardFault_Handler
    startup_stm32f103xe.o(RESET) refers to stm32f1xx_it.o(i.MemManage_Handler) for MemManage_Handler
    startup_stm32f103xe.o(RESET) refers to stm32f1xx_it.o(i.BusFault_Handler) for BusFault_Handler
    startup_stm32f103xe.o(RESET) refers to stm32f1xx_it.o(i.UsageFault_Handler) for UsageFault_Handler
    startup_stm32f103xe.o(RESET) refers to stm32f1xx_it.o(i.SVC_Handler) for SVC_Handler
    startup_stm32f103xe.o(RESET) refers to stm32f1xx_it.o(i.DebugMon_Handler) for DebugMon_Handler
    startup_stm32f103xe.o(RESET) refers to stm32f1xx_it.o(i.PendSV_Handler) for PendSV_Handler
    startup_stm32f103xe.o(RESET) refers to stm32f1xx_it.o(i.SysTick_Handler) for SysTick_Handler
    startup_stm32f103xe.o(RESET) refers to stm32f1xx_it.o(i.ADC1_2_IRQHandler) for ADC1_2_IRQHandler
    startup_stm32f103xe.o(.text) refers to system_stm32f1xx.o(i.SystemInit) for SystemInit
    startup_stm32f103xe.o(.text) refers to entry.o(.ARM.Collect$$$$00000000) for __main
    main.o(i.SystemClock_Config) refers to memseta.o(.text) for __aeabi_memclr4
    main.o(i.SystemClock_Config) refers to stm32f1xx_hal_rcc.o(i.HAL_RCC_OscConfig) for HAL_RCC_OscConfig
    main.o(i.SystemClock_Config) refers to stm32f1xx_hal_rcc.o(i.HAL_RCC_ClockConfig) for HAL_RCC_ClockConfig
    main.o(i.SystemClock_Config) refers to stm32f1xx_hal_rcc_ex.o(i.HAL_RCCEx_PeriphCLKConfig) for HAL_RCCEx_PeriphCLKConfig
    main.o(i.fgetc) refers to stm32f1xx_hal_uart.o(i.HAL_UART_Receive) for HAL_UART_Receive
    main.o(i.fgetc) refers to usart.o(.bss) for huart1
    main.o(i.fputc) refers to stm32f1xx_hal_uart.o(i.HAL_UART_Transmit) for HAL_UART_Transmit
    main.o(i.fputc) refers to usart.o(.bss) for huart1
    main.o(i.main) refers to stm32f1xx_hal.o(i.HAL_Init) for HAL_Init
    main.o(i.main) refers to main.o(i.SystemClock_Config) for SystemClock_Config
    main.o(i.main) refers to gpio.o(i.MX_GPIO_Init) for MX_GPIO_Init
    main.o(i.main) refers to usart.o(i.MX_USART1_UART_Init) for MX_USART1_UART_Init
    main.o(i.main) refers to adc.o(i.MX_ADC1_Init) for MX_ADC1_Init
    main.o(i.main) refers to usart.o(i.MX_USART2_UART_Init) for MX_USART2_UART_Init
    main.o(i.main) refers to tim.o(i.MX_TIM4_Init) for MX_TIM4_Init
    main.o(i.main) refers to spi.o(i.MX_SPI1_Init) for MX_SPI1_Init
    main.o(i.main) refers to spi.o(i.MX_SPI2_Init) for MX_SPI2_Init
    main.o(i.main) refers to stm32f1xx_hal_adc_ex.o(i.HAL_ADCEx_Calibration_Start) for HAL_ADCEx_Calibration_Start
    main.o(i.main) refers to st7789v2.o(i.LCD_Init) for LCD_Init
    main.o(i.main) refers to printf1.o(i.__0printf$1) for __2printf
    main.o(i.main) refers to st7789v2.o(i.LCD_Clear) for LCD_Clear
    main.o(i.main) refers to st7789v2.o(i.LCD_ShowString) for LCD_ShowString
    main.o(i.main) refers to stm32f1xx_hal.o(i.HAL_Delay) for HAL_Delay
    main.o(i.main) refers to st7789v2.o(i.LCD_Draw_Circle) for LCD_Draw_Circle
    main.o(i.main) refers to temp.o(i.temp_crl) for temp_crl
    main.o(i.main) refers to adc.o(.bss) for hadc1
    gpio.o(i.MX_GPIO_Init) refers to stm32f1xx_hal_gpio.o(i.HAL_GPIO_WritePin) for HAL_GPIO_WritePin
    gpio.o(i.MX_GPIO_Init) refers to stm32f1xx_hal_gpio.o(i.HAL_GPIO_Init) for HAL_GPIO_Init
    adc.o(i.Get_ADC12bitResult) refers to stm32f1xx_hal_adc.o(i.HAL_ADC_Start) for HAL_ADC_Start
    adc.o(i.Get_ADC12bitResult) refers to stm32f1xx_hal_adc.o(i.HAL_ADC_PollForConversion) for HAL_ADC_PollForConversion
    adc.o(i.Get_ADC12bitResult) refers to stm32f1xx_hal_adc.o(i.HAL_ADC_GetState) for HAL_ADC_GetState
    adc.o(i.Get_ADC12bitResult) refers to stm32f1xx_hal_adc.o(i.HAL_ADC_GetValue) for HAL_ADC_GetValue
    adc.o(i.Get_ADC12bitResult) refers to adc.o(.bss) for .bss
    adc.o(i.HAL_ADC_MspDeInit) refers to stm32f1xx_hal_gpio.o(i.HAL_GPIO_DeInit) for HAL_GPIO_DeInit
    adc.o(i.HAL_ADC_MspDeInit) refers to stm32f1xx_hal_cortex.o(i.HAL_NVIC_DisableIRQ) for HAL_NVIC_DisableIRQ
    adc.o(i.HAL_ADC_MspInit) refers to stm32f1xx_hal_gpio.o(i.HAL_GPIO_Init) for HAL_GPIO_Init
    adc.o(i.HAL_ADC_MspInit) refers to stm32f1xx_hal_cortex.o(i.HAL_NVIC_SetPriority) for HAL_NVIC_SetPriority
    adc.o(i.HAL_ADC_MspInit) refers to stm32f1xx_hal_cortex.o(i.HAL_NVIC_EnableIRQ) for HAL_NVIC_EnableIRQ
    adc.o(i.MX_ADC1_Init) refers to stm32f1xx_hal_adc.o(i.HAL_ADC_Init) for HAL_ADC_Init
    adc.o(i.MX_ADC1_Init) refers to main.o(i.Error_Handler) for Error_Handler
[...]
    Removing stm32f1xx_hal_tim.o(i.HAL_TIM_IC_Start), (204 bytes).
    Removing stm32f1xx_hal_tim.o(i.HAL_TIM_IC_Start_DMA), (436 bytes).
    Removing stm32f1xx_hal_tim.o(i.HAL_TIM_IC_Start_IT), (248 bytes).
    Removing stm32f1xx_hal_tim.o(i.HAL_TIM_IC_Stop), (82 bytes).
    Removing stm32f1xx_hal_tim.o(i.HAL_TIM_IC_Stop_DMA), (160 bytes).
    Removing stm32f1xx_hal_tim.o(i.HAL_TIM_IC_Stop_IT), (146 bytes).
    Removing stm32f1xx_hal_tim.o(i.HAL_TIM_IRQHandler), (304 bytes).
    Removing stm32f1xx_hal_tim.o(i.HAL_TIM_OC_ConfigChannel), (82 bytes).
    Removing stm32f1xx_hal_tim.o(i.HAL_TIM_OC_DeInit), (92 bytes).
    Removing stm32f1xx_hal_tim.o(i.HAL_TIM_OC_DelayElapsedCallback), (2 bytes).
    Removing stm32f1xx_hal_tim.o(i.HAL_TIM_OC_GetState), (6 bytes).
    Removing stm32f1xx_hal_tim.o(i.HAL_TIM_OC_Init), (90 bytes).
    Removing stm32f1xx_hal_tim.o(i.HAL_TIM_OC_MspDeInit), (2 bytes).
    Removing stm32f1xx_hal_tim.o(i.HAL_TIM_OC_MspInit), (2 bytes).
    Removing stm32f1xx_hal_tim.o(i.HAL_TIM_OC_Start), (180 bytes).
    Removing stm32f1xx_hal_tim.o(i.HAL_TIM_OC_Start_DMA), (428 bytes).
    Removing stm32f1xx_hal_tim.o(i.HAL_TIM_OC_Start_IT), (224 bytes).
    Removing stm32f1xx_hal_tim.o(i.HAL_TIM_OC_Stop), (124 bytes).
    Removing stm32f1xx_hal_tim.o(i.HAL_TIM_OC_Stop_DMA), (204 bytes).
    Removing stm32f1xx_hal_tim.o(i.HAL_TIM_OC_Stop_IT), (188 bytes).
    Removing stm32f1xx_hal_tim.o(i.HAL_TIM_OnePulse_ConfigChannel), (230 bytes).
    Removing stm32f1xx_hal_tim.o(i.HAL_TIM_OnePulse_DeInit), (76 bytes).
    Removing stm32f1xx_hal_tim.o(i.HAL_TIM_OnePulse_GetState), (6 bytes).
    Removing stm32f1xx_hal_tim.o(i.HAL_TIM_OnePulse_Init), (86 bytes).
    Removing stm32f1xx_hal_tim.o(i.HAL_TIM_OnePulse_MspDeInit), (2 bytes).
    Removing stm32f1xx_hal_tim.o(i.HAL_TIM_OnePulse_MspInit), (2 bytes).
    Removing stm32f1xx_hal_tim.o(i.HAL_TIM_OnePulse_Start), (112 bytes).
    Removing stm32f1xx_hal_tim.o(i.HAL_TIM_OnePulse_Start_IT), (132 bytes).
    Removing stm32f1xx_hal_tim.o(i.HAL_TIM_OnePulse_Stop), (112 bytes).
    Removing stm32f1xx_hal_tim.o(i.HAL_TIM_OnePulse_Stop_IT), (132 bytes).
    Removing stm32f1xx_hal_tim.o(i.HAL_TIM_PWM_DeInit), (92 bytes).
    Removing stm32f1xx_hal_tim.o(i.HAL_TIM_PWM_GetState), (6 bytes).
    Removing stm32f1xx_hal_tim.o(i.HAL_TIM_PWM_MspDeInit), (2 bytes).
    Removing stm32f1xx_hal_tim.o(i.HAL_TIM_PWM_PulseFinishedCallback), (2 bytes).
    Removing stm32f1xx_hal_tim.o(i.HAL_TIM_PWM_PulseFinishedHalfCpltCallback), (2 bytes).
    Removing stm32f1xx_hal_tim.o(i.HAL_TIM_PWM_Start_DMA), (428 bytes).
    Removing stm32f1xx_hal_tim.o(i.HAL_TIM_PWM_Start_IT), (224 bytes).
    Removing stm32f1xx_hal_tim.o(i.HAL_TIM_PWM_Stop), (124 bytes).
    Removing stm32f1xx_hal_tim.o(i.HAL_TIM_PWM_Stop_DMA), (204 bytes).
    Removing stm32f1xx_hal_tim.o(i.HAL_TIM_PWM_Stop_IT), (188 bytes).
    Removing stm32f1xx_hal_tim.o(i.HAL_TIM_PeriodElapsedCallback), (2 bytes).
    Removing stm32f1xx_hal_tim.o(i.HAL_TIM_PeriodElapsedHalfCpltCallback), (2 bytes).
    Removing stm32f1xx_hal_tim.o(i.HAL_TIM_ReadCapturedValue), (42 bytes).
    Removing stm32f1xx_hal_tim.o(i.HAL_TIM_SlaveConfigSynchro), (86 bytes).
    Removing stm32f1xx_hal_tim.o(i.HAL_TIM_SlaveConfigSynchro_IT), (86 bytes).
    Removing stm32f1xx_hal_tim.o(i.HAL_TIM_TriggerCallback), (2 bytes).
    Removing stm32f1xx_hal_tim.o(i.HAL_TIM_TriggerHalfCpltCallback), (2 bytes).
    Removing stm32f1xx_hal_tim.o(i.TIM_DMACaptureCplt), (110 bytes).
    Removing stm32f1xx_hal_tim.o(i.TIM_DMACaptureHalfCplt), (56 bytes).
    Removing stm32f1xx_hal_tim.o(i.TIM_DMADelayPulseCplt), (94 bytes).
    Removing stm32f1xx_hal_tim.o(i.TIM_DMADelayPulseHalfCplt), (56 bytes).
    Removing stm32f1xx_hal_tim.o(i.TIM_DMAError), (84 bytes).
    Removing stm32f1xx_hal_tim.o(i.TIM_DMAPeriodElapsedCplt), (22 bytes).
    Removing stm32f1xx_hal_tim.o(i.TIM_DMAPeriodElapsedHalfCplt), (10 bytes).
    Removing stm32f1xx_hal_tim.o(i.TIM_DMATriggerCplt), (22 bytes).
    Removing stm32f1xx_hal_tim.o(i.TIM_DMATriggerHalfCplt), (10 bytes).
    Removing stm32f1xx_hal_tim.o(i.TIM_SlaveTimer_SetConfig), (140 bytes).
    Removing stm32f1xx_hal_tim_ex.o(.rev16_text), (4 bytes).
    Removing stm32f1xx_hal_tim_ex.o(.revsh_text), (4 bytes).
    Removing stm32f1xx_hal_tim_ex.o(.rrx_text), (6 bytes).
    Removing stm32f1xx_hal_tim_ex.o(i.HAL_TIMEx_BreakCallback), (2 bytes).
    Removing stm32f1xx_hal_tim_ex.o(i.HAL_TIMEx_CommutCallback), (2 bytes).
    Removing stm32f1xx_hal_tim_ex.o(i.HAL_TIMEx_CommutHalfCpltCallback), (2 bytes).
    Removing stm32f1xx_hal_tim_ex.o(i.HAL_TIMEx_ConfigBreakDeadTime), (84 bytes).
    Removing stm32f1xx_hal_tim_ex.o(i.HAL_TIMEx_ConfigCommutEvent), (112 bytes).
    Removing stm32f1xx_hal_tim_ex.o(i.HAL_TIMEx_ConfigCommutEvent_DMA), (144 bytes).
    Removing stm32f1xx_hal_tim_ex.o(i.HAL_TIMEx_ConfigCommutEvent_IT), (112 bytes).
    Removing stm32f1xx_hal_tim_ex.o(i.HAL_TIMEx_GetChannelNState), (34 bytes).
    Removing stm32f1xx_hal_tim_ex.o(i.HAL_TIMEx_HallSensor_DeInit), (76 bytes).
    Removing stm32f1xx_hal_tim_ex.o(i.HAL_TIMEx_HallSensor_GetState), (6 bytes).
    Removing stm32f1xx_hal_tim_ex.o(i.HAL_TIMEx_HallSensor_Init), (208 bytes).
    Removing stm32f1xx_hal_tim_ex.o(i.HAL_TIMEx_HallSensor_MspDeInit), (2 bytes).
    Removing stm32f1xx_hal_tim_ex.o(i.HAL_TIMEx_HallSensor_MspInit), (2 bytes).
    Removing stm32f1xx_hal_tim_ex.o(i.HAL_TIMEx_HallSensor_Start), (148 bytes).
    Removing stm32f1xx_hal_tim_ex.o(i.HAL_TIMEx_HallSensor_Start_DMA), (204 bytes).
    Removing stm32f1xx_hal_tim_ex.o(i.HAL_TIMEx_HallSensor_Start_IT), (160 bytes).
    Removing stm32f1xx_hal_tim_ex.o(i.HAL_TIMEx_HallSensor_Stop), (58 bytes).
    Removing stm32f1xx_hal_tim_ex.o(i.HAL_TIMEx_HallSensor_Stop_DMA), (70 bytes).
    Removing stm32f1xx_hal_tim_ex.o(i.HAL_TIMEx_HallSensor_Stop_IT), (68 bytes).
    Removing stm32f1xx_hal_tim_ex.o(i.HAL_TIMEx_OCN_Start), (172 bytes).
    Removing stm32f1xx_hal_tim_ex.o(i.HAL_TIMEx_OCN_Start_DMA), (372 bytes).
    Removing stm32f1xx_hal_tim_ex.o(i.HAL_TIMEx_OCN_Start_IT), (212 bytes).
    Removing stm32f1xx_hal_tim_ex.o(i.HAL_TIMEx_OCN_Stop), (104 bytes).
    Removing stm32f1xx_hal_tim_ex.o(i.HAL_TIMEx_OCN_Stop_DMA), (168 bytes).
    Removing stm32f1xx_hal_tim_ex.o(i.HAL_TIMEx_OCN_Stop_IT), (170 bytes).
    Removing stm32f1xx_hal_tim_ex.o(i.HAL_TIMEx_OnePulseN_Start), (100 bytes).
    Removing stm32f1xx_hal_tim_ex.o(i.HAL_TIMEx_OnePulseN_Start_IT), (120 bytes).
    Removing stm32f1xx_hal_tim_ex.o(i.HAL_TIMEx_OnePulseN_Stop), (98 bytes).
    Removing stm32f1xx_hal_tim_ex.o(i.HAL_TIMEx_OnePulseN_Stop_IT), (120 bytes).
    Removing stm32f1xx_hal_tim_ex.o(i.HAL_TIMEx_PWMN_Start), (172 bytes).
    Removing stm32f1xx_hal_tim_ex.o(i.HAL_TIMEx_PWMN_Start_DMA), (372 bytes).
    Removing stm32f1xx_hal_tim_ex.o(i.HAL_TIMEx_PWMN_Start_IT), (212 bytes).
    Removing stm32f1xx_hal_tim_ex.o(i.HAL_TIMEx_PWMN_Stop), (104 bytes).
    Removing stm32f1xx_hal_tim_ex.o(i.HAL_TIMEx_PWMN_Stop_DMA), (168 bytes).
    Removing stm32f1xx_hal_tim_ex.o(i.HAL_TIMEx_PWMN_Stop_IT), (170 bytes).
    Removing stm32f1xx_hal_tim_ex.o(i.HAL_TIMEx_RemapConfig), (4 bytes).
    Removing stm32f1xx_hal_tim_ex.o(i.TIMEx_DMACommutationCplt), (16 bytes).
    Removing stm32f1xx_hal_tim_ex.o(i.TIMEx_DMACommutationHalfCplt), (16 bytes).
    Removing stm32f1xx_hal_tim_ex.o(i.TIM_CCxNChannelCmd), (26 bytes).
    Removing stm32f1xx_hal_tim_ex.o(i.TIM_DMADelayPulseNCplt), (74 bytes).
    Removing stm32f1xx_hal_tim_ex.o(i.TIM_DMAErrorCCxN), (62 bytes).
    Removing stm32f1xx_hal_uart.o(.rev16_text), (4 bytes).
    Removing stm32f1xx_hal_uart.o(.revsh_text), (4 bytes).
    Removing stm32f1xx_hal_uart.o(.rrx_text), (6 bytes).
    Removing stm32f1xx_hal_uart.o(i.HAL_HalfDuplex_EnableReceiver), (50 bytes).
    Removing stm32f1xx_hal_uart.o(i.HAL_HalfDuplex_EnableTransmitter), (50 bytes).
    Removing stm32f1xx_hal_uart.o(i.HAL_HalfDuplex_Init), (110 bytes).
    Removing stm32f1xx_hal_uart.o(i.HAL_LIN_Init), (130 bytes).
    Removing stm32f1xx_hal_uart.o(i.HAL_LIN_SendBreak), (60 bytes).
    Removing stm32f1xx_hal_uart.o(i.HAL_MultiProcessor_EnterMuteMode), (62 bytes).
    Removing stm32f1xx_hal_uart.o(i.HAL_MultiProcessor_ExitMuteMode), (62 bytes).
    Removing stm32f1xx_hal_uart.o(i.HAL_MultiProcessor_Init), (144 bytes).
    Removing stm32f1xx_hal_uart.o(i.HAL_UARTEx_GetRxEventType), (4 bytes).
    Removing stm32f1xx_hal_uart.o(i.HAL_UARTEx_ReceiveToIdle), (240 bytes).
    Removing stm32f1xx_hal_uart.o(i.HAL_UARTEx_ReceiveToIdle_DMA), (74 bytes).
    Removing stm32f1xx_hal_uart.o(i.HAL_UARTEx_ReceiveToIdle_IT), (78 bytes).
    Removing stm32f1xx_hal_uart.o(i.HAL_UARTEx_RxEventCallback), (2 bytes).
    Removing stm32f1xx_hal_uart.o(i.HAL_UART_Abort), (210 bytes).
    Removing stm32f1xx_hal_uart.o(i.HAL_UART_AbortCpltCallback), (2 bytes).
    Removing stm32f1xx_hal_uart.o(i.HAL_UART_AbortReceive), (148 bytes).
    Removing stm32f1xx_hal_uart.o(i.HAL_UART_AbortReceiveCpltCallback), (2 bytes).
    Removing stm32f1xx_hal_uart.o(i.HAL_UART_AbortReceive_IT), (152 bytes).
    Removing stm32f1xx_hal_uart.o(i.HAL_UART_AbortTransmit), (98 bytes).
    Removing stm32f1xx_hal_uart.o(i.HAL_UART_AbortTransmitCpltCallback), (2 bytes).
    Removing stm32f1xx_hal_uart.o(i.HAL_UART_AbortTransmit_IT), (104 bytes).
    Removing stm32f1xx_hal_uart.o(i.HAL_UART_Abort_IT), (244 bytes).
    Removing stm32f1xx_hal_uart.o(i.HAL_UART_DMAPause), (120 bytes).
    Removing stm32f1xx_hal_uart.o(i.HAL_UART_DMAResume), (114 bytes).
    Removing stm32f1xx_hal_uart.o(i.HAL_UART_DMAStop), (112 bytes).
    Removing stm32f1xx_hal_uart.o(i.HAL_UART_DeInit), (54 bytes).
    Removing stm32f1xx_hal_uart.o(i.HAL_UART_ErrorCallback), (2 bytes).
    Removing stm32f1xx_hal_uart.o(i.HAL_UART_GetError), (4 bytes).
    Removing stm32f1xx_hal_uart.o(i.HAL_UART_GetState), (10 bytes).
    Removing stm32f1xx_hal_uart.o(i.HAL_UART_IRQHandler), (620 bytes).
    Removing stm32f1xx_hal_uart.o(i.HAL_UART_MspDeInit), (2 bytes).
    Removing stm32f1xx_hal_uart.o(i.HAL_UART_MspInit), (2 bytes).
    Removing stm32f1xx_hal_uart.o(i.HAL_UART_Receive), (176 bytes).
    Removing stm32f1xx_hal_uart.o(i.HAL_UART_Receive_DMA), (28 bytes).
    Removing stm32f1xx_hal_uart.o(i.HAL_UART_Receive_IT), (28 bytes).
    Removing stm32f1xx_hal_uart.o(i.HAL_UART_RxCpltCallback), (2 bytes).
    Removing stm32f1xx_hal_uart.o(i.HAL_UART_RxHalfCpltCallback), (2 bytes).
    Removing stm32f1xx_hal_uart.o(i.HAL_UART_Transmit_DMA), (120 bytes).
    Removing stm32f1xx_hal_uart.o(i.HAL_UART_Transmit_IT), (50 bytes).
    Removing stm32f1xx_hal_uart.o(i.HAL_UART_TxCpltCallback), (2 bytes).
    Removing stm32f1xx_hal_uart.o(i.HAL_UART_TxHalfCpltCallback), (2 bytes).
    Removing stm32f1xx_hal_uart.o(i.UART_DMAAbortOnError), (16 bytes).
    Removing stm32f1xx_hal_uart.o(i.UART_DMAError), (74 bytes).
    Removing stm32f1xx_hal_uart.o(i.UART_DMAReceiveCplt), (134 bytes).
    Removing stm32f1xx_hal_uart.o(i.UART_DMARxAbortCallback), (44 bytes).
    Removing stm32f1xx_hal_uart.o(i.UART_DMARxHalfCplt), (30 bytes).
    Removing stm32f1xx_hal_uart.o(i.UART_DMARxOnlyAbortCallback), (22 bytes).
    Removing stm32f1xx_hal_uart.o(i.UART_DMATransmitCplt), (66 bytes).
    Removing stm32f1xx_hal_uart.o(i.UART_DMATxAbortCallback), (44 bytes).
    Removing stm32f1xx_hal_uart.o(i.UART_DMATxHalfCplt), (10 bytes).
    Removing stm32f1xx_hal_uart.o(i.UART_DMATxOnlyAbortCallback), (20 bytes).
    Removing stm32f1xx_hal_uart.o(i.UART_EndTxTransfer), (28 bytes).
    Removing stm32f1xx_hal_uart.o(i.UART_Receive_IT), (194 bytes).
    Removing stm32f1xx_hal_uart.o(i.UART_Start_Receive_DMA), (144 bytes).
    Removing stm32f1xx_hal_uart.o(i.UART_Start_Receive_IT), (54 bytes).
    Removing system_stm32f1xx.o(.rev16_text), (4 bytes).
    Removing system_stm32f1xx.o(.revsh_text), (4 bytes).
    Removing system_stm32f1xx.o(.rrx_text), (6 bytes).
    Removing system_stm32f1xx.o(i.SystemCoreClockUpdate), (104 bytes).
    Removing st7789v2.o(.rev16_text), (4 bytes).
    Removing st7789v2.o(.revsh_text), (4 bytes).
    Removing st7789v2.o(.rrx_text), (6 bytes).
    Removing st7789v2.o(i.LCD_DisplayOff), (2 bytes).
    Removing st7789v2.o(i.LCD_DisplayOn), (2 bytes).
    Removing st7789v2.o(i.LCD_DrawLine), (236 bytes).
    Removing st7789v2.o(i.LCD_DrawRectangle), (58 bytes).
    Removing st7789v2.o(i.LCD_Draw_ColorPoint), (22 bytes).
    Removing st7789v2.o(i.LCD_Fill), (128 bytes).
    Removing st7789v2.o(i.LCD_Pow), (16 bytes).
    Removing st7789v2.o(i.LCD_ShowMenuDC), (224 bytes).
    Removing st7789v2.o(i.LCD_ShowMenuFG), (320 bytes).
    Removing st7789v2.o(i.LCD_ShowMenuOSC), (232 bytes).
    Removing st7789v2.o(i.LCD_ShowMenuPWM), (324 bytes).
    Removing st7789v2.o(i.LCD_ShowMenuSpectrum), (408 bytes).
    Removing st7789v2.o(i.LCD_ShowNum), (106 bytes).
    Removing st7789v2.o(i.LCD_Show_Image), (108 bytes).
    Removing st7789v2.o(i.LCD_ShowxNum), (114 bytes).
    Removing st7789v2.o(i.PutChinese), (128 bytes).
    Removing st7789v2.o(i.PutChinese_strings), (42 bytes).
    Removing ntc.o(.rev16_text), (4 bytes).
    Removing ntc.o(.revsh_text), (4 bytes).
    Removing ntc.o(.rrx_text), (6 bytes).
    Removing pwm_crl.o(.rev16_text), (4 bytes).
    Removing pwm_crl.o(.revsh_text), (4 bytes).
    Removing pwm_crl.o(.rrx_text), (6 bytes).
    Removing pwm_crl.o(i.pwm_crl), (24 bytes).
    Removing hzlib.o(i.GetGBKCode), (40 bytes).
    Removing hzlib.o(.constdata), (216576 bytes).
    Removing spi_flash_w25q64.o(.rev16_text), (4 bytes).
    Removing spi_flash_w25q64.o(.revsh_text), (4 bytes).
    Removing spi_flash_w25q64.o(.rrx_text), (6 bytes).
    Removing spi_flash_w25q64.o(i.W25Q64_Deselect), (16 bytes).
    Removing spi_flash_w25q64.o(i.W25Q64_Erase), (104 bytes).
    Removing spi_flash_w25q64.o(i.W25Q64_Init), (2 bytes).
    Removing spi_flash_w25q64.o(i.W25Q64_Read), (88 bytes).
    Removing spi_flash_w25q64.o(i.W25Q64_Select), (16 bytes).
    Removing spi_flash_w25q64.o(i.W25Q64_Test), (2 bytes).
    Removing spi_flash_w25q64.o(i.W25Q64_Tx), (28 bytes).
    Removing spi_flash_w25q64.o(i.W25Q64_WaitReady), (84 bytes).
    Removing spi_flash_w25q64.o(i.W25Q64_Write), (148 bytes).
    Removing spi_flash_w25q64.o(i.W25Q64_WriteEnable), (34 bytes).
    Removing spi_flash_w25q64.o(.data), (4 bytes).
    Removing temp.o(.rev16_text), (4 bytes).
    Removing temp.o(.revsh_text), (4 bytes).
    Removing temp.o(.rrx_text), (6 bytes).
    Removing dadd.o(.text), (334 bytes).
    Removing dmul.o(.text), (228 bytes).
    Removing ddiv.o(.text), (222 bytes).
    Removing dfixul.o(.text), (48 bytes).
    Removing cdrcmple.o(.text), (48 bytes).
    Removing depilogue.o(.text), (186 bytes).

525 unused section(s) (total 255324 bytes) removed from the image.

==============================================================================

Image Symbol Table

    Local Symbols

    Symbol Name                              Value     Ov Type        Size  Object(Section)

    ../Core/Src/adc.c                        0x00000000   Number         0  adc.o ABSOLUTE
    ../Core/Src/gpio.c                       0x00000000   Number         0  gpio.o ABSOLUTE
    ../Core/Src/main.c                       0x00000000   Number         0  main.o ABSOLUTE
    ../Core/Src/spi.c                        0x00000000   Number         0  spi.o ABSOLUTE
    ../Core/Src/stm32f1xx_hal_msp.c          0x00000000   Number         0  stm32f1xx_hal_msp.o ABSOLUTE
    ../Core/Src/stm32f1xx_it.c               0x00000000   Number         0  stm32f1xx_it.o ABSOLUTE
    ../Core/Src/system_stm32f1xx.c           0x00000000   Number         0  system_stm32f1xx.o ABSOLUTE
    ../Core/Src/tim.c                        0x00000000   Number         0  tim.o ABSOLUTE
    ../Core/Src/usart.c                      0x00000000   Number         0  usart.o ABSOLUTE
    ../Drivers/STM32F1xx_HAL_Driver/Src/stm32f1xx_hal.c 0x00000000   Number         0  stm32f1xx_hal.o ABSOLUTE
    ../Drivers/STM32F1xx_HAL_Driver/Src/stm32f1xx_hal_adc.c 0x00000000   Number         0  stm32f1xx_hal_adc.o ABSOLUTE
    ../Drivers/STM32F1xx_HAL_Driver/Src/stm32f1xx_hal_adc_ex.c 0x00000000   Number         0  stm32f1xx_hal_adc_ex.o ABSOLUTE
    ../Drivers/STM32F1xx_HAL_Driver/Src/stm32f1xx_hal_cortex.c 0x00000000   Number         0  stm32f1xx_hal_cortex.o ABSOLUTE
    ../Drivers/STM32F1xx_HAL_Driver/Src/stm32f1xx_hal_dma.c 0x00000000   Number         0  stm32f1xx_hal_dma.o ABSOLUTE
    ../Drivers/STM32F1xx_HAL_Driver/Src/stm32f1xx_hal_exti.c 0x00000000   Number         0  stm32f1xx_hal_exti.o ABSOLUTE
    ../Drivers/STM32F1xx_HAL_Driver/Src/stm32f1xx_hal_flash.c 0x00000000   Number         0  stm32f1xx_hal_flash.o ABSOLUTE
    ../Drivers/STM32F1xx_HAL_Driver/Src/stm32f1xx_hal_flash_ex.c 0x00000000   Number         0  stm32f1xx_hal_flash_ex.o ABSOLUTE
    ../Drivers/STM32F1xx_HAL_Driver/Src/stm32f1xx_hal_gpio.c 0x00000000   Number         0  stm32f1xx_hal_gpio.o ABSOLUTE
    ../Drivers/STM32F1xx_HAL_Driver/Src/stm32f1xx_hal_gpio_ex.c 0x00000000   Number         0  stm32f1xx_hal_gpio_ex.o ABSOLUTE
    ../Drivers/STM32F1xx_HAL_Driver/Src/stm32f1xx_hal_pwr.c 0x00000000   Number         0  stm32f1xx_hal_pwr.o ABSOLUTE
    ../Drivers/STM32F1xx_HAL_Driver/Src/stm32f1xx_hal_rcc.c 0x00000000   Number         0  stm32f1xx_hal_rcc.o ABSOLUTE
    ../Drivers/STM32F1xx_HAL_Driver/Src/stm32f1xx_hal_rcc_ex.c 0x00000000   Number         0  stm32f1xx_hal_rcc_ex.o ABSOLUTE
    ../Drivers/STM32F1xx_HAL_Driver/Src/stm32f1xx_hal_spi.c 0x00000000   Number         0  stm32f1xx_hal_spi.o ABSOLUTE
    ../Drivers/STM32F1xx_HAL_Driver/Src/stm32f1xx_hal_tim.c 0x00000000   Number         0  stm32f1xx_hal_tim.o ABSOLUTE
    ../Drivers/STM32F1xx_HAL_Driver/Src/stm32f1xx_hal_tim_ex.c 0x00000000   Number         0  stm32f1xx_hal_tim_ex.o ABSOLUTE
    ../Drivers/STM32F1xx_HAL_Driver/Src/stm32f1xx_hal_uart.c 0x00000000   Number         0  stm32f1xx_hal_uart.o ABSOLUTE
    ../clib/../cmprslib/zerorunl.c           0x00000000   Number         0  __dczerorl.o ABSOLUTE
    ../clib/microlib/division.c              0x00000000   Number         0  uidiv.o ABSOLUTE
    ../clib/microlib/division.c              0x00000000   Number         0  uldiv.o ABSOLUTE
    ../clib/microlib/init/entry.s            0x00000000   Number         0  entry12b.o ABSOLUTE
    ../clib/microlib/init/entry.s            0x00000000   Number         0  entry11b.o ABSOLUTE
    ../clib/microlib/init/entry.s            0x00000000   Number         0  entry12a.o ABSOLUTE
    ../clib/microlib/init/entry.s            0x00000000   Number         0  entry11a.o ABSOLUTE
    ../clib/microlib/init/entry.s            0x00000000   Number         0  entry2.o ABSOLUTE
    ../clib/microlib/init/entry.s            0x00000000   Number         0  entry5.o ABSOLUTE
    ../clib/microlib/init/entry.s            0x00000000   Number         0  entry10b.o ABSOLUTE
    ../clib/microlib/init/entry.s            0x00000000   Number         0  entry7a.o ABSOLUTE
    ../clib/microlib/init/entry.s            0x00000000   Number         0  entry10a.o ABSOLUTE
    ../clib/microlib/init/entry.s            0x00000000   Number         0  entry7b.o ABSOLUTE
    ../clib/microlib/init/entry.s            0x00000000   Number         0  entry8b.o ABSOLUTE
    ../clib/microlib/init/entry.s            0x00000000   Number         0  entry9b.o ABSOLUTE
    ../clib/microlib/init/entry.s            0x00000000   Number         0  entry.o ABSOLUTE
    ../clib/microlib/init/entry.s            0x00000000   Number         0  entry9a.o ABSOLUTE
    ../clib/microlib/init/entry.s            0x00000000   Number         0  entry8a.o ABSOLUTE
    ../clib/microlib/longlong.c              0x00000000   Number         0  llushr.o ABSOLUTE
    ../clib/microlib/longlong.c              0x00000000   Number         0  llsshr.o ABSOLUTE
    ../clib/microlib/longlong.c              0x00000000   Number         0  llshl.o ABSOLUTE
    ../clib/microlib/printf/printf.c         0x00000000   Number         0  printf2.o ABSOLUTE
    ../clib/microlib/printf/printf.c         0x00000000   Number         0  printf0.o ABSOLUTE
    ../clib/microlib/printf/printf.c         0x00000000   Number         0  printfb.o ABSOLUTE
    ../clib/microlib/printf/printf.c         0x00000000   Number         0  printf1.o ABSOLUTE
    ../clib/microlib/printf/printf.c         0x00000000   Number         0  printf4.o ABSOLUTE
    ../clib/microlib/printf/printf.c         0x00000000   Number         0  printf5.o ABSOLUTE
    ../clib/microlib/printf/printf.c         0x00000000   Number         0  printf6.o ABSOLUTE
    ../clib/microlib/printf/printf.c         0x00000000   Number         0  printf7.o ABSOLUTE
    ../clib/microlib/printf/printf.c         0x00000000   Number         0  printf8.o ABSOLUTE
    ../clib/microlib/printf/printf.c         0x00000000   Number         0  printfa.o ABSOLUTE
    ../clib/microlib/printf/printf.c         0x00000000   Number         0  printf3.o ABSOLUTE
    ../clib/microlib/printf/stubs.s          0x00000000   Number         0  stubs.o ABSOLUTE
    ../clib/microlib/stdio/streams.c         0x00000000   Number         0  stdout.o ABSOLUTE
    ../clib/microlib/string/memcpy.c         0x00000000   Number         0  memcpya.o ABSOLUTE
    ../clib/microlib/string/memcpy.c         0x00000000   Number         0  memcpyb.o ABSOLUTE
    ../clib/microlib/string/memset.c         0x00000000   Number         0  memseta.o ABSOLUTE
    ../clib/microlib/stubs.s                 0x00000000   Number         0  iusefp.o ABSOLUTE
    ../fplib/microlib/fpadd.c                0x00000000   Number         0  dadd.o ABSOLUTE
    ../fplib/microlib/fpdiv.c                0x00000000   Number         0  ddiv.o ABSOLUTE
    ../fplib/microlib/fpepilogue.c           0x00000000   Number         0  depilogue.o ABSOLUTE
    ../fplib/microlib/fpfix.c                0x00000000   Number         0  dfixul.o ABSOLUTE
    ../fplib/microlib/fpmul.c                0x00000000   Number         0  dmul.o ABSOLUTE
    ..\BSP\Src\GUI.c                         0x00000000   Number         0  gui.o ABSOLUTE
    ..\BSP\Src\HzLib.c                       0x00000000   Number         0  hzlib.o ABSOLUTE
    ..\BSP\Src\NTC.c                         0x00000000   Number         0  ntc.o ABSOLUTE
    ..\BSP\Src\PWM_CRL.c                     0x00000000   Number         0  pwm_crl.o ABSOLUTE
    ..\BSP\Src\RS485.c                       0x00000000   Number         0  rs485.o ABSOLUTE
    ..\BSP\Src\SPI_Flash_w25q64.c            0x00000000   Number         0  spi_flash_w25q64.o ABSOLUTE
    ..\BSP\Src\ST7789V2.c                    0x00000000   Number         0  st7789v2.o ABSOLUTE
    ..\Core\Src\adc.c                        0x00000000   Number         0  adc.o ABSOLUTE
    ..\Core\Src\gpio.c                       0x00000000   Number         0  gpio.o ABSOLUTE
    ..\Core\Src\main.c                       0x00000000   Number         0  main.o ABSOLUTE
    ..\Core\Src\spi.c                        0x00000000   Number         0  spi.o ABSOLUTE
    ..\Core\Src\stm32f1xx_hal_msp.c          0x00000000   Number         0  stm32f1xx_hal_msp.o ABSOLUTE
    ..\Core\Src\stm32f1xx_it.c               0x00000000   Number         0  stm32f1xx_it.o ABSOLUTE
    ..\Core\Src\system_stm32f1xx.c           0x00000000   Number         0  system_stm32f1xx.o ABSOLUTE
    ..\Core\Src\tim.c                        0x00000000   Number         0  tim.o ABSOLUTE
    ..\Core\Src\usart.c                      0x00000000   Number         0  usart.o ABSOLUTE
    ..\Drivers\STM32F1xx_HAL_Driver\Src\stm32f1xx_hal.c 0x00000000   Number         0  stm32f1xx_hal.o ABSOLUTE
    ..\Drivers\STM32F1xx_HAL_Driver\Src\stm32f1xx_hal_adc.c 0x00000000   Number         0  stm32f1xx_hal_adc.o ABSOLUTE
    ..\Drivers\STM32F1xx_HAL_Driver\Src\stm32f1xx_hal_adc_ex.c 0x00000000   Number         0  stm32f1xx_hal_adc_ex.o ABSOLUTE
    ..\Drivers\STM32F1xx_HAL_Driver\Src\stm32f1xx_hal_cortex.c 0x00000000   Number         0  stm32f1xx_hal_cortex.o ABSOLUTE
    ..\Drivers\STM32F1xx_HAL_Driver\Src\stm32f1xx_hal_dma.c 0x00000000   Number         0  stm32f1xx_hal_dma.o ABSOLUTE
    ..\Drivers\STM32F1xx_HAL_Driver\Src\stm32f1xx_hal_exti.c 0x00000000   Number         0  stm32f1xx_hal_exti.o ABSOLUTE
    ..\Drivers\STM32F1xx_HAL_Driver\Src\stm32f1xx_hal_flash.c 0x00000000   Number         0  stm32f1xx_hal_flash.o ABSOLUTE
    ..\Drivers\STM32F1xx_HAL_Driver\Src\stm32f1xx_hal_flash_ex.c 0x00000000   Number         0  stm32f1xx_hal_flash_ex.o ABSOLUTE
    ..\Drivers\STM32F1xx_HAL_Driver\Src\stm32f1xx_hal_gpio.c 0x00000000   Number         0  stm32f1xx_hal_gpio.o ABSOLUTE
    ..\Drivers\STM32F1xx_HAL_Driver\Src\stm32f1xx_hal_gpio_ex.c 0x00000000   Number         0  stm32f1xx_hal_gpio_ex.o ABSOLUTE
    ..\Drivers\STM32F1xx_HAL_Driver\Src\stm32f1xx_hal_pwr.c 0x00000000   Number         0  stm32f1xx_hal_pwr.o ABSOLUTE
    ..\Drivers\STM32F1xx_HAL_Driver\Src\stm32f1xx_hal_rcc.c 0x00000000   Number         0  stm32f1xx_hal_rcc.o ABSOLUTE
    ..\Drivers\STM32F1xx_HAL_Driver\Src\stm32f1xx_hal_rcc_ex.c 0x00000000   Number         0  stm32f1xx_hal_rcc_ex.o ABSOLUTE
    ..\Drivers\STM32F1xx_HAL_Driver\Src\stm32f1xx_hal_spi.c 0x00000000   Number         0  stm32f1xx_hal_spi.o ABSOLUTE
    ..\Drivers\STM32F1xx_HAL_Driver\Src\stm32f1xx_hal_tim.c 0x00000000   Number         0  stm32f1xx_hal_tim.o ABSOLUTE
    ..\Drivers\STM32F1xx_HAL_Driver\Src\stm32f1xx_hal_tim_ex.c 0x00000000   Number         0  stm32f1xx_hal_tim_ex.o ABSOLUTE
    ..\Drivers\STM32F1xx_HAL_Driver\Src\stm32f1xx_hal_uart.c 0x00000000   Number         0  stm32f1xx_hal_uart.o ABSOLUTE
    ..\Emembed\Src\display.c                 0x00000000   Number         0  display.o ABSOLUTE
    ..\Emembed\Src\temp.c                    0x00000000   Number         0  temp.o ABSOLUTE
    ..\\BSP\\Src\\NTC.c                      0x00000000   Number         0  ntc.o ABSOLUTE
    ..\\BSP\\Src\\PWM_CRL.c                  0x00000000   Number         0  pwm_crl.o ABSOLUTE
    ..\\BSP\\Src\\SPI_Flash_w25q64.c         0x00000000   Number         0  spi_flash_w25q64.o ABSOLUTE
    ..\\BSP\\Src\\ST7789V2.c                 0x00000000   Number         0  st7789v2.o ABSOLUTE
    ..\\Emembed\\Src\\temp.c                 0x00000000   Number         0  temp.o ABSOLUTE
    cdrcmple.s                               0x00000000   Number         0  cdrcmple.o ABSOLUTE
    dc.s                                     0x00000000   Number         0  dc.o ABSOLUTE
    handlers.s                               0x00000000   Number         0  handlers.o ABSOLUTE
    init.s                                   0x00000000   Number         0  init.o ABSOLUTE
    startup_stm32f103xe.s                    0x00000000   Number         0  startup_stm32f103xe.o ABSOLUTE
    RESET                                    0x08000000   Section      304  startup_stm32f103xe.o(RESET)
    .ARM.Collect$$$$00000000                 0x08000130   Section        0  entry.o(.ARM.Collect$$$$00000000)
    .ARM.Collect$$$$00000001                 0x08000130   Section        4  entry2.o(.ARM.Collect$$$$00000001)
    .ARM.Collect$$$$00000004                 0x08000134   Section        4  entry5.o(.ARM.Collect$$$$00000004)
    .ARM.Collect$$$$00000008                 0x08000138   Section        0  entry7b.o(.ARM.Collect$$$$00000008)
    .ARM.Collect$$$$0000000A                 0x08000138   Section        0  entry8b.o(.ARM.Collect$$$$0000000A)
    .ARM.Collect$$$$0000000B                 0x08000138   Section        8  entry9a.o(.ARM.Collect$$$$0000000B)
    .ARM.Collect$$$$0000000E                 0x08000140   Section        4  entry12b.o(.ARM.Collect$$$$0000000E)
    .ARM.Collect$$$$0000000F                 0x08000144   Section        0  entry10a.o(.ARM.Collect$$$$0000000F)
    .ARM.Collect$$$$00000011                 0x08000144   Section        0  entry11a.o(.ARM.Collect$$$$00000011)
    .ARM.Collect$$$$00002712                 0x08000144   Section        4  entry2.o(.ARM.Collect$$$$00002712)
    __lit__00000000                          0x08000144   Data           4  entry2.o(.ARM.Collect$$$$00002712)
    .text                                    0x08000148   Section       36  startup_stm32f103xe.o(.text)
    .text                                    0x0800016c   Section        0  memseta.o(.text)
    .text                                    0x08000190   Section        0  uidiv.o(.text)
    .text                                    0x080001bc   Section       36  init.o(.text)
    .text                                    0x080001e0   Section        0  __dczerorl.o(.text)
    i.ADC1_2_IRQHandler                      0x0800021c   Section        0  stm32f1xx_it.o(i.ADC1_2_IRQHandler)
    i.ADC_ConversionStop_Disable             0x08000228   Section        0  stm32f1xx_hal_adc.o(i.ADC_ConversionStop_Disable)
    i.ADC_Enable                             0x08000280   Section        0  stm32f1xx_hal_adc.o(i.ADC_Enable)
    i.BusFault_Handler                       0x080002fc   Section        0  stm32f1xx_it.o(i.BusFault_Handler)
    i.DebugMon_Handler                       0x080002fe   Section        0  stm32f1xx_it.o(i.DebugMon_Handler)
    i.Error_Handler                          0x08000300   Section        0  main.o(i.Error_Handler)
    i.Get_ADC12bitResult                     0x08000304   Section        0  adc.o(i.Get_ADC12bitResult)
    i.HAL_ADCEx_Calibration_Start            0x08000338   Section        0  stm32f1xx_hal_adc_ex.o(i.HAL_ADCEx_Calibration_Start)
    i.HAL_ADCEx_InjectedConvCpltCallback     0x08000410   Section        0  stm32f1xx_hal_adc_ex.o(i.HAL_ADCEx_InjectedConvCpltCallback)
    i.HAL_ADC_ConfigChannel                  0x08000414   Section        0  stm32f1xx_hal_adc.o(i.HAL_ADC_ConfigChannel)
    i.HAL_ADC_ConvCpltCallback               0x08000510   Section        0  stm32f1xx_hal_adc.o(i.HAL_ADC_ConvCpltCallback)
    i.HAL_ADC_GetState                       0x08000512   Section        0  stm32f1xx_hal_adc.o(i.HAL_ADC_GetState)
    i.HAL_ADC_GetValue                       0x08000516   Section        0  stm32f1xx_hal_adc.o(i.HAL_ADC_GetValue)
    i.HAL_ADC_IRQHandler                     0x0800051c   Section        0  stm32f1xx_hal_adc.o(i.HAL_ADC_IRQHandler)
    i.HAL_ADC_Init                           0x080005f8   Section        0  stm32f1xx_hal_adc.o(i.HAL_ADC_Init)
    i.HAL_ADC_LevelOutOfWindowCallback       0x08000718   Section        0  stm32f1xx_hal_adc.o(i.HAL_ADC_LevelOutOfWindowCallback)
    i.HAL_ADC_MspInit                        0x0800071c   Section        0  adc.o(i.HAL_ADC_MspInit)
    i.HAL_ADC_PollForConversion              0x080007a8   Section        0  stm32f1xx_hal_adc.o(i.HAL_ADC_PollForConversion)
    i.HAL_ADC_Start                          0x080008e4   Section        0  stm32f1xx_hal_adc.o(i.HAL_ADC_Start)
    i.HAL_Delay                              0x080009a4   Section        0  stm32f1xx_hal.o(i.HAL_Delay)
    i.HAL_GPIO_Init                          0x080009c8   Section        0  stm32f1xx_hal_gpio.o(i.HAL_GPIO_Init)
    i.HAL_GPIO_WritePin                      0x08000bc0   Section        0  stm32f1xx_hal_gpio.o(i.HAL_GPIO_WritePin)
    i.HAL_GetTick                            0x08000bcc   Section        0  stm32f1xx_hal.o(i.HAL_GetTick)
    i.HAL_IncTick                            0x08000bd8   Section        0  stm32f1xx_hal.o(i.HAL_IncTick)
    i.HAL_Init                               0x08000be8   Section        0  stm32f1xx_hal.o(i.HAL_Init)
    i.HAL_InitTick                           0x08000c0c   Section        0  stm32f1xx_hal.o(i.HAL_InitTick)
    i.HAL_MspInit                            0x08000c4c   Section        0  stm32f1xx_hal_msp.o(i.HAL_MspInit)
    i.HAL_NVIC_EnableIRQ                     0x08000c88   Section        0  stm32f1xx_hal_cortex.o(i.HAL_NVIC_EnableIRQ)
    i.HAL_NVIC_SetPriority                   0x08000ca4   Section        0  stm32f1xx_hal_cortex.o(i.HAL_NVIC_SetPriority)
    i.HAL_NVIC_SetPriorityGrouping           0x08000ce4   Section        0  stm32f1xx_hal_cortex.o(i.HAL_NVIC_SetPriorityGrouping)
    i.HAL_RCCEx_GetPeriphCLKFreq             0x08000d08   Section        0  stm32f1xx_hal_rcc_ex.o(i.HAL_RCCEx_GetPeriphCLKFreq)
    i.HAL_RCCEx_PeriphCLKConfig              0x08000dc0   Section        0  stm32f1xx_hal_rcc_ex.o(i.HAL_RCCEx_PeriphCLKConfig)
    i.HAL_RCC_ClockConfig                    0x08000eac   Section        0  stm32f1xx_hal_rcc.o(i.HAL_RCC_ClockConfig)
    i.HAL_RCC_GetPCLK1Freq                   0x08000fd8   Section        0  stm32f1xx_hal_rcc.o(i.HAL_RCC_GetPCLK1Freq)
    i.HAL_RCC_GetPCLK2Freq                   0x08000ff8   Section        0  stm32f1xx_hal_rcc.o(i.HAL_RCC_GetPCLK2Freq)
    i.HAL_RCC_GetSysClockFreq                0x08001018   Section        0  stm32f1xx_hal_rcc.o(i.HAL_RCC_GetSysClockFreq)
    i.HAL_RCC_OscConfig                      0x08001064   Section        0  stm32f1xx_hal_rcc.o(i.HAL_RCC_OscConfig)
    i.HAL_SPI_Init                           0x08001384   Section        0  stm32f1xx_hal_spi.o(i.HAL_SPI_Init)
    i.HAL_SPI_MspInit                        0x08001438   Section        0  spi.o(i.HAL_SPI_MspInit)
    i.HAL_SPI_Transmit                       0x080014e8   Section        0  stm32f1xx_hal_spi.o(i.HAL_SPI_Transmit)
    i.HAL_SYSTICK_Config                     0x0800164e   Section        0  stm32f1xx_hal_cortex.o(i.HAL_SYSTICK_Config)
    i.HAL_TIMEx_MasterConfigSynchronization  0x08001678   Section        0  stm32f1xx_hal_tim_ex.o(i.HAL_TIMEx_MasterConfigSynchronization)
    i.HAL_TIM_Base_Init                      0x080016f4   Section        0  stm32f1xx_hal_tim.o(i.HAL_TIM_Base_Init)
    i.HAL_TIM_Base_MspInit                   0x08001750   Section        0  tim.o(i.HAL_TIM_Base_MspInit)
    i.HAL_TIM_ConfigClockSource              0x080017a4   Section        0  stm32f1xx_hal_tim.o(i.HAL_TIM_ConfigClockSource)
    i.HAL_TIM_IC_ConfigChannel               0x08001880   Section        0  stm32f1xx_hal_tim.o(i.HAL_TIM_IC_ConfigChannel)
    i.HAL_TIM_IC_Init                        0x080019a4   Section        0  stm32f1xx_hal_tim.o(i.HAL_TIM_IC_Init)
    i.HAL_TIM_IC_MspInit                     0x080019fe   Section        0  stm32f1xx_hal_tim.o(i.HAL_TIM_IC_MspInit)
    i.HAL_TIM_MspPostInit                    0x08001a00   Section        0  tim.o(i.HAL_TIM_MspPostInit)
    i.HAL_TIM_PWM_ConfigChannel              0x08001a4c   Section        0  stm32f1xx_hal_tim.o(i.HAL_TIM_PWM_ConfigChannel)
    i.HAL_TIM_PWM_Init                       0x08001b18   Section        0  stm32f1xx_hal_tim.o(i.HAL_TIM_PWM_Init)
    i.HAL_TIM_PWM_MspInit                    0x08001b72   Section        0  stm32f1xx_hal_tim.o(i.HAL_TIM_PWM_MspInit)
    i.HAL_TIM_PWM_Start                      0x08001b74   Section        0  stm32f1xx_hal_tim.o(i.HAL_TIM_PWM_Start)
    i.HAL_UART_Init                          0x08001c28   Section        0  stm32f1xx_hal_uart.o(i.HAL_UART_Init)
    i.HAL_UART_MspInit                       0x08001c8c   Section        0  usart.o(i.HAL_UART_MspInit)
    i.HAL_UART_Transmit                      0x08001d38   Section        0  stm32f1xx_hal_uart.o(i.HAL_UART_Transmit)
    i.HardFault_Handler                      0x08001dd8   Section        0  stm32f1xx_it.o(i.HardFault_Handler)
    i.LCD_Address_Set                        0x08001dda   Section        0  st7789v2.o(i.LCD_Address_Set)
    i.LCD_Clear                              0x08001e2c   Section        0  st7789v2.o(i.LCD_Clear)
    i.LCD_Draw_Circle                        0x08001e84   Section        0  st7789v2.o(i.LCD_Draw_Circle)
    i.LCD_Draw_Point                         0x08001f54   Section        0  st7789v2.o(i.LCD_Draw_Point)
    i.LCD_Init                               0x08001f70   Section        0  st7789v2.o(i.LCD_Init)
    i.LCD_SPI_Send                           0x08002120   Section        0  st7789v2.o(i.LCD_SPI_Send)
    LCD_SPI_Send                             0x08002121   Thumb Code     4  st7789v2.o(i.LCD_SPI_Send)
    i.LCD_ShowChar                           0x08002124   Section        0  st7789v2.o(i.LCD_ShowChar)
    i.LCD_ShowString                         0x08002260   Section        0  st7789v2.o(i.LCD_ShowString)
    i.LCD_Write_Cmd                          0x080022ac   Section        0  st7789v2.o(i.LCD_Write_Cmd)
    LCD_Write_Cmd                            0x080022ad   Thumb Code    22  st7789v2.o(i.LCD_Write_Cmd)
    i.LCD_Write_Data                         0x080022c8   Section        0  st7789v2.o(i.LCD_Write_Data)
    LCD_Write_Data                           0x080022c9   Thumb Code    22  st7789v2.o(i.LCD_Write_Data)
    i.LCD_Write_HalfWord                     0x080022e4   Section        0  st7789v2.o(i.LCD_Write_HalfWord)
    i.LookupTable                            0x0800230c   Section        0  ntc.o(i.LookupTable)
    i.MX_ADC1_Init                           0x08002350   Section        0  adc.o(i.MX_ADC1_Init)
    i.MX_GPIO_Init                           0x080023f8   Section        0  gpio.o(i.MX_GPIO_Init)
    i.MX_SPI1_Init                           0x08002510   Section        0  spi.o(i.MX_SPI1_Init)
    i.MX_SPI2_Init                           0x08002558   Section        0  spi.o(i.MX_SPI2_Init)
    i.MX_TIM4_Init                           0x0800259c   Section        0  tim.o(i.MX_TIM4_Init)
    i.MX_USART1_UART_Init                    0x080026a0   Section        0  usart.o(i.MX_USART1_UART_Init)
    i.MX_USART2_UART_Init                    0x080026d8   Section        0  usart.o(i.MX_USART2_UART_Init)
    i.MemManage_Handler                      0x08002710   Section        0  stm32f1xx_it.o(i.MemManage_Handler)
    i.NMI_Handler                            0x08002712   Section        0  stm32f1xx_it.o(i.NMI_Handler)
    i.PendSV_Handler                         0x08002714   Section        0  stm32f1xx_it.o(i.PendSV_Handler)
    i.SPI1_WriteByte                         0x08002718   Section        0  spi.o(i.SPI1_WriteByte)
    i.SPI_EndRxTxTransaction                 0x08002728   Section        0  stm32f1xx_hal_spi.o(i.SPI_EndRxTxTransaction)
    SPI_EndRxTxTransaction                   0x08002729   Thumb Code    52  stm32f1xx_hal_spi.o(i.SPI_EndRxTxTransaction)
    i.SPI_WaitFlagStateUntilTimeout          0x0800275c   Section        0  stm32f1xx_hal_spi.o(i.SPI_WaitFlagStateUntilTimeout)
    SPI_WaitFlagStateUntilTimeout            0x0800275d   Thumb Code   180  stm32f1xx_hal_spi.o(i.SPI_WaitFlagStateUntilTimeout)
    i.SVC_Handler                            0x08002814   Section        0  stm32f1xx_it.o(i.SVC_Handler)
    i.SysTick_Handler                        0x08002816   Section        0  stm32f1xx_it.o(i.SysTick_Handler)
    i.SystemClock_Config                     0x0800281a   Section        0  main.o(i.SystemClock_Config)
    i.SystemInit                             0x08002894   Section        0  system_stm32f1xx.o(i.SystemInit)
    i.TIM_Base_SetConfig                     0x08002898   Section        0  stm32f1xx_hal_tim.o(i.TIM_Base_SetConfig)
    i.TIM_CCxChannelCmd                      0x08002934   Section        0  stm32f1xx_hal_tim.o(i.TIM_CCxChannelCmd)
    i.TIM_ETR_SetConfig                      0x0800294e   Section        0  stm32f1xx_hal_tim.o(i.TIM_ETR_SetConfig)
    i.TIM_ITRx_SetConfig                     0x08002962   Section        0  stm32f1xx_hal_tim.o(i.TIM_ITRx_SetConfig)
    TIM_ITRx_SetConfig                       0x08002963   Thumb Code    16  stm32f1xx_hal_tim.o(i.TIM_ITRx_SetConfig)
    i.TIM_OC1_SetConfig                      0x08002974   Section        0  stm32f1xx_hal_tim.o(i.TIM_OC1_SetConfig)
    TIM_OC1_SetConfig                        0x08002975   Thumb Code    88  stm32f1xx_hal_tim.o(i.TIM_OC1_SetConfig)
    i.TIM_OC2_SetConfig                      0x080029d4   Section        0  stm32f1xx_hal_tim.o(i.TIM_OC2_SetConfig)
    i.TIM_OC3_SetConfig                      0x08002a40   Section        0  stm32f1xx_hal_tim.o(i.TIM_OC3_SetConfig)
    TIM_OC3_SetConfig                        0x08002a41   Thumb Code    96  stm32f1xx_hal_tim.o(i.TIM_OC3_SetConfig)
    i.TIM_OC4_SetConfig                      0x08002aa8   Section        0  stm32f1xx_hal_tim.o(i.TIM_OC4_SetConfig)
    TIM_OC4_SetConfig                        0x08002aa9   Thumb Code    70  stm32f1xx_hal_tim.o(i.TIM_OC4_SetConfig)
    i.TIM_TI1_ConfigInputStage               0x08002af8   Section        0  stm32f1xx_hal_tim.o(i.TIM_TI1_ConfigInputStage)
    TIM_TI1_ConfigInputStage                 0x08002af9   Thumb Code    34  stm32f1xx_hal_tim.o(i.TIM_TI1_ConfigInputStage)
    i.TIM_TI1_SetConfig                      0x08002b1c   Section        0  stm32f1xx_hal_tim.o(i.TIM_TI1_SetConfig)
    i.TIM_TI2_ConfigInputStage               0x08002b88   Section        0  stm32f1xx_hal_tim.o(i.TIM_TI2_ConfigInputStage)
    TIM_TI2_ConfigInputStage                 0x08002b89   Thumb Code    36  stm32f1xx_hal_tim.o(i.TIM_TI2_ConfigInputStage)
    i.TIM_TI2_SetConfig                      0x08002bac   Section        0  stm32f1xx_hal_tim.o(i.TIM_TI2_SetConfig)
    TIM_TI2_SetConfig                        0x08002bad   Thumb Code    54  stm32f1xx_hal_tim.o(i.TIM_TI2_SetConfig)
    i.UART_EndRxTransfer                     0x08002be2   Section        0  stm32f1xx_hal_uart.o(i.UART_EndRxTransfer)
    UART_EndRxTransfer                       0x08002be3   Thumb Code    78  stm32f1xx_hal_uart.o(i.UART_EndRxTransfer)
    i.UART_SetConfig                         0x08002c30   Section        0  stm32f1xx_hal_uart.o(i.UART_SetConfig)
    UART_SetConfig                           0x08002c31   Thumb Code   178  stm32f1xx_hal_uart.o(i.UART_SetConfig)
    i.UART_WaitOnFlagUntilTimeout            0x08002ce8   Section        0  stm32f1xx_hal_uart.o(i.UART_WaitOnFlagUntilTimeout)
    UART_WaitOnFlagUntilTimeout              0x08002ce9   Thumb Code   114  stm32f1xx_hal_uart.o(i.UART_WaitOnFlagUntilTimeout)
    i.UsageFault_Handler                     0x08002d5a   Section        0  stm32f1xx_it.o(i.UsageFault_Handler)
    i.__0printf$1                            0x08002d5c   Section        0  printf1.o(i.__0printf$1)
    i.__NVIC_SetPriority                     0x08002d7c   Section        0  stm32f1xx_hal_cortex.o(i.__NVIC_SetPriority)
    __NVIC_SetPriority                       0x08002d7d   Thumb Code    32  stm32f1xx_hal_cortex.o(i.__NVIC_SetPriority)
    i.__scatterload_copy                     0x08002d9c   Section       14  handlers.o(i.__scatterload_copy)
    i.__scatterload_null                     0x08002daa   Section        2  handlers.o(i.__scatterload_null)
    i.__scatterload_zeroinit                 0x08002dac   Section       14  handlers.o(i.__scatterload_zeroinit)
    i._printf_core                           0x08002dbc   Section        0  printf1.o(i._printf_core)
    _printf_core                             0x08002dbd   Thumb Code   336  printf1.o(i._printf_core)
    i.fputc                                  0x08002f10   Section        0  main.o(i.fputc)
    i.get_temp                               0x08002f28   Section        0  ntc.o(i.get_temp)
    i.main                                   0x08003014   Section        0  main.o(i.main)
    i.temp_crl                               0x08003170   Section        0  temp.o(i.temp_crl)
    .constdata                               0x080031cc   Section       18  stm32f1xx_hal_rcc.o(.constdata)
    aPredivFactorTable                       0x080031cc   Data           2  stm32f1xx_hal_rcc.o(.constdata)
    aPLLMULFactorTable                       0x080031ce   Data          16  stm32f1xx_hal_rcc.o(.constdata)
    .constdata                               0x080031de   Section       18  stm32f1xx_hal_rcc_ex.o(.constdata)
    aPredivFactorTable                       0x080031de   Data           2  stm32f1xx_hal_rcc_ex.o(.constdata)
    aPLLMULFactorTable                       0x080031e0   Data          16  stm32f1xx_hal_rcc_ex.o(.constdata)
    .constdata                               0x080031f0   Section       16  system_stm32f1xx.o(.constdata)
    .constdata                               0x08003200   Section        8  system_stm32f1xx.o(.constdata)
    .constdata                               0x08003208   Section    19380  st7789v2.o(.constdata)
    .data                                    0x20000000   Section       12  stm32f1xx_hal.o(.data)
    .data                                    0x2000000c   Section        4  system_stm32f1xx.o(.data)
    .data                                    0x20000010   Section        4  st7789v2.o(.data)
    .data                                    0x20000014   Section      336  ntc.o(.data)
    temp                                     0x20000014   Data           4  ntc.o(.data)
    MF52E_tab                                0x20000018   Data         332  ntc.o(.data)
    .data                                    0x20000164   Section        8  temp.o(.data)
    temp1                                    0x20000164   Data           1  temp.o(.data)
    temp2                                    0x20000165   Data           1  temp.o(.data)
    temp3                                    0x20000166   Data           1  temp.o(.data)
    temp4                                    0x20000167   Data           1  temp.o(.data)
    temp                                     0x20000168   Data           4  temp.o(.data)
    .data                                    0x2000016c   Section        4  stdout.o(.data)
    .bss                                     0x20000170   Section       48  adc.o(.bss)
    .bss                                     0x200001a0   Section      176  spi.o(.bss)
    .bss                                     0x20000250   Section       72  tim.o(.bss)
    .bss                                     0x20000298   Section      144  usart.o(.bss)
    .bss                                     0x20000328   Section     1536  st7789v2.o(.bss)
    lcd_buf                                  0x20000328   Data        1536  st7789v2.o(.bss)
    STACK                                    0x20000928   Section     1024  startup_stm32f103xe.o(STACK)

    Global Symbols

    Symbol Name                              Value     Ov Type        Size  Object(Section)

    BuildAttributes$$THM_ISAv4$P$D$K$B$S$PE$A:L22UL41UL21$X:L11$S22US41US21$IEEE1$IW$USESV6$~STKCKD$USESV7$~SHL$OSPACE$ROPI$EBA8$MICROLIB$REQ8$PRES8$EABIv2 0x00000000   Number         0  anon$$obj.o ABSOLUTE
    __ARM_use_no_argv                        0x00000000   Number         0  main.o ABSOLUTE
    _printf_a                                0x00000000   Number         0  stubs.o ABSOLUTE
    _printf_c                                0x00000000   Number         0  stubs.o ABSOLUTE
    _printf_charcount                        0x00000000   Number         0  stubs.o ABSOLUTE
    _printf_d                                0x00000000   Number         0  stubs.o ABSOLUTE
    _printf_e                                0x00000000   Number         0  stubs.o ABSOLUTE
    _printf_f                                0x00000000   Number         0  stubs.o ABSOLUTE
    _printf_flags                            0x00000000   Number         0  stubs.o ABSOLUTE
    _printf_fp_dec                           0x00000000   Number         0  stubs.o ABSOLUTE
    _printf_fp_hex                           0x00000000   Number         0  stubs.o ABSOLUTE
    _printf_g                                0x00000000   Number         0  stubs.o ABSOLUTE
    _printf_i                                0x00000000   Number         0  stubs.o ABSOLUTE
    _printf_int_dec                          0x00000000   Number         0  stubs.o ABSOLUTE
    _printf_l                                0x00000000   Number         0  stubs.o ABSOLUTE
    _printf_lc                               0x00000000   Number         0  stubs.o ABSOLUTE
    _printf_ll                               0x00000000   Number         0  stubs.o ABSOLUTE
    _printf_lld                              0x00000000   Number         0  stubs.o ABSOLUTE
    _printf_lli                              0x00000000   Number         0  stubs.o ABSOLUTE
    _printf_llo                              0x00000000   Number         0  stubs.o ABSOLUTE
    _printf_llu                              0x00000000   Number         0  stubs.o ABSOLUTE
    _printf_llx                              0x00000000   Number         0  stubs.o ABSOLUTE
    _printf_longlong_dec                     0x00000000   Number         0  stubs.o ABSOLUTE
    _printf_longlong_hex                     0x00000000   Number         0  stubs.o ABSOLUTE
    _printf_longlong_oct                     0x00000000   Number         0  stubs.o ABSOLUTE
    _printf_ls                               0x00000000   Number         0  stubs.o ABSOLUTE
    _printf_mbtowc                           0x00000000   Number         0  stubs.o ABSOLUTE
    _printf_n                                0x00000000   Number         0  stubs.o ABSOLUTE
    _printf_o                                0x00000000   Number         0  stubs.o ABSOLUTE
    _printf_p                                0x00000000   Number         0  stubs.o ABSOLUTE
    _printf_percent                          0x00000000   Number         0  stubs.o ABSOLUTE
    _printf_pre_padding                      0x00000000   Number         0  stubs.o ABSOLUTE
    _printf_return_value                     0x00000000   Number         0  stubs.o ABSOLUTE
    _printf_s                                0x00000000   Number         0  stubs.o ABSOLUTE
    _printf_sizespec                         0x00000000   Number         0  stubs.o ABSOLUTE
    _printf_str                              0x00000000   Number         0  stubs.o ABSOLUTE
    _printf_truncate_signed                  0x00000000   Number         0  stubs.o ABSOLUTE
    _printf_truncate_unsigned                0x00000000   Number         0  stubs.o ABSOLUTE
    _printf_u                                0x00000000   Number         0  stubs.o ABSOLUTE
    _printf_wc                               0x00000000   Number         0  stubs.o ABSOLUTE
    _printf_wctomb                           0x00000000   Number         0  stubs.o ABSOLUTE
    _printf_widthprec                        0x00000000   Number         0  stubs.o ABSOLUTE
    _printf_x                                0x00000000   Number         0  stubs.o ABSOLUTE
    __arm_fini_                               - Undefined Weak Reference
    __cpp_initialize__aeabi_                  - Undefined Weak Reference
    __cxa_finalize                            - Undefined Weak Reference
    _clock_init                               - Undefined Weak Reference
    _microlib_exit                            - Undefined Weak Reference
    __Vectors_Size                           0x00000130   Number         0  startup_stm32f103xe.o ABSOLUTE
    __Vectors                                0x08000000   Data           4  startup_stm32f103xe.o(RESET)
    __Vectors_End                            0x08000130   Data           0  startup_stm32f103xe.o(RESET)
    __main                                   0x08000131   Thumb Code     0  entry.o(.ARM.Collect$$$$00000000)
    _main_stk                                0x08000131   Thumb Code     0  entry2.o(.ARM.Collect$$$$00000001)
    _main_scatterload                        0x08000135   Thumb Code     0  entry5.o(.ARM.Collect$$$$00000004)
    __main_after_scatterload                 0x08000139   Thumb Code     0  entry5.o(.ARM.Collect$$$$00000004)
    _main_clock                              0x08000139   Thumb Code     0  entry7b.o(.ARM.Collect$$$$00000008)
    _main_cpp_init                           0x08000139   Thumb Code     0  entry8b.o(.ARM.Collect$$$$0000000A)
    _main_init                               0x08000139   Thumb Code     0  entry9a.o(.ARM.Collect$$$$0000000B)
    __rt_lib_shutdown_fini                   0x08000141   Thumb Code     0  entry12b.o(.ARM.Collect$$$$0000000E)
    __rt_final_cpp                           0x08000145   Thumb Code     0  entry10a.o(.ARM.Collect$$$$0000000F)
    __rt_final_exit                          0x08000145   Thumb Code     0  entry11a.o(.ARM.Collect$$$$00000011)
    Reset_Handler                            0x08000149   Thumb Code     8  startup_stm32f103xe.o(.text)
    ADC3_IRQHandler                          0x08000163   Thumb Code     0  startup_stm32f103xe.o(.text)
    CAN1_RX1_IRQHandler                      0x08000163   Thumb Code     0  startup_stm32f103xe.o(.text)
    CAN1_SCE_IRQHandler                      0x08000163   Thumb Code     0  startup_stm32f103xe.o(.text)
    DMA1_Channel1_IRQHandler                 0x08000163   Thumb Code     0  startup_stm32f103xe.o(.text)
    DMA1_Channel2_IRQHandler                 0x08000163   Thumb Code     0  startup_stm32f103xe.o(.text)
    DMA1_Channel3_IRQHandler                 0x08000163   Thumb Code     0  startup_stm32f103xe.o(.text)
    DMA1_Channel4_IRQHandler                 0x08000163   Thumb Code     0  startup_stm32f103xe.o(.text)
    DMA1_Channel5_IRQHandler                 0x08000163   Thumb Code     0  startup_stm32f103xe.o(.text)
    DMA1_Channel6_IRQHandler                 0x08000163   Thumb Code     0  startup_stm32f103xe.o(.text)
    DMA1_Channel7_IRQHandler                 0x08000163   Thumb Code     0  startup_stm32f103xe.o(.text)
    DMA2_Channel1_IRQHandler                 0x08000163   Thumb Code     0  startup_stm32f103xe.o(.text)
    DMA2_Channel2_IRQHandler                 0x08000163   Thumb Code     0  startup_stm32f103xe.o(.text)
    DMA2_Channel3_IRQHandler                 0x08000163   Thumb Code     0  startup_stm32f103xe.o(.text)
    DMA2_Channel4_5_IRQHandler               0x08000163   Thumb Code     0  startup_stm32f103xe.o(.text)
    EXTI0_IRQHandler                         0x08000163   Thumb Code     0  startup_stm32f103xe.o(.text)
    EXTI15_10_IRQHandler                     0x08000163   Thumb Code     0  startup_stm32f103xe.o(.text)
    EXTI1_IRQHandler                         0x08000163   Thumb Code     0  startup_stm32f103xe.o(.text)
    EXTI2_IRQHandler                         0x08000163   Thumb Code     0  startup_stm32f103xe.o(.text)
    EXTI3_IRQHandler                         0x08000163   Thumb Code     0  startup_stm32f103xe.o(.text)
    EXTI4_IRQHandler                         0x08000163   Thumb Code     0  startup_stm32f103xe.o(.text)
    EXTI9_5_IRQHandler                       0x08000163   Thumb Code     0  startup_stm32f103xe.o(.text)
    FLASH_IRQHandler                         0x08000163   Thumb Code     0  startup_stm32f103xe.o(.text)
    FSMC_IRQHandler                          0x08000163   Thumb Code     0  startup_stm32f103xe.o(.text)
    I2C1_ER_IRQHandler                       0x08000163   Thumb Code     0  startup_stm32f103xe.o(.text)
    I2C1_EV_IRQHandler                       0x08000163   Thumb Code     0  startup_stm32f103xe.o(.text)
    I2C2_ER_IRQHandler                       0x08000163   Thumb Code     0  startup_stm32f103xe.o(.text)
    I2C2_EV_IRQHandler                       0x08000163   Thumb Code     0  startup_stm32f103xe.o(.text)
    PVD_IRQHandler                           0x08000163   Thumb Code     0  startup_stm32f103xe.o(.text)
    RCC_IRQHandler                           0x08000163   Thumb Code     0  startup_stm32f103xe.o(.text)
    RTC_Alarm_IRQHandler                     0x08000163   Thumb Code     0  startup_stm32f103xe.o(.text)
    RTC_IRQHandler                           0x08000163   Thumb Code     0  startup_stm32f103xe.o(.text)
    SDIO_IRQHandler                          0x08000163   Thumb Code     0  startup_stm32f103xe.o(.text)
    SPI1_IRQHandler                          0x08000163   Thumb Code     0  startup_stm32f103xe.o(.text)
    SPI2_IRQHandler                          0x08000163   Thumb Code     0  startup_stm32f103xe.o(.text)
    SPI3_IRQHandler                          0x08000163   Thumb Code     0  startup_stm32f103xe.o(.text)
    TAMPER_IRQHandler                        0x08000163   Thumb Code     0  startup_stm32f103xe.o(.text)
    TIM1_BRK_IRQHandler                      0x08000163   Thumb Code     0  startup_stm32f103xe.o(.text)
    TIM1_CC_IRQHandler                       0x08000163   Thumb Code     0  startup_stm32f103xe.o(.text)
    TIM1_TRG_COM_IRQHandler                  0x08000163   Thumb Code     0  startup_stm32f103xe.o(.text)
    TIM1_UP_IRQHandler                       0x08000163   Thumb Code     0  startup_stm32f103xe.o(.text)
    TIM2_IRQHandler                          0x08000163   Thumb Code     0  startup_stm32f103xe.o(.text)
    TIM3_IRQHandler                          0x08000163   Thumb Code     0  startup_stm32f103xe.o(.text)
    TIM4_IRQHandler                          0x08000163   Thumb Code     0  startup_stm32f103xe.o(.text)
    TIM5_IRQHandler                          0x08000163   Thumb Code     0  startup_stm32f103xe.o(.text)
    TIM6_IRQHandler                          0x08000163   Thumb Code     0  startup_stm32f103xe.o(.text)
    TIM7_IRQHandler                          0x08000163   Thumb Code     0  startup_stm32f103xe.o(.text)
    TIM8_BRK_IRQHandler                      0x08000163   Thumb Code     0  startup_stm32f103xe.o(.text)
    TIM8_CC_IRQHandler                       0x08000163   Thumb Code     0  startup_stm32f103xe.o(.text)
    TIM8_TRG_COM_IRQHandler                  0x08000163   Thumb Code     0  startup_stm32f103xe.o(.text)
    TIM8_UP_IRQHandler                       0x08000163   Thumb Code     0  startup_stm32f103xe.o(.text)
    UART4_IRQHandler                         0x08000163   Thumb Code     0  startup_stm32f103xe.o(.text)
    UART5_IRQHandler                         0x08000163   Thumb Code     0  startup_stm32f103xe.o(.text)
    USART1_IRQHandler                        0x08000163   Thumb Code     0  startup_stm32f103xe.o(.text)
    USART2_IRQHandler                        0x08000163   Thumb Code     0  startup_stm32f103xe.o(.text)
    USART3_IRQHandler                        0x08000163   Thumb Code     0  startup_stm32f103xe.o(.text)
    USBWakeUp_IRQHandler                     0x08000163   Thumb Code     0  startup_stm32f103xe.o(.text)
    USB_HP_CAN1_TX_IRQHandler                0x08000163   Thumb Code     0  startup_stm32f103xe.o(.text)
    USB_LP_CAN1_RX0_IRQHandler               0x08000163   Thumb Code     0  startup_stm32f103xe.o(.text)
    WWDG_IRQHandler                          0x08000163   Thumb Code     0  startup_stm32f103xe.o(.text)
    __aeabi_memset                           0x0800016d   Thumb Code    14  memseta.o(.text)
    __aeabi_memset4                          0x0800016d   Thumb Code     0  memseta.o(.text)
    __aeabi_memset8                          0x0800016d   Thumb Code     0  memseta.o(.text)
    __aeabi_memclr                           0x0800017b   Thumb Code     4  memseta.o(.text)
    __aeabi_memclr4                          0x0800017b   Thumb Code     0  memseta.o(.text)
    __aeabi_memclr8                          0x0800017b   Thumb Code     0  memseta.o(.text)
    _memset$wrapper                          0x0800017f   Thumb Code    18  memseta.o(.text)
    __aeabi_uidiv                            0x08000191   Thumb Code     0  uidiv.o(.text)
    __aeabi_uidivmod                         0x08000191   Thumb Code    44  uidiv.o(.text)
    __scatterload                            0x080001bd   Thumb Code    28  init.o(.text)
    __scatterload_rt2                        0x080001bd   Thumb Code     0  init.o(.text)
    __decompress                             0x080001e1   Thumb Code     0  __dczerorl.o(.text)
    __decompress0                            0x080001e1   Thumb Code    58  __dczerorl.o(.text)
    ADC1_2_IRQHandler                        0x0800021d   Thumb Code     6  stm32f1xx_it.o(i.ADC1_2_IRQHandler)
    ADC_ConversionStop_Disable               0x08000229   Thumb Code    86  stm32f1xx_hal_adc.o(i.ADC_ConversionStop_Disable)
    ADC_Enable                               0x08000281   Thumb Code   114  stm32f1xx_hal_adc.o(i.ADC_Enable)
    BusFault_Handler                         0x080002fd   Thumb Code     2  stm32f1xx_it.o(i.BusFault_Handler)
    DebugMon_Handler                         0x080002ff   Thumb Code     2  stm32f1xx_it.o(i.DebugMon_Handler)
    Error_Handler                            0x08000301   Thumb Code     4  main.o(i.Error_Handler)
    Get_ADC12bitResult                       0x08000305   Thumb Code    48  adc.o(i.Get_ADC12bitResult)
    HAL_ADCEx_Calibration_Start              0x08000339   Thumb Code   210  stm32f1xx_hal_adc_ex.o(i.HAL_ADCEx_Calibration_Start)
    HAL_ADCEx_InjectedConvCpltCallback       0x08000411   Thumb Code     2  stm32f1xx_hal_adc_ex.o(i.HAL_ADCEx_InjectedConvCpltCallback)
    HAL_ADC_ConfigChannel                    0x08000415   Thumb Code   240  stm32f1xx_hal_adc.o(i.HAL_ADC_ConfigChannel)
    HAL_ADC_ConvCpltCallback                 0x08000511   Thumb Code     2  stm32f1xx_hal_adc.o(i.HAL_ADC_ConvCpltCallback)
    HAL_ADC_GetState                         0x08000513   Thumb Code     4  stm32f1xx_hal_adc.o(i.HAL_ADC_GetState)
    HAL_ADC_GetValue                         0x08000517   Thumb Code     6  stm32f1xx_hal_adc.o(i.HAL_ADC_GetValue)
    HAL_ADC_IRQHandler                       0x0800051d   Thumb Code   220  stm32f1xx_hal_adc.o(i.HAL_ADC_IRQHandler)
    HAL_ADC_Init                             0x080005f9   Thumb Code   272  stm32f1xx_hal_adc.o(i.HAL_ADC_Init)
    HAL_ADC_LevelOutOfWindowCallback         0x08000719   Thumb Code     2  stm32f1xx_hal_adc.o(i.HAL_ADC_LevelOutOfWindowCallback)
    HAL_ADC_MspInit                          0x0800071d   Thumb Code   122  adc.o(i.HAL_ADC_MspInit)
    HAL_ADC_PollForConversion                0x080007a9   Thumb Code   304  stm32f1xx_hal_adc.o(i.HAL_ADC_PollForConversion)
    HAL_ADC_Start                            0x080008e5   Thumb Code   184  stm32f1xx_hal_adc.o(i.HAL_ADC_Start)
    HAL_Delay                                0x080009a5   Thumb Code    32  stm32f1xx_hal.o(i.HAL_Delay)
    HAL_GPIO_Init                            0x080009c9   Thumb Code   462  stm32f1xx_hal_gpio.o(i.HAL_GPIO_Init)
    HAL_GPIO_WritePin                        0x08000bc1   Thumb Code    10  stm32f1xx_hal_gpio.o(i.HAL_GPIO_WritePin)
    HAL_GetTick                              0x08000bcd   Thumb Code     6  stm32f1xx_hal.o(i.HAL_GetTick)
    HAL_IncTick                              0x08000bd9   Thumb Code    12  stm32f1xx_hal.o(i.HAL_IncTick)
    HAL_Init                                 0x08000be9   Thumb Code    32  stm32f1xx_hal.o(i.HAL_Init)
    HAL_InitTick                             0x08000c0d   Thumb Code    54  stm32f1xx_hal.o(i.HAL_InitTick)
    HAL_MspInit                              0x08000c4d   Thumb Code    52  stm32f1xx_hal_msp.o(i.HAL_MspInit)
    HAL_NVIC_EnableIRQ                       0x08000c89   Thumb Code    26  stm32f1xx_hal_cortex.o(i.HAL_NVIC_EnableIRQ)
    HAL_NVIC_SetPriority                     0x08000ca5   Thumb Code    60  stm32f1xx_hal_cortex.o(i.HAL_NVIC_SetPriority)
    HAL_NVIC_SetPriorityGrouping             0x08000ce5   Thumb Code    26  stm32f1xx_hal_cortex.o(i.HAL_NVIC_SetPriorityGrouping)
    HAL_RCCEx_GetPeriphCLKFreq               0x08000d09   Thumb Code   166  stm32f1xx_hal_rcc_ex.o(i.HAL_RCCEx_GetPeriphCLKFreq)
    HAL_RCCEx_PeriphCLKConfig                0x08000dc1   Thumb Code   224  stm32f1xx_hal_rcc_ex.o(i.HAL_RCCEx_PeriphCLKConfig)
    HAL_RCC_ClockConfig                      0x08000ead   Thumb Code   280  stm32f1xx_hal_rcc.o(i.HAL_RCC_ClockConfig)
    HAL_RCC_GetPCLK1Freq                     0x08000fd9   Thumb Code    20  stm32f1xx_hal_rcc.o(i.HAL_RCC_GetPCLK1Freq)
    HAL_RCC_GetPCLK2Freq                     0x08000ff9   Thumb Code    20  stm32f1xx_hal_rcc.o(i.HAL_RCC_GetPCLK2Freq)
    HAL_RCC_GetSysClockFreq                  0x08001019   Thumb Code    58  stm32f1xx_hal_rcc.o(i.HAL_RCC_GetSysClockFreq)
    HAL_RCC_OscConfig                        0x08001065   Thumb Code   778  stm32f1xx_hal_rcc.o(i.HAL_RCC_OscConfig)
    HAL_SPI_Init                             0x08001385   Thumb Code   178  stm32f1xx_hal_spi.o(i.HAL_SPI_Init)
    HAL_SPI_MspInit                          0x08001439   Thumb Code   154  spi.o(i.HAL_SPI_MspInit)
    HAL_SPI_Transmit                         0x080014e9   Thumb Code   358  stm32f1xx_hal_spi.o(i.HAL_SPI_Transmit)
    HAL_SYSTICK_Config                       0x0800164f   Thumb Code    40  stm32f1xx_hal_cortex.o(i.HAL_SYSTICK_Config)
    HAL_TIMEx_MasterConfigSynchronization    0x08001679   Thumb Code   104  stm32f1xx_hal_tim_ex.o(i.HAL_TIMEx_MasterConfigSynchronization)
    HAL_TIM_Base_Init                        0x080016f5   Thumb Code    90  stm32f1xx_hal_tim.o(i.HAL_TIM_Base_Init)
    HAL_TIM_Base_MspInit                     0x08001751   Thumb Code    72  tim.o(i.HAL_TIM_Base_MspInit)
    HAL_TIM_ConfigClockSource                0x080017a5   Thumb Code   220  stm32f1xx_hal_tim.o(i.HAL_TIM_ConfigClockSource)
    HAL_TIM_IC_ConfigChannel                 0x08001881   Thumb Code   292  stm32f1xx_hal_tim.o(i.HAL_TIM_IC_ConfigChannel)
    HAL_TIM_IC_Init                          0x080019a5   Thumb Code    90  stm32f1xx_hal_tim.o(i.HAL_TIM_IC_Init)
    HAL_TIM_IC_MspInit                       0x080019ff   Thumb Code     2  stm32f1xx_hal_tim.o(i.HAL_TIM_IC_MspInit)
    HAL_TIM_MspPostInit                      0x08001a01   Thumb Code    64  tim.o(i.HAL_TIM_MspPostInit)
    HAL_TIM_PWM_ConfigChannel                0x08001a4d   Thumb Code   204  stm32f1xx_hal_tim.o(i.HAL_TIM_PWM_ConfigChannel)
    HAL_TIM_PWM_Init                         0x08001b19   Thumb Code    90  stm32f1xx_hal_tim.o(i.HAL_TIM_PWM_Init)
    HAL_TIM_PWM_MspInit                      0x08001b73   Thumb Code     2  stm32f1xx_hal_tim.o(i.HAL_TIM_PWM_MspInit)
    HAL_TIM_PWM_Start                        0x08001b75   Thumb Code   160  stm32f1xx_hal_tim.o(i.HAL_TIM_PWM_Start)
    HAL_UART_Init                            0x08001c29   Thumb Code   100  stm32f1xx_hal_uart.o(i.HAL_UART_Init)
    HAL_UART_MspInit                         0x08001c8d   Thumb Code   156  usart.o(i.HAL_UART_MspInit)
    HAL_UART_Transmit                        0x08001d39   Thumb Code   160  stm32f1xx_hal_uart.o(i.HAL_UART_Transmit)
    HardFault_Handler                        0x08001dd9   Thumb Code     2  stm32f1xx_it.o(i.HardFault_Handler)
    LCD_Address_Set                          0x08001ddb   Thumb Code    82  st7789v2.o(i.LCD_Address_Set)
    LCD_Clear                                0x08001e2d   Thumb Code    80  st7789v2.o(i.LCD_Clear)
    LCD_Draw_Circle                          0x08001e85   Thumb Code   206  st7789v2.o(i.LCD_Draw_Circle)
    LCD_Draw_Point                           0x08001f55   Thumb Code    22  st7789v2.o(i.LCD_Draw_Point)
    LCD_Init                                 0x08001f71   Thumb Code   428  st7789v2.o(i.LCD_Init)
    LCD_ShowChar                             0x08002125   Thumb Code   300  st7789v2.o(i.LCD_ShowChar)
    LCD_ShowString                           0x08002261   Thumb Code    76  st7789v2.o(i.LCD_ShowString)
    LCD_Write_HalfWord                       0x080022e5   Thumb Code    36  st7789v2.o(i.LCD_Write_HalfWord)
    LookupTable                              0x0800230d   Thumb Code    60  ntc.o(i.LookupTable)
    MX_ADC1_Init                             0x08002351   Thumb Code   160  adc.o(i.MX_ADC1_Init)
    MX_GPIO_Init                             0x080023f9   Thumb Code   258  gpio.o(i.MX_GPIO_Init)
    MX_SPI1_Init                             0x08002511   Thumb Code    62  spi.o(i.MX_SPI1_Init)
    MX_SPI2_Init                             0x08002559   Thumb Code    60  spi.o(i.MX_SPI2_Init)
    MX_TIM4_Init                             0x0800259d   Thumb Code   252  tim.o(i.MX_TIM4_Init)
    MX_USART1_UART_Init                      0x080026a1   Thumb Code    48  usart.o(i.MX_USART1_UART_Init)
    MX_USART2_UART_Init                      0x080026d9   Thumb Code    48  usart.o(i.MX_USART2_UART_Init)
    MemManage_Handler                        0x08002711   Thumb Code     2  stm32f1xx_it.o(i.MemManage_Handler)
    NMI_Handler                              0x08002713   Thumb Code     2  stm32f1xx_it.o(i.NMI_Handler)
    PendSV_Handler                           0x08002715   Thumb Code     2  stm32f1xx_it.o(i.PendSV_Handler)
    SPI1_WriteByte                           0x08002719   Thumb Code    12  spi.o(i.SPI1_WriteByte)
    SVC_Handler                              0x08002815   Thumb Code     2  stm32f1xx_it.o(i.SVC_Handler)
    SysTick_Handler                          0x08002817   Thumb Code     4  stm32f1xx_it.o(i.SysTick_Handler)
    SystemClock_Config                       0x0800281b   Thumb Code   122  main.o(i.SystemClock_Config)
    SystemInit                               0x08002895   Thumb Code     2  system_stm32f1xx.o(i.SystemInit)
    TIM_Base_SetConfig                       0x08002899   Thumb Code   134  stm32f1xx_hal_tim.o(i.TIM_Base_SetConfig)
    TIM_CCxChannelCmd                        0x08002935   Thumb Code    26  stm32f1xx_hal_tim.o(i.TIM_CCxChannelCmd)
    TIM_ETR_SetConfig                        0x0800294f   Thumb Code    20  stm32f1xx_hal_tim.o(i.TIM_ETR_SetConfig)
    TIM_OC2_SetConfig                        0x080029d5   Thumb Code    98  stm32f1xx_hal_tim.o(i.TIM_OC2_SetConfig)
    TIM_TI1_SetConfig                        0x08002b1d   Thumb Code    88  stm32f1xx_hal_tim.o(i.TIM_TI1_SetConfig)
    UsageFault_Handler                       0x08002d5b   Thumb Code     2  stm32f1xx_it.o(i.UsageFault_Handler)
    __0printf$1                              0x08002d5d   Thumb Code    22  printf1.o(i.__0printf$1)
    __1printf$1                              0x08002d5d   Thumb Code     0  printf1.o(i.__0printf$1)
    __2printf                                0x08002d5d   Thumb Code     0  printf1.o(i.__0printf$1)
    __scatterload_copy                       0x08002d9d   Thumb Code    14  handlers.o(i.__scatterload_copy)
    __scatterload_null                       0x08002dab   Thumb Code     2  handlers.o(i.__scatterload_null)
    __scatterload_zeroinit                   0x08002dad   Thumb Code    14  handlers.o(i.__scatterload_zeroinit)
    fputc                                    0x08002f11   Thumb Code    20  main.o(i.fputc)
    get_temp                                 0x08002f29   Thumb Code   178  ntc.o(i.get_temp)
    main                                     0x08003015   Thumb Code   258  main.o(i.main)
    temp_crl                                 0x08003171   Thumb Code    36  temp.o(i.temp_crl)
    AHBPrescTable                            0x080031f0   Data          16  system_stm32f1xx.o(.constdata)
    APBPrescTable                            0x08003200   Data           8  system_stm32f1xx.o(.constdata)
    asc2_1206                                0x08003208   Data        1140  st7789v2.o(.constdata)
    asc2_1608                                0x0800367c   Data        1520  st7789v2.o(.constdata)
    asc2_2412                                0x08003c6c   Data        4560  st7789v2.o(.constdata)
    asc2_3216                                0x08004e3c   Data       12160  st7789v2.o(.constdata)
    Region$$Table$$Base                      0x08007dbc   Number         0  anon$$obj.o(Region$$Table)
    Region$$Table$$Limit                     0x08007ddc   Number         0  anon$$obj.o(Region$$Table)
    uwTickFreq                               0x20000000   Data           1  stm32f1xx_hal.o(.data)
    uwTickPrio                               0x20000004   Data           4  stm32f1xx_hal.o(.data)
    uwTick                                   0x20000008   Data           4  stm32f1xx_hal.o(.data)
    SystemCoreClock                          0x2000000c   Data           4  system_stm32f1xx.o(.data)
    POINT_COLOR                              0x20000010   Data           2  st7789v2.o(.data)
    BACK_COLOR                               0x20000012   Data           2  st7789v2.o(.data)
    __stdout                                 0x2000016c   Data           4  stdout.o(.data)
    hadc1                                    0x20000170   Data          48  adc.o(.bss)
    hspi1                                    0x200001a0   Data          88  spi.o(.bss)
    hspi2                                    0x200001f8   Data          88  spi.o(.bss)
    htim4                                    0x20000250   Data          72  tim.o(.bss)
    huart1                                   0x20000298   Data          72  usart.o(.bss)
    huart2                                   0x200002e0   Data          72  usart.o(.bss)
    __initial_sp                             0x20000d28   Data           0  startup_stm32f103xe.o(STACK)



==============================================================================

Memory Map of the image

  Image Entry point : 0x08000131

  Load Region LR_IROM1 (Base: 0x08000000, Size: 0x00007f4c, Max: 0x00040000, ABSOLUTE, COMPRESSED[0x00007f38])

    Execution Region ER_IROM1 (Exec base: 0x08000000, Load base: 0x08000000, Size: 0x00007ddc, Max: 0x00040000, ABSOLUTE)

    Exec Addr    Load Addr    Size         Type   Attr      Idx    E Section Name        Object

    0x08000000   0x08000000   0x00000130   Data   RO            3    RESET               startup_stm32f103xe.o
    0x08000130   0x08000130   0x00000000   Code   RO         3921  * .ARM.Collect$$$$00000000  mc_w.l(entry.o)
    0x08000130   0x08000130   0x00000004   Code   RO         4193    .ARM.Collect$$$$00000001  mc_w.l(entry2.o)
    0x08000134   0x08000134   0x00000004   Code   RO         4196    .ARM.Collect$$$$00000004  mc_w.l(entry5.o)
    0x08000138   0x08000138   0x00000000   Code   RO         4198    .ARM.Collect$$$$00000008  mc_w.l(entry7b.o)
    0x08000138   0x08000138   0x00000000   Code   RO         4200    .ARM.Collect$$$$0000000A  mc_w.l(entry8b.o)
    0x08000138   0x08000138   0x00000008   Code   RO         4201    .ARM.Collect$$$$0000000B  mc_w.l(entry9a.o)
    0x08000140   0x08000140   0x00000004   Code   RO         4208    .ARM.Collect$$$$0000000E  mc_w.l(entry12b.o)
    0x08000144   0x08000144   0x00000000   Code   RO         4203    .ARM.Collect$$$$0000000F  mc_w.l(entry10a.o)
    0x08000144   0x08000144   0x00000000   Code   RO         4205    .ARM.Collect$$$$00000011  mc_w.l(entry11a.o)
    0x08000144   0x08000144   0x00000004   Code   RO         4194    .ARM.Collect$$$$00002712  mc_w.l(entry2.o)
    0x08000148   0x08000148   0x00000024   Code   RO            4    .text               startup_stm32f103xe.o
    0x0800016c   0x0800016c   0x00000024   Code   RO         3928    .text               mc_w.l(memseta.o)
    0x08000190   0x08000190   0x0000002c   Code   RO         4210    .text               mc_w.l(uidiv.o)
    0x080001bc   0x080001bc   0x00000024   Code   RO         4225    .text               mc_w.l(init.o)
    0x080001e0   0x080001e0   0x0000003a   Code   RO         4241    .text               mc_w.l(__dczerorl.o)
    0x0800021a   0x0800021a   0x00000002   PAD
    0x0800021c   0x0800021c   0x0000000c   Code   RO          437    i.ADC1_2_IRQHandler  stm32f1xx_it.o
    0x08000228   0x08000228   0x00000056   Code   RO          579    i.ADC_ConversionStop_Disable  stm32f1xx_hal_adc.o
    0x0800027e   0x0800027e   0x00000002   PAD
    0x08000280   0x08000280   0x0000007c   Code   RO          583    i.ADC_Enable        stm32f1xx_hal_adc.o
    0x080002fc   0x080002fc   0x00000002   Code   RO          438    i.BusFault_Handler  stm32f1xx_it.o
    0x080002fe   0x080002fe   0x00000002   Code   RO          439    i.DebugMon_Handler  stm32f1xx_it.o
    0x08000300   0x08000300   0x00000004   Code   RO           13    i.Error_Handler     main.o
    0x08000304   0x08000304   0x00000034   Code   RO          230    i.Get_ADC12bitResult  adc.o
    0x08000338   0x08000338   0x000000d8   Code   RO          759    i.HAL_ADCEx_Calibration_Start  stm32f1xx_hal_adc_ex.o
    0x08000410   0x08000410   0x00000002   Code   RO          761    i.HAL_ADCEx_InjectedConvCpltCallback  stm32f1xx_hal_adc_ex.o
    0x08000412   0x08000412   0x00000002   PAD
    0x08000414   0x08000414   0x000000fc   Code   RO          585    i.HAL_ADC_ConfigChannel  stm32f1xx_hal_adc.o
    0x08000510   0x08000510   0x00000002   Code   RO          586    i.HAL_ADC_ConvCpltCallback  stm32f1xx_hal_adc.o
    0x08000512   0x08000512   0x00000004   Code   RO          591    i.HAL_ADC_GetState  stm32f1xx_hal_adc.o
    0x08000516   0x08000516   0x00000006   Code   RO          592    i.HAL_ADC_GetValue  stm32f1xx_hal_adc.o
    0x0800051c   0x0800051c   0x000000dc   Code   RO          593    i.HAL_ADC_IRQHandler  stm32f1xx_hal_adc.o
    0x080005f8   0x080005f8   0x00000120   Code   RO          594    i.HAL_ADC_Init      stm32f1xx_hal_adc.o
    0x08000718   0x08000718   0x00000002   Code   RO          595    i.HAL_ADC_LevelOutOfWindowCallback  stm32f1xx_hal_adc.o
    0x0800071a   0x0800071a   0x00000002   PAD
    0x0800071c   0x0800071c   0x0000008c   Code   RO          232    i.HAL_ADC_MspInit   adc.o
    0x080007a8   0x080007a8   0x0000013c   Code   RO          598    i.HAL_ADC_PollForConversion  stm32f1xx_hal_adc.o
    0x080008e4   0x080008e4   0x000000c0   Code   RO          600    i.HAL_ADC_Start     stm32f1xx_hal_adc.o
    0x080009a4   0x080009a4   0x00000024   Code   RO          862    i.HAL_Delay         stm32f1xx_hal.o
    0x080009c8   0x080009c8   0x000001f8   Code   RO         1172    i.HAL_GPIO_Init     stm32f1xx_hal_gpio.o
    0x08000bc0   0x08000bc0   0x0000000a   Code   RO         1176    i.HAL_GPIO_WritePin  stm32f1xx_hal_gpio.o
    0x08000bca   0x08000bca   0x00000002   PAD
    0x08000bcc   0x08000bcc   0x0000000c   Code   RO          866    i.HAL_GetTick       stm32f1xx_hal.o
    0x08000bd8   0x08000bd8   0x00000010   Code   RO          872    i.HAL_IncTick       stm32f1xx_hal.o
    0x08000be8   0x08000be8   0x00000024   Code   RO          873    i.HAL_Init          stm32f1xx_hal.o
    0x08000c0c   0x08000c0c   0x00000040   Code   RO          874    i.HAL_InitTick      stm32f1xx_hal.o
    0x08000c4c   0x08000c4c   0x0000003c   Code   RO          519    i.HAL_MspInit       stm32f1xx_hal_msp.o
    0x08000c88   0x08000c88   0x0000001a   Code   RO         1332    i.HAL_NVIC_EnableIRQ  stm32f1xx_hal_cortex.o
    0x08000ca2   0x08000ca2   0x00000002   PAD
    0x08000ca4   0x08000ca4   0x00000040   Code   RO         1338    i.HAL_NVIC_SetPriority  stm32f1xx_hal_cortex.o
    0x08000ce4   0x08000ce4   0x00000024   Code   RO         1339    i.HAL_NVIC_SetPriorityGrouping  stm32f1xx_hal_cortex.o
    0x08000d08   0x08000d08   0x000000b8   Code   RO         1133    i.HAL_RCCEx_GetPeriphCLKFreq  stm32f1xx_hal_rcc_ex.o
    0x08000dc0   0x08000dc0   0x000000ec   Code   RO         1134    i.HAL_RCCEx_PeriphCLKConfig  stm32f1xx_hal_rcc_ex.o
    0x08000eac   0x08000eac   0x0000012c   Code   RO         1030    i.HAL_RCC_ClockConfig  stm32f1xx_hal_rcc.o
    0x08000fd8   0x08000fd8   0x00000020   Code   RO         1037    i.HAL_RCC_GetPCLK1Freq  stm32f1xx_hal_rcc.o
    0x08000ff8   0x08000ff8   0x00000020   Code   RO         1038    i.HAL_RCC_GetPCLK2Freq  stm32f1xx_hal_rcc.o
    0x08001018   0x08001018   0x0000004c   Code   RO         1039    i.HAL_RCC_GetSysClockFreq  stm32f1xx_hal_rcc.o
    0x08001064   0x08001064   0x00000320   Code   RO         1042    i.HAL_RCC_OscConfig  stm32f1xx_hal_rcc.o
    0x08001384   0x08001384   0x000000b2   Code   RO         1843    i.HAL_SPI_Init      stm32f1xx_hal_spi.o
    0x08001436   0x08001436   0x00000002   PAD
    0x08001438   0x08001438   0x000000b0   Code   RO          282    i.HAL_SPI_MspInit   spi.o
    0x080014e8   0x080014e8   0x00000166   Code   RO         1851    i.HAL_SPI_Transmit  stm32f1xx_hal_spi.o
    0x0800164e   0x0800164e   0x00000028   Code   RO         1343    i.HAL_SYSTICK_Config  stm32f1xx_hal_cortex.o
    0x08001676   0x08001676   0x00000002   PAD
    0x08001678   0x08001678   0x0000007c   Code   RO         2879    i.HAL_TIMEx_MasterConfigSynchronization  stm32f1xx_hal_tim_ex.o
    0x080016f4   0x080016f4   0x0000005a   Code   RO         2156    i.HAL_TIM_Base_Init  stm32f1xx_hal_tim.o
    0x0800174e   0x0800174e   0x00000002   PAD
    0x08001750   0x08001750   0x00000054   Code   RO          342    i.HAL_TIM_Base_MspInit  tim.o
    0x080017a4   0x080017a4   0x000000dc   Code   RO         2165    i.HAL_TIM_ConfigClockSource  stm32f1xx_hal_tim.o
    0x08001880   0x08001880   0x00000124   Code   RO         2192    i.HAL_TIM_IC_ConfigChannel  stm32f1xx_hal_tim.o
    0x080019a4   0x080019a4   0x0000005a   Code   RO         2195    i.HAL_TIM_IC_Init   stm32f1xx_hal_tim.o
    0x080019fe   0x080019fe   0x00000002   Code   RO         2197    i.HAL_TIM_IC_MspInit  stm32f1xx_hal_tim.o
    0x08001a00   0x08001a00   0x0000004c   Code   RO          343    i.HAL_TIM_MspPostInit  tim.o
    0x08001a4c   0x08001a4c   0x000000cc   Code   RO         2228    i.HAL_TIM_PWM_ConfigChannel  stm32f1xx_hal_tim.o
    0x08001b18   0x08001b18   0x0000005a   Code   RO         2231    i.HAL_TIM_PWM_Init  stm32f1xx_hal_tim.o
    0x08001b72   0x08001b72   0x00000002   Code   RO         2233    i.HAL_TIM_PWM_MspInit  stm32f1xx_hal_tim.o
    0x08001b74   0x08001b74   0x000000b4   Code   RO         2236    i.HAL_TIM_PWM_Start  stm32f1xx_hal_tim.o
    0x08001c28   0x08001c28   0x00000064   Code   RO         3157    i.HAL_UART_Init     stm32f1xx_hal_uart.o
    0x08001c8c   0x08001c8c   0x000000ac   Code   RO          390    i.HAL_UART_MspInit  usart.o
    0x08001d38   0x08001d38   0x000000a0   Code   RO         3165    i.HAL_UART_Transmit  stm32f1xx_hal_uart.o
    0x08001dd8   0x08001dd8   0x00000002   Code   RO          440    i.HardFault_Handler  stm32f1xx_it.o
    0x08001dda   0x08001dda   0x00000052   Code   RO         3531    i.LCD_Address_Set   st7789v2.o
    0x08001e2c   0x08001e2c   0x00000058   Code   RO         3532    i.LCD_Clear         st7789v2.o
    0x08001e84   0x08001e84   0x000000ce   Code   RO         3537    i.LCD_Draw_Circle   st7789v2.o
    0x08001f52   0x08001f52   0x00000002   PAD
    0x08001f54   0x08001f54   0x0000001c   Code   RO         3539    i.LCD_Draw_Point    st7789v2.o
    0x08001f70   0x08001f70   0x000001b0   Code   RO         3541    i.LCD_Init          st7789v2.o
    0x08002120   0x08002120   0x00000004   Code   RO         3543    i.LCD_SPI_Send      st7789v2.o
    0x08002124   0x08002124   0x0000013c   Code   RO         3544    i.LCD_ShowChar      st7789v2.o
    0x08002260   0x08002260   0x0000004c   Code   RO         3551    i.LCD_ShowString    st7789v2.o
    0x080022ac   0x080022ac   0x0000001c   Code   RO         3554    i.LCD_Write_Cmd     st7789v2.o
    0x080022c8   0x080022c8   0x0000001c   Code   RO         3555    i.LCD_Write_Data    st7789v2.o
    0x080022e4   0x080022e4   0x00000028   Code   RO         3556    i.LCD_Write_HalfWord  st7789v2.o
    0x0800230c   0x0800230c   0x00000044   Code   RO         3731    i.LookupTable       ntc.o
    0x08002350   0x08002350   0x000000a8   Code   RO          233    i.MX_ADC1_Init      adc.o
    0x080023f8   0x080023f8   0x00000118   Code   RO          206    i.MX_GPIO_Init      gpio.o
    0x08002510   0x08002510   0x00000048   Code   RO          283    i.MX_SPI1_Init      spi.o
    0x08002558   0x08002558   0x00000044   Code   RO          284    i.MX_SPI2_Init      spi.o
    0x0800259c   0x0800259c   0x00000104   Code   RO          344    i.MX_TIM4_Init      tim.o
    0x080026a0   0x080026a0   0x00000038   Code   RO          391    i.MX_USART1_UART_Init  usart.o
    0x080026d8   0x080026d8   0x00000038   Code   RO          392    i.MX_USART2_UART_Init  usart.o
    0x08002710   0x08002710   0x00000002   Code   RO          441    i.MemManage_Handler  stm32f1xx_it.o
    0x08002712   0x08002712   0x00000002   Code   RO          442    i.NMI_Handler       stm32f1xx_it.o
    0x08002714   0x08002714   0x00000002   Code   RO          443    i.PendSV_Handler    stm32f1xx_it.o
    0x08002716   0x08002716   0x00000002   PAD
    0x08002718   0x08002718   0x00000010   Code   RO          285    i.SPI1_WriteByte    spi.o
    0x08002728   0x08002728   0x00000034   Code   RO         1881    i.SPI_EndRxTxTransaction  stm32f1xx_hal_spi.o
    0x0800275c   0x0800275c   0x000000b8   Code   RO         1886    i.SPI_WaitFlagStateUntilTimeout  stm32f1xx_hal_spi.o
    0x08002814   0x08002814   0x00000002   Code   RO          444    i.SVC_Handler       stm32f1xx_it.o
    0x08002816   0x08002816   0x00000004   Code   RO          445    i.SysTick_Handler   stm32f1xx_it.o
    0x0800281a   0x0800281a   0x0000007a   Code   RO           14    i.SystemClock_Config  main.o
    0x08002894   0x08002894   0x00000002   Code   RO         3491    i.SystemInit        system_stm32f1xx.o
    0x08002896   0x08002896   0x00000002   PAD
    0x08002898   0x08002898   0x0000009c   Code   RO         2249    i.TIM_Base_SetConfig  stm32f1xx_hal_tim.o
    0x08002934   0x08002934   0x0000001a   Code   RO         2250    i.TIM_CCxChannelCmd  stm32f1xx_hal_tim.o
    0x0800294e   0x0800294e   0x00000014   Code   RO         2260    i.TIM_ETR_SetConfig  stm32f1xx_hal_tim.o
    0x08002962   0x08002962   0x00000010   Code   RO         2261    i.TIM_ITRx_SetConfig  stm32f1xx_hal_tim.o
    0x08002972   0x08002972   0x00000002   PAD
    0x08002974   0x08002974   0x00000060   Code   RO         2262    i.TIM_OC1_SetConfig  stm32f1xx_hal_tim.o
    0x080029d4   0x080029d4   0x0000006c   Code   RO         2263    i.TIM_OC2_SetConfig  stm32f1xx_hal_tim.o
    0x08002a40   0x08002a40   0x00000068   Code   RO         2264    i.TIM_OC3_SetConfig  stm32f1xx_hal_tim.o
    0x08002aa8   0x08002aa8   0x00000050   Code   RO         2265    i.TIM_OC4_SetConfig  stm32f1xx_hal_tim.o
    0x08002af8   0x08002af8   0x00000022   Code   RO         2267    i.TIM_TI1_ConfigInputStage  stm32f1xx_hal_tim.o
    0x08002b1a   0x08002b1a   0x00000002   PAD
    0x08002b1c   0x08002b1c   0x0000006c   Code   RO         2268    i.TIM_TI1_SetConfig  stm32f1xx_hal_tim.o
    0x08002b88   0x08002b88   0x00000024   Code   RO         2269    i.TIM_TI2_ConfigInputStage  stm32f1xx_hal_tim.o
    0x08002bac   0x08002bac   0x00000036   Code   RO         2270    i.TIM_TI2_SetConfig  stm32f1xx_hal_tim.o
    0x08002be2   0x08002be2   0x0000004e   Code   RO         3180    i.UART_EndRxTransfer  stm32f1xx_hal_uart.o
    0x08002c30   0x08002c30   0x000000b8   Code   RO         3183    i.UART_SetConfig    stm32f1xx_hal_uart.o
    0x08002ce8   0x08002ce8   0x00000072   Code   RO         3186    i.UART_WaitOnFlagUntilTimeout  stm32f1xx_hal_uart.o
    0x08002d5a   0x08002d5a   0x00000002   Code   RO          446    i.UsageFault_Handler  stm32f1xx_it.o
    0x08002d5c   0x08002d5c   0x00000020   Code   RO         3977    i.__0printf$1       mc_w.l(printf1.o)
    0x08002d7c   0x08002d7c   0x00000020   Code   RO         1345    i.__NVIC_SetPriority  stm32f1xx_hal_cortex.o
    0x08002d9c   0x08002d9c   0x0000000e   Code   RO         4235    i.__scatterload_copy  mc_w.l(handlers.o)
    0x08002daa   0x08002daa   0x00000002   Code   RO         4236    i.__scatterload_null  mc_w.l(handlers.o)
    0x08002dac   0x08002dac   0x0000000e   Code   RO         4237    i.__scatterload_zeroinit  mc_w.l(handlers.o)
    0x08002dba   0x08002dba   0x00000002   PAD
    0x08002dbc   0x08002dbc   0x00000154   Code   RO         3984    i._printf_core      mc_w.l(printf1.o)
    0x08002f10   0x08002f10   0x00000018   Code   RO           16    i.fputc             main.o
    0x08002f28   0x08002f28   0x000000ec   Code   RO         3732    i.get_temp          ntc.o
    0x08003014   0x08003014   0x0000015c   Code   RO           17    i.main              main.o
    0x08003170   0x08003170   0x0000005c   Code   RO         3899    i.temp_crl          temp.o
    0x080031cc   0x080031cc   0x00000012   Data   RO         1043    .constdata          stm32f1xx_hal_rcc.o
    0x080031de   0x080031de   0x00000012   Data   RO         1135    .constdata          stm32f1xx_hal_rcc_ex.o
    0x080031f0   0x080031f0   0x00000010   Data   RO         3492    .constdata          system_stm32f1xx.o
    0x08003200   0x08003200   0x00000008   Data   RO         3493    .constdata          system_stm32f1xx.o
    0x08003208   0x08003208   0x00004bb4   Data   RO         3560    .constdata          st7789v2.o
    0x08007dbc   0x08007dbc   0x00000020   Data   RO         4233    Region$$Table       anon$$obj.o


    Execution Region RW_IRAM1 (Exec base: 0x20000000, Load base: 0x08007ddc, Size: 0x00000d28, Max: 0x0000c000, ABSOLUTE, COMPRESSED[0x0000015c])

    Exec Addr    Load Addr    Size         Type   Attr      Idx    E Section Name        Object

    0x20000000   COMPRESSED   0x0000000c   Data   RW          880    .data               stm32f1xx_hal.o
    0x2000000c   COMPRESSED   0x00000004   Data   RW         3494    .data               system_stm32f1xx.o
    0x20000010   COMPRESSED   0x00000004   Data   RW         3561    .data               st7789v2.o
    0x20000014   COMPRESSED   0x00000150   Data   RW         3733    .data               ntc.o
    0x20000164   COMPRESSED   0x00000008   Data   RW         3900    .data               temp.o
    0x2000016c   COMPRESSED   0x00000004   Data   RW         4209    .data               mc_w.l(stdout.o)
    0x20000170        -       0x00000030   Zero   RW          234    .bss                adc.o
    0x200001a0        -       0x000000b0   Zero   RW          287    .bss                spi.o
    0x20000250        -       0x00000048   Zero   RW          345    .bss                tim.o
    0x20000298        -       0x00000090   Zero   RW          393    .bss                usart.o
    0x20000328        -       0x00000600   Zero   RW         3559    .bss                st7789v2.o
    0x20000928        -       0x00000400   Zero   RW            1    STACK               startup_stm32f103xe.o


==============================================================================

Image component sizes


      Code (inc. data)   RO Data    RW Data    ZI Data      Debug   Object Name

       360         30          0          0         48       2230   adc.o
       280         22          0          0          0        951   gpio.o
       498         94          0          0          0     519480   main.o
       304         66          0        336          0       1893   ntc.o
       332         44          0          0        176       2671   spi.o
      1328         50      19380          4       1536       8152   st7789v2.o
        36          8        304          0       1024        772   startup_stm32f103xe.o
       164         28          0         12          0       6273   stm32f1xx_hal.o
      1492         58          0          0          0       8674   stm32f1xx_hal_adc.o
       218          6          0          0          0       1887   stm32f1xx_hal_adc_ex.o
       198         14          0          0          0      28775   stm32f1xx_hal_cortex.o
       514         42          0          0          0       2816   stm32f1xx_hal_gpio.o
        60          8          0          0          0        814   stm32f1xx_hal_msp.o
      1240         84         18          0          0       4944   stm32f1xx_hal_rcc.o
       420         30         18          0          0       2429   stm32f1xx_hal_rcc_ex.o
       772          4          0          0          0       4198   stm32f1xx_hal_spi.o
      2008         98          0          0          0      15690   stm32f1xx_hal_tim.o
       124         20          0          0          0       1300   stm32f1xx_hal_tim_ex.o
       636          6          0          0          0       4460   stm32f1xx_hal_uart.o
        32          6          0          0          0       4018   stm32f1xx_it.o
         2          0         24          4          0       1031   system_stm32f1xx.o
        92         56          0          8          0        771   temp.o
       420         32          0          0         72       2352   tim.o
       284         32          0          0        144       2207   usart.o

    ----------------------------------------------------------------------
     11840        838      19776        364       3000     628788   Object Totals
         0          0         32          0          0          0   (incl. Generated)
        26          0          0          0          0          0   (incl. Padding)

    ----------------------------------------------------------------------

      Code (inc. data)   RO Data    RW Data    ZI Data      Debug   Library Member Name

        58          0          0          0          0          0   __dczerorl.o
         0          0          0          0          0          0   entry.o
         0          0          0          0          0          0   entry10a.o
         0          0          0          0          0          0   entry11a.o
         4          0          0          0          0          0   entry12b.o
         8          4          0          0          0          0   entry2.o
         4          0          0          0          0          0   entry5.o
         0          0          0          0          0          0   entry7b.o
         0          0          0          0          0          0   entry8b.o
         8          4          0          0          0          0   entry9a.o
        30          0          0          0          0          0   handlers.o
        36          8          0          0          0         68   init.o
        36          0          0          0          0        108   memseta.o
       372         14          0          0          0        184   printf1.o
         0          0          0          4          0          0   stdout.o
        44          0          0          0          0         80   uidiv.o

    ----------------------------------------------------------------------
       604         30          0          4          0        440   Library Totals
         4          0          0          0          0          0   (incl. Padding)

    ----------------------------------------------------------------------

      Code (inc. data)   RO Data    RW Data    ZI Data      Debug   Library Name

       600         30          0          4          0        440   mc_w.l

    ----------------------------------------------------------------------
       604         30          0          4          0        440   Library Totals

    ----------------------------------------------------------------------

==============================================================================


      Code (inc. data)   RO Data    RW Data    ZI Data      Debug   

     12444        868      19776        368       3000     624000   Grand Totals
     12444        868      19776        348       3000     624000   ELF Image Totals (compressed)
     12444        868      19776        348          0          0   ROM Totals

==============================================================================

    Total RO  Size (Code + RO Data)                32220 (  31.46kB)
    Total RW  Size (RW Data + ZI Data)              3368 (   3.29kB)
    Total ROM Size (Code + RO Data + RW Data)      32568 (  31.80kB)

==============================================================================

