<html>
<body>
<pre>
<h1>µVision Build Log</h1>
<h2>Tool Versions:</h2>
IDE-Version: ¦ÌVision V5.40.0.0
Copyright (C) 2024 ARM Ltd and ARM Germany GmbH. All rights reserved.
License Information:  ,  , LIC=FYKYW-QNU40-SBHEJ-UM5Q9-5SI47-1IYRH
 
Tool Versions:
Toolchain:       MDK-ARM Plus  Version: 5.40.0.3
Toolchain Path:  D:\APP\Keil_v5\ARM\ARMCC\Bin
C Compiler:      Armcc.exe V5.06 update 7 (build 960)
Assembler:       Armasm.exe V5.06 update 7 (build 960)
Linker/Locator:  ArmLink.exe V5.06 update 7 (build 960)
Library Manager: ArmAr.exe V5.06 update 7 (build 960)
Hex Converter:   FromElf.exe V5.06 update 7 (build 960)
CPU DLL:         SARMCM3.DLL V5.40.0.3
Dialog DLL:      DCM.DLL V1.17.5.0
Target DLL:      STLink\ST-LINKIII-KEIL_SWO.dll V3.3.0.0
Dialog DLL:      TCM.DLL V1.56.4.0
 
<h2>Project:</h2>
D:\workspace\XK01_V1.0\MDK-ARM\XK01_V1.0.uvprojx
Project File Date:  01/08/2025

<h2>Output:</h2>
*** Using Compiler 'V5.06 update 7 (build 960)', folder: 'D:\APP\Keil_v5\ARM\ARMCC\Bin'
Rebuild target 'XK01_V1.0'
assembling startup_stm32f103xe.s...
compiling stm32f1xx_hal_adc_ex.c...
compiling stm32f1xx_hal_msp.c...
compiling tim.c...
compiling stm32f1xx_it.c...
compiling stm32f1xx_hal.c...
compiling stm32f1xx_hal_rcc_ex.c...
compiling stm32f1xx_hal_rcc.c...
compiling spi.c...
compiling stm32f1xx_hal_gpio_ex.c...
compiling main.c...
../Core/Src/main.c(77): warning:  #177-D: variable "chip_id"  was declared but never referenced
  	uint16_t chip_id;
../Core/Src/main.c(78): warning:  #177-D: variable "buf"  was declared but never referenced
  	uint8_t buf[5] = {0xaa,0xaa,0xaa,0xaa,0xaa};
../Core/Src/main.c(80): warning:  #177-D: variable "buf2"  was declared but never referenced
      uint8_t buf2[1];
../Core/Src/main.c: 3 warnings, 0 errors
compiling stm32f1xx_hal_gpio.c...
compiling gpio.c...
compiling usart.c...
compiling GUI.c...
compiling adc.c...
compiling stm32f1xx_hal_adc.c...
compiling RS485.c...
compiling HzLib.c...
compiling stm32f1xx_hal_cortex.c...
compiling stm32f1xx_hal_exti.c...
compiling display.c...
compiling stm32f1xx_hal_pwr.c...
compiling stm32f1xx_hal_tim_ex.c...
compiling stm32f1xx_hal_flash_ex.c...
compiling PWM_CRL.c...
compiling NTC.c...
compiling stm32f1xx_hal_flash.c...
compiling stm32f1xx_hal_spi.c...
compiling system_stm32f1xx.c...
compiling SPI_Flash_w25q64.c...
compiling stm32f1xx_hal_dma.c...
compiling ST7789V2.c...
compiling stm32f1xx_hal_uart.c...
compiling stm32f1xx_hal_tim.c...
compiling temp.c...
..\Emembed\Src\temp.c(6): warning:  #550-D: variable "temp1"  was set but never used
      static uint8_t temp1;
..\Emembed\Src\temp.c(7): warning:  #550-D: variable "temp2"  was set but never used
      static uint8_t temp2;
..\Emembed\Src\temp.c(8): warning:  #550-D: variable "temp3"  was set but never used
      static uint8_t temp3;
..\Emembed\Src\temp.c(9): warning:  #550-D: variable "temp4"  was set but never used
      static uint8_t temp4;
..\Emembed\Src\temp.c: 4 warnings, 0 errors
linking...
Program Size: Code=13496 RO-data=19776 RW-data=28 ZI-data=3004  
FromELF: creating hex file...
"..\Output\XK01_V1.0" - 0 Error(s), 7 Warning(s).

<h2>Software Packages used:</h2>

Package Vendor: ARM
                https://www.keil.com/pack/ARM.CMSIS.6.1.0.pack
                ARM::CMSIS@6.1.0
                CMSIS (Common Microcontroller Software Interface Standard)
   * Component: CORE Version: 6.1.0

Package Vendor: Keil
                https://www.keil.com/pack/Keil.STM32F1xx_DFP.2.4.1.pack
                Keil::STM32F1xx_DFP@2.4.1
                STMicroelectronics STM32F1 Series Device Support, Drivers and Examples

<h2>Collection of Component include folders:</h2>
  ./RTE/_XK01_V1.0
  D:/APP/Keil_v5/ARM/CMSIS/6.1.0/CMSIS/Core/Include
  D:/APP/Keil_v5/Keil/STM32F1xx_DFP/2.4.1/Device/Include

<h2>Collection of Component Files used:</h2>

   * Component: ARM::CMSIS:CORE@6.1.0
      Include file:  CMSIS/Core/Include/tz_context.h
Build Time Elapsed:  00:00:09
</pre>
</body>
</html>
