Component: ARM Compiler 5.06 update 7 (build 960) Tool: armlink [4d3601]

==============================================================================

Section Cross References

    startup_stm32f103xe.o(RESET) refers to startup_stm32f103xe.o(STACK) for __initial_sp
    startup_stm32f103xe.o(RESET) refers to startup_stm32f103xe.o(.text) for Reset_Handler
    startup_stm32f103xe.o(RESET) refers to stm32f1xx_it.o(i.NMI_Handler) for NMI_Handler
    startup_stm32f103xe.o(RESET) refers to stm32f1xx_it.o(i.HardFault_Handler) for HardFault_Handler
    startup_stm32f103xe.o(RESET) refers to stm32f1xx_it.o(i.MemManage_Handler) for MemManage_Handler
    startup_stm32f103xe.o(RESET) refers to stm32f1xx_it.o(i.BusFault_Handler) for BusFault_Handler
    startup_stm32f103xe.o(RESET) refers to stm32f1xx_it.o(i.UsageFault_Handler) for UsageFault_Handler
    startup_stm32f103xe.o(RESET) refers to stm32f1xx_it.o(i.SVC_Handler) for SVC_Handler
    startup_stm32f103xe.o(RESET) refers to stm32f1xx_it.o(i.DebugMon_Handler) for DebugMon_Handler
    startup_stm32f103xe.o(RESET) refers to stm32f1xx_it.o(i.PendSV_Handler) for PendSV_Handler
    startup_stm32f103xe.o(RESET) refers to stm32f1xx_it.o(i.SysTick_Handler) for SysTick_Handler
    startup_stm32f103xe.o(RESET) refers to stm32f1xx_it.o(i.DMA1_Channel3_IRQHandler) for DMA1_Channel3_IRQHandler
    startup_stm32f103xe.o(RESET) refers to stm32f1xx_it.o(i.DMA1_Channel4_IRQHandler) for DMA1_Channel4_IRQHandler
    startup_stm32f103xe.o(RESET) refers to stm32f1xx_it.o(i.DMA1_Channel5_IRQHandler) for DMA1_Channel5_IRQHandler
    startup_stm32f103xe.o(RESET) refers to stm32f1xx_it.o(i.DMA1_Channel6_IRQHandler) for DMA1_Channel6_IRQHandler
    startup_stm32f103xe.o(RESET) refers to stm32f1xx_it.o(i.DMA1_Channel7_IRQHandler) for DMA1_Channel7_IRQHandler
    startup_stm32f103xe.o(RESET) refers to stm32f1xx_it.o(i.ADC1_2_IRQHandler) for ADC1_2_IRQHandler
    startup_stm32f103xe.o(RESET) refers to stm32f1xx_it.o(i.EXTI9_5_IRQHandler) for EXTI9_5_IRQHandler
    startup_stm32f103xe.o(RESET) refers to stm32f1xx_it.o(i.SPI1_IRQHandler) for SPI1_IRQHandler
    startup_stm32f103xe.o(RESET) refers to stm32f1xx_it.o(i.SPI2_IRQHandler) for SPI2_IRQHandler
    startup_stm32f103xe.o(RESET) refers to stm32f1xx_it.o(i.USART1_IRQHandler) for USART1_IRQHandler
    startup_stm32f103xe.o(RESET) refers to stm32f1xx_it.o(i.USART2_IRQHandler) for USART2_IRQHandler
    startup_stm32f103xe.o(RESET) refers to stm32f1xx_it.o(i.TIM5_IRQHandler) for TIM5_IRQHandler
    startup_stm32f103xe.o(RESET) refers to stm32f1xx_it.o(i.TIM6_IRQHandler) for TIM6_IRQHandler
    startup_stm32f103xe.o(RESET) refers to stm32f1xx_it.o(i.TIM7_IRQHandler) for TIM7_IRQHandler
    startup_stm32f103xe.o(.text) refers to system_stm32f1xx.o(i.SystemInit) for SystemInit
    startup_stm32f103xe.o(.text) refers to entry.o(.ARM.Collect$$$$00000000) for __main
    main.o(i.SystemClock_Config) refers to memseta.o(.text) for __aeabi_memclr4
    main.o(i.SystemClock_Config) refers to stm32f1xx_hal_rcc.o(i.HAL_RCC_OscConfig) for HAL_RCC_OscConfig
    main.o(i.SystemClock_Config) refers to stm32f1xx_hal_rcc.o(i.HAL_RCC_ClockConfig) for HAL_RCC_ClockConfig
    main.o(i.SystemClock_Config) refers to stm32f1xx_hal_rcc_ex.o(i.HAL_RCCEx_PeriphCLKConfig) for HAL_RCCEx_PeriphCLKConfig
    main.o(i.fgetc) refers to stm32f1xx_hal_uart.o(i.HAL_UART_Receive) for HAL_UART_Receive
    main.o(i.fgetc) refers to usart.o(.bss) for huart2
    main.o(i.fputc) refers to stm32f1xx_hal_uart.o(i.HAL_UART_Transmit) for HAL_UART_Transmit
    main.o(i.fputc) refers to usart.o(.bss) for huart2
    main.o(i.main) refers to stm32f1xx_hal.o(i.HAL_Init) for HAL_Init
    main.o(i.main) refers to main.o(i.SystemClock_Config) for SystemClock_Config
    main.o(i.main) refers to gpio.o(i.MX_GPIO_Init) for MX_GPIO_Init
    main.o(i.main) refers to dma.o(i.MX_DMA_Init) for MX_DMA_Init
    main.o(i.main) refers to usart.o(i.MX_USART1_UART_Init) for MX_USART1_UART_Init
    main.o(i.main) refers to adc.o(i.MX_ADC1_Init) for MX_ADC1_Init
    main.o(i.main) refers to usart.o(i.MX_USART2_UART_Init) for MX_USART2_UART_Init
    main.o(i.main) refers to tim.o(i.MX_TIM4_Init) for MX_TIM4_Init
    main.o(i.main) refers to spi.o(i.MX_SPI1_Init) for MX_SPI1_Init
    main.o(i.main) refers to spi.o(i.MX_SPI2_Init) for MX_SPI2_Init
    main.o(i.main) refers to tim.o(i.MX_TIM6_Init) for MX_TIM6_Init
    main.o(i.main) refers to tim.o(i.MX_TIM7_Init) for MX_TIM7_Init
    main.o(i.main) refers to tim.o(i.MX_TIM5_Init) for MX_TIM5_Init
    main.o(i.main) refers to stm32f1xx_hal_adc_ex.o(i.HAL_ADCEx_Calibration_Start) for HAL_ADCEx_Calibration_Start
    main.o(i.main) refers to stm32f1xx_hal_tim.o(i.HAL_TIM_Base_Start_IT) for HAL_TIM_Base_Start_IT
    main.o(i.main) refers to stm32f1xx_hal_gpio.o(i.HAL_GPIO_WritePin) for HAL_GPIO_WritePin
    main.o(i.main) refers to stm32f1xx_hal_uart.o(i.HAL_UART_Receive_IT) for HAL_UART_Receive_IT
    main.o(i.main) refers to st7789v2.o(i.LCD_Init) for LCD_Init
[...]
    ..\Drivers\STM32F1xx_HAL_Driver\Src\stm32f1xx_hal_spi.c 0x00000000   Number         0  stm32f1xx_hal_spi.o ABSOLUTE
    ..\Drivers\STM32F1xx_HAL_Driver\Src\stm32f1xx_hal_tim.c 0x00000000   Number         0  stm32f1xx_hal_tim.o ABSOLUTE
    ..\Drivers\STM32F1xx_HAL_Driver\Src\stm32f1xx_hal_tim_ex.c 0x00000000   Number         0  stm32f1xx_hal_tim_ex.o ABSOLUTE
    ..\Drivers\STM32F1xx_HAL_Driver\Src\stm32f1xx_hal_uart.c 0x00000000   Number         0  stm32f1xx_hal_uart.o ABSOLUTE
    ..\Emembed\Src\display.c                 0x00000000   Number         0  display.o ABSOLUTE
    ..\Emembed\Src\modbus_rtu.c              0x00000000   Number         0  modbus_rtu.o ABSOLUTE
    ..\Emembed\Src\temp.c                    0x00000000   Number         0  temp.o ABSOLUTE
    ..\SYSTEM\delay.c                        0x00000000   Number         0  delay.o ABSOLUTE
    ..\\BSP\\Src\\Communication.c            0x00000000   Number         0  communication.o ABSOLUTE
    ..\\BSP\\Src\\GUI.c                      0x00000000   Number         0  gui.o ABSOLUTE
    ..\\BSP\\Src\\KEY_CRL.c                  0x00000000   Number         0  key_crl.o ABSOLUTE
    ..\\BSP\\Src\\NTC.c                      0x00000000   Number         0  ntc.o ABSOLUTE
    ..\\BSP\\Src\\POWER_CRL.c                0x00000000   Number         0  power_crl.o ABSOLUTE
    ..\\BSP\\Src\\PWM_CRL.c                  0x00000000   Number         0  pwm_crl.o ABSOLUTE
    ..\\BSP\\Src\\SPI_Flash_w25q64.c         0x00000000   Number         0  spi_flash_w25q64.o ABSOLUTE
    ..\\BSP\\Src\\ST7789V2.c                 0x00000000   Number         0  st7789v2.o ABSOLUTE
    ..\\Emembed\\Src\\modbus_rtu.c           0x00000000   Number         0  modbus_rtu.o ABSOLUTE
    ..\\Emembed\\Src\\temp.c                 0x00000000   Number         0  temp.o ABSOLUTE
    ..\\SYSTEM\\delay.c                      0x00000000   Number         0  delay.o ABSOLUTE
    cdrcmple.s                               0x00000000   Number         0  cdrcmple.o ABSOLUTE
    dc.s                                     0x00000000   Number         0  dc.o ABSOLUTE
    handlers.s                               0x00000000   Number         0  handlers.o ABSOLUTE
    init.s                                   0x00000000   Number         0  init.o ABSOLUTE
    startup_stm32f103xe.s                    0x00000000   Number         0  startup_stm32f103xe.o ABSOLUTE
    RESET                                    0x08000000   Section      304  startup_stm32f103xe.o(RESET)
    .ARM.Collect$$$$00000000                 0x08000130   Section        0  entry.o(.ARM.Collect$$$$00000000)
    .ARM.Collect$$$$00000001                 0x08000130   Section        4  entry2.o(.ARM.Collect$$$$00000001)
    .ARM.Collect$$$$00000004                 0x08000134   Section        4  entry5.o(.ARM.Collect$$$$00000004)
    .ARM.Collect$$$$00000008                 0x08000138   Section        0  entry7b.o(.ARM.Collect$$$$00000008)
    .ARM.Collect$$$$0000000A                 0x08000138   Section        0  entry8b.o(.ARM.Collect$$$$0000000A)
    .ARM.Collect$$$$0000000B                 0x08000138   Section        8  entry9a.o(.ARM.Collect$$$$0000000B)
    .ARM.Collect$$$$0000000E                 0x08000140   Section        4  entry12b.o(.ARM.Collect$$$$0000000E)
    .ARM.Collect$$$$0000000F                 0x08000144   Section        0  entry10a.o(.ARM.Collect$$$$0000000F)
    .ARM.Collect$$$$00000011                 0x08000144   Section        0  entry11a.o(.ARM.Collect$$$$00000011)
    .ARM.Collect$$$$00002712                 0x08000144   Section        4  entry2.o(.ARM.Collect$$$$00002712)
    __lit__00000000                          0x08000144   Data           4  entry2.o(.ARM.Collect$$$$00002712)
    .text                                    0x08000148   Section       36  startup_stm32f103xe.o(.text)
    .text                                    0x0800016c   Section        0  memcpya.o(.text)
    .text                                    0x08000190   Section        0  memseta.o(.text)
    .text                                    0x080001b4   Section       36  init.o(.text)
    i.ADC1_2_IRQHandler                      0x080001d8   Section        0  stm32f1xx_it.o(i.ADC1_2_IRQHandler)
    i.ADC_ConversionStop_Disable             0x080001e4   Section        0  stm32f1xx_hal_adc.o(i.ADC_ConversionStop_Disable)
    i.ADC_Enable                             0x0800023c   Section        0  stm32f1xx_hal_adc.o(i.ADC_Enable)
    i.BusFault_Handler                       0x080002b8   Section        0  stm32f1xx_it.o(i.BusFault_Handler)
    i.DMA1_Channel3_IRQHandler               0x080002bc   Section        0  stm32f1xx_it.o(i.DMA1_Channel3_IRQHandler)
    i.DMA1_Channel4_IRQHandler               0x080002c8   Section        0  stm32f1xx_it.o(i.DMA1_Channel4_IRQHandler)
    i.DMA1_Channel5_IRQHandler               0x080002d4   Section        0  stm32f1xx_it.o(i.DMA1_Channel5_IRQHandler)
    i.DMA1_Channel6_IRQHandler               0x080002e0   Section        0  stm32f1xx_it.o(i.DMA1_Channel6_IRQHandler)
    i.DMA1_Channel7_IRQHandler               0x080002ec   Section        0  stm32f1xx_it.o(i.DMA1_Channel7_IRQHandler)
    i.DMA_SetConfig                          0x080002f8   Section        0  stm32f1xx_hal_dma.o(i.DMA_SetConfig)
    DMA_SetConfig                            0x080002f9   Thumb Code    42  stm32f1xx_hal_dma.o(i.DMA_SetConfig)
    i.DebugMon_Handler                       0x08000322   Section        0  stm32f1xx_it.o(i.DebugMon_Handler)
    i.EXTI9_5_IRQHandler                     0x08000324   Section        0  stm32f1xx_it.o(i.EXTI9_5_IRQHandler)
    i.Error_Handler                          0x0800032a   Section        0  main.o(i.Error_Handler)
    i.HAL_ADCEx_Calibration_Start            0x08000330   Section        0  stm32f1xx_hal_adc_ex.o(i.HAL_ADCEx_Calibration_Start)
    i.HAL_ADCEx_InjectedConvCpltCallback     0x08000408   Section        0  stm32f1xx_hal_adc_ex.o(i.HAL_ADCEx_InjectedConvCpltCallback)
    i.HAL_ADC_ConfigChannel                  0x0800040c   Section        0  stm32f1xx_hal_adc.o(i.HAL_ADC_ConfigChannel)
    i.HAL_ADC_ConvCpltCallback               0x08000508   Section        0  stm32f1xx_hal_adc.o(i.HAL_ADC_ConvCpltCallback)
    i.HAL_ADC_IRQHandler                     0x0800050a   Section        0  stm32f1xx_hal_adc.o(i.HAL_ADC_IRQHandler)
    i.HAL_ADC_Init                           0x080005e8   Section        0  stm32f1xx_hal_adc.o(i.HAL_ADC_Init)
    i.HAL_ADC_LevelOutOfWindowCallback       0x08000708   Section        0  stm32f1xx_hal_adc.o(i.HAL_ADC_LevelOutOfWindowCallback)
    i.HAL_ADC_MspInit                        0x0800070c   Section        0  adc.o(i.HAL_ADC_MspInit)
    i.HAL_DMA_Abort                          0x08000798   Section        0  stm32f1xx_hal_dma.o(i.HAL_DMA_Abort)
    i.HAL_DMA_Abort_IT                       0x080007e0   Section        0  stm32f1xx_hal_dma.o(i.HAL_DMA_Abort_IT)
    i.HAL_DMA_IRQHandler                     0x08000910   Section        0  stm32f1xx_hal_dma.o(i.HAL_DMA_IRQHandler)
    i.HAL_DMA_Init                           0x08000b58   Section        0  stm32f1xx_hal_dma.o(i.HAL_DMA_Init)
    i.HAL_DMA_Start_IT                       0x08000bd4   Section        0  stm32f1xx_hal_dma.o(i.HAL_DMA_Start_IT)
    i.HAL_Delay                              0x08000c44   Section        0  stm32f1xx_hal.o(i.HAL_Delay)
    i.HAL_GPIO_EXTI_Callback                 0x08000c68   Section        0  power_crl.o(i.HAL_GPIO_EXTI_Callback)
    i.HAL_GPIO_EXTI_IRQHandler               0x08000c78   Section        0  stm32f1xx_hal_gpio.o(i.HAL_GPIO_EXTI_IRQHandler)
    i.HAL_GPIO_Init                          0x08000c90   Section        0  stm32f1xx_hal_gpio.o(i.HAL_GPIO_Init)
    i.HAL_GPIO_ReadPin                       0x08000e88   Section        0  stm32f1xx_hal_gpio.o(i.HAL_GPIO_ReadPin)
    i.HAL_GPIO_WritePin                      0x08000e92   Section        0  stm32f1xx_hal_gpio.o(i.HAL_GPIO_WritePin)
    i.HAL_GetTick                            0x08000e9c   Section        0  stm32f1xx_hal.o(i.HAL_GetTick)
    i.HAL_IncTick                            0x08000ea8   Section        0  stm32f1xx_hal.o(i.HAL_IncTick)
    i.HAL_Init                               0x08000eb8   Section        0  stm32f1xx_hal.o(i.HAL_Init)
    i.HAL_InitTick                           0x08000edc   Section        0  stm32f1xx_hal.o(i.HAL_InitTick)
    i.HAL_MspInit                            0x08000f1c   Section        0  stm32f1xx_hal_msp.o(i.HAL_MspInit)
    i.HAL_NVIC_EnableIRQ                     0x08000f58   Section        0  stm32f1xx_hal_cortex.o(i.HAL_NVIC_EnableIRQ)
    i.HAL_NVIC_SetPriority                   0x08000f74   Section        0  stm32f1xx_hal_cortex.o(i.HAL_NVIC_SetPriority)
    i.HAL_NVIC_SetPriorityGrouping           0x08000fb4   Section        0  stm32f1xx_hal_cortex.o(i.HAL_NVIC_SetPriorityGrouping)
    i.HAL_RCCEx_GetPeriphCLKFreq             0x08000fd8   Section        0  stm32f1xx_hal_rcc_ex.o(i.HAL_RCCEx_GetPeriphCLKFreq)
    i.HAL_RCCEx_PeriphCLKConfig              0x08001090   Section        0  stm32f1xx_hal_rcc_ex.o(i.HAL_RCCEx_PeriphCLKConfig)
    i.HAL_RCC_ClockConfig                    0x0800117c   Section        0  stm32f1xx_hal_rcc.o(i.HAL_RCC_ClockConfig)
    i.HAL_RCC_GetPCLK1Freq                   0x080012a8   Section        0  stm32f1xx_hal_rcc.o(i.HAL_RCC_GetPCLK1Freq)
    i.HAL_RCC_GetPCLK2Freq                   0x080012c8   Section        0  stm32f1xx_hal_rcc.o(i.HAL_RCC_GetPCLK2Freq)
    i.HAL_RCC_GetSysClockFreq                0x080012e8   Section        0  stm32f1xx_hal_rcc.o(i.HAL_RCC_GetSysClockFreq)
    i.HAL_RCC_OscConfig                      0x08001334   Section        0  stm32f1xx_hal_rcc.o(i.HAL_RCC_OscConfig)
    i.HAL_SPI_ErrorCallback                  0x08001654   Section        0  stm32f1xx_hal_spi.o(i.HAL_SPI_ErrorCallback)
    i.HAL_SPI_IRQHandler                     0x08001658   Section        0  stm32f1xx_hal_spi.o(i.HAL_SPI_IRQHandler)
    i.HAL_SPI_Init                           0x08001738   Section        0  stm32f1xx_hal_spi.o(i.HAL_SPI_Init)
    i.HAL_SPI_MspInit                        0x080017ec   Section        0  spi.o(i.HAL_SPI_MspInit)
    i.HAL_SPI_Transmit                       0x08001944   Section        0  stm32f1xx_hal_spi.o(i.HAL_SPI_Transmit)
    i.HAL_SPI_Transmit_DMA                   0x08001aac   Section        0  stm32f1xx_hal_spi.o(i.HAL_SPI_Transmit_DMA)
    i.HAL_SPI_TxCpltCallback                 0x08001b78   Section        0  st7789v2.o(i.HAL_SPI_TxCpltCallback)
    i.HAL_SPI_TxHalfCpltCallback             0x08001b90   Section        0  stm32f1xx_hal_spi.o(i.HAL_SPI_TxHalfCpltCallback)
    i.HAL_SYSTICK_Config                     0x08001b92   Section        0  stm32f1xx_hal_cortex.o(i.HAL_SYSTICK_Config)
    i.HAL_TIMEx_BreakCallback                0x08001bba   Section        0  stm32f1xx_hal_tim_ex.o(i.HAL_TIMEx_BreakCallback)
    i.HAL_TIMEx_CommutCallback               0x08001bbc   Section        0  stm32f1xx_hal_tim_ex.o(i.HAL_TIMEx_CommutCallback)
    i.HAL_TIMEx_MasterConfigSynchronization  0x08001bc0   Section        0  stm32f1xx_hal_tim_ex.o(i.HAL_TIMEx_MasterConfigSynchronization)
    i.HAL_TIM_Base_Init                      0x08001c3c   Section        0  stm32f1xx_hal_tim.o(i.HAL_TIM_Base_Init)
    i.HAL_TIM_Base_MspInit                   0x08001c98   Section        0  tim.o(i.HAL_TIM_Base_MspInit)
    i.HAL_TIM_Base_Start_IT                  0x08001d3c   Section        0  stm32f1xx_hal_tim.o(i.HAL_TIM_Base_Start_IT)
    i.HAL_TIM_Base_Stop_IT                   0x08001da8   Section        0  stm32f1xx_hal_tim.o(i.HAL_TIM_Base_Stop_IT)
    i.HAL_TIM_ConfigClockSource              0x08001dd8   Section        0  stm32f1xx_hal_tim.o(i.HAL_TIM_ConfigClockSource)
    i.HAL_TIM_IC_CaptureCallback             0x08001eb4   Section        0  stm32f1xx_hal_tim.o(i.HAL_TIM_IC_CaptureCallback)
    i.HAL_TIM_IRQHandler                     0x08001eb6   Section        0  stm32f1xx_hal_tim.o(i.HAL_TIM_IRQHandler)
    i.HAL_TIM_MspPostInit                    0x08001fe8   Section        0  tim.o(i.HAL_TIM_MspPostInit)
    i.HAL_TIM_OC_DelayElapsedCallback        0x08002034   Section        0  stm32f1xx_hal_tim.o(i.HAL_TIM_OC_DelayElapsedCallback)
    i.HAL_TIM_PWM_ConfigChannel              0x08002036   Section        0  stm32f1xx_hal_tim.o(i.HAL_TIM_PWM_ConfigChannel)
    i.HAL_TIM_PWM_Init                       0x08002102   Section        0  stm32f1xx_hal_tim.o(i.HAL_TIM_PWM_Init)
    i.HAL_TIM_PWM_MspInit                    0x0800215c   Section        0  stm32f1xx_hal_tim.o(i.HAL_TIM_PWM_MspInit)
    i.HAL_TIM_PWM_PulseFinishedCallback      0x0800215e   Section        0  stm32f1xx_hal_tim.o(i.HAL_TIM_PWM_PulseFinishedCallback)
    i.HAL_TIM_PWM_Start                      0x08002160   Section        0  stm32f1xx_hal_tim.o(i.HAL_TIM_PWM_Start)
    i.HAL_TIM_PeriodElapsedCallback          0x08002214   Section        0  tim.o(i.HAL_TIM_PeriodElapsedCallback)
    i.HAL_TIM_TriggerCallback                0x080023a0   Section        0  stm32f1xx_hal_tim.o(i.HAL_TIM_TriggerCallback)
    i.HAL_UARTEx_RxEventCallback             0x080023a2   Section        0  stm32f1xx_hal_uart.o(i.HAL_UARTEx_RxEventCallback)
    i.HAL_UART_ErrorCallback                 0x080023a4   Section        0  stm32f1xx_hal_uart.o(i.HAL_UART_ErrorCallback)
    i.HAL_UART_IRQHandler                    0x080023a8   Section        0  stm32f1xx_hal_uart.o(i.HAL_UART_IRQHandler)
    i.HAL_UART_Init                          0x08002614   Section        0  stm32f1xx_hal_uart.o(i.HAL_UART_Init)
    i.HAL_UART_MspInit                       0x08002678   Section        0  usart.o(i.HAL_UART_MspInit)
    i.HAL_UART_Receive_IT                    0x080027a8   Section        0  stm32f1xx_hal_uart.o(i.HAL_UART_Receive_IT)
    i.HAL_UART_RxCpltCallback                0x080027c4   Section        0  communication.o(i.HAL_UART_RxCpltCallback)
    i.HAL_UART_Transmit                      0x0800280c   Section        0  stm32f1xx_hal_uart.o(i.HAL_UART_Transmit)
    i.HAL_UART_TxCpltCallback                0x080028ac   Section        0  stm32f1xx_hal_uart.o(i.HAL_UART_TxCpltCallback)
    i.HardFault_Handler                      0x080028ae   Section        0  stm32f1xx_it.o(i.HardFault_Handler)
    i.LCD_Address_Set                        0x080028b0   Section        0  st7789v2.o(i.LCD_Address_Set)
    i.LCD_Clear                              0x080028ec   Section        0  st7789v2.o(i.LCD_Clear)
    i.LCD_DrawLine                           0x08002944   Section        0  st7789v2.o(i.LCD_DrawLine)
    i.LCD_Draw_ColorPoint                    0x08002a30   Section        0  st7789v2.o(i.LCD_Draw_ColorPoint)
    i.LCD_Fill                               0x08002a48   Section        0  st7789v2.o(i.LCD_Fill)
    i.LCD_Init                               0x08002ac8   Section        0  st7789v2.o(i.LCD_Init)
    i.LCD_Pow                                0x08002c78   Section        0  st7789v2.o(i.LCD_Pow)
    LCD_Pow                                  0x08002c79   Thumb Code    16  st7789v2.o(i.LCD_Pow)
    i.LCD_SPI_Send                           0x08002c88   Section        0  st7789v2.o(i.LCD_SPI_Send)
    LCD_SPI_Send                             0x08002c89   Thumb Code     4  st7789v2.o(i.LCD_SPI_Send)
    i.LCD_SPI_Send_DMA                       0x08002c8c   Section        0  st7789v2.o(i.LCD_SPI_Send_DMA)
    LCD_SPI_Send_DMA                         0x08002c8d   Thumb Code     4  st7789v2.o(i.LCD_SPI_Send_DMA)
    i.LCD_ShowChar                           0x08002c90   Section        0  st7789v2.o(i.LCD_ShowChar)
    i.LCD_ShowNum                            0x08002dbc   Section        0  st7789v2.o(i.LCD_ShowNum)
    i.LCD_Show_Image_Internal_Flash          0x08002e30   Section        0  st7789v2.o(i.LCD_Show_Image_Internal_Flash)
    i.LCD_Write_Cmd                          0x08002e70   Section        0  st7789v2.o(i.LCD_Write_Cmd)
    LCD_Write_Cmd                            0x08002e71   Thumb Code    22  st7789v2.o(i.LCD_Write_Cmd)
    i.LCD_Write_Data                         0x08002e8c   Section        0  st7789v2.o(i.LCD_Write_Data)
    LCD_Write_Data                           0x08002e8d   Thumb Code    22  st7789v2.o(i.LCD_Write_Data)
    i.LCD_Write_Data_16bit                   0x08002ea8   Section        0  st7789v2.o(i.LCD_Write_Data_16bit)
    i.MODBUS_CRC16                           0x08002ed0   Section        0  modbus_rtu.o(i.MODBUS_CRC16)
    i.MX_ADC1_Init                           0x08002f04   Section        0  adc.o(i.MX_ADC1_Init)
    i.MX_DMA_Init                            0x08002fac   Section        0  dma.o(i.MX_DMA_Init)
    i.MX_GPIO_Init                           0x08003018   Section        0  gpio.o(i.MX_GPIO_Init)
    i.MX_SPI1_Init                           0x08003184   Section        0  spi.o(i.MX_SPI1_Init)
    i.MX_SPI2_Init                           0x080031cc   Section        0  spi.o(i.MX_SPI2_Init)
    i.MX_TIM4_Init                           0x08003210   Section        0  tim.o(i.MX_TIM4_Init)
    i.MX_TIM5_Init                           0x08003300   Section        0  tim.o(i.MX_TIM5_Init)
    i.MX_TIM6_Init                           0x08003368   Section        0  tim.o(i.MX_TIM6_Init)
    i.MX_TIM7_Init                           0x080033ac   Section        0  tim.o(i.MX_TIM7_Init)
    i.MX_USART1_UART_Init                    0x080033f0   Section        0  usart.o(i.MX_USART1_UART_Init)
    i.MX_USART2_UART_Init                    0x08003428   Section        0  usart.o(i.MX_USART2_UART_Init)
    i.MemManage_Handler                      0x08003460   Section        0  stm32f1xx_it.o(i.MemManage_Handler)
    i.Modbus_Event                           0x08003464   Section        0  modbus_rtu.o(i.Modbus_Event)
    i.Modbus_Fun3                            0x080034bc   Section        0  modbus_rtu.o(i.Modbus_Fun3)
    i.Modbus_Fun4                            0x08003548   Section        0  modbus_rtu.o(i.Modbus_Fun4)
    i.Modbus_Fun6                            0x080035b0   Section        0  modbus_rtu.o(i.Modbus_Fun6)
    i.NMI_Handler                            0x080035d8   Section        0  stm32f1xx_it.o(i.NMI_Handler)
    i.PendSV_Handler                         0x080035da   Section        0  stm32f1xx_it.o(i.PendSV_Handler)
    i.PutChinese                             0x080035dc   Section        0  st7789v2.o(i.PutChinese)
    i.PutChinese_strings                     0x08003674   Section        0  st7789v2.o(i.PutChinese_strings)
    i.SPI1_IRQHandler                        0x080036a4   Section        0  stm32f1xx_it.o(i.SPI1_IRQHandler)
    i.SPI1_WriteByte                         0x080036b0   Section        0  spi.o(i.SPI1_WriteByte)
    i.SPI1_WriteByte_DMA                     0x080036c0   Section        0  spi.o(i.SPI1_WriteByte_DMA)
    i.SPI2_IRQHandler                        0x080036d0   Section        0  stm32f1xx_it.o(i.SPI2_IRQHandler)
    i.SPI_DMAAbortOnError                    0x080036dc   Section        0  stm32f1xx_hal_spi.o(i.SPI_DMAAbortOnError)
    SPI_DMAAbortOnError                      0x080036dd   Thumb Code    16  stm32f1xx_hal_spi.o(i.SPI_DMAAbortOnError)
    i.SPI_DMAError                           0x080036ec   Section        0  stm32f1xx_hal_spi.o(i.SPI_DMAError)
    SPI_DMAError                             0x080036ed   Thumb Code    34  stm32f1xx_hal_spi.o(i.SPI_DMAError)
    i.SPI_DMAHalfTransmitCplt                0x0800370e   Section        0  stm32f1xx_hal_spi.o(i.SPI_DMAHalfTransmitCplt)
    SPI_DMAHalfTransmitCplt                  0x0800370f   Thumb Code    10  stm32f1xx_hal_spi.o(i.SPI_DMAHalfTransmitCplt)
    i.SPI_DMATransmitCplt                    0x08003718   Section        0  stm32f1xx_hal_spi.o(i.SPI_DMATransmitCplt)
    SPI_DMATransmitCplt                      0x08003719   Thumb Code   100  stm32f1xx_hal_spi.o(i.SPI_DMATransmitCplt)
    i.SPI_EndRxTxTransaction                 0x0800377c   Section        0  stm32f1xx_hal_spi.o(i.SPI_EndRxTxTransaction)
    SPI_EndRxTxTransaction                   0x0800377d   Thumb Code    52  stm32f1xx_hal_spi.o(i.SPI_EndRxTxTransaction)
    i.SPI_WaitFlagStateUntilTimeout          0x080037b0   Section        0  stm32f1xx_hal_spi.o(i.SPI_WaitFlagStateUntilTimeout)
    SPI_WaitFlagStateUntilTimeout            0x080037b1   Thumb Code   180  stm32f1xx_hal_spi.o(i.SPI_WaitFlagStateUntilTimeout)
    i.SVC_Handler                            0x08003868   Section        0  stm32f1xx_it.o(i.SVC_Handler)
    i.SysTick_Handler                        0x0800386a   Section        0  stm32f1xx_it.o(i.SysTick_Handler)
    i.SystemClock_Config                     0x0800386e   Section        0  main.o(i.SystemClock_Config)
    i.SystemInit                             0x080038e8   Section        0  system_stm32f1xx.o(i.SystemInit)
    i.TIM5_IRQHandler                        0x080038ec   Section        0  stm32f1xx_it.o(i.TIM5_IRQHandler)
    i.TIM6_IRQHandler                        0x080038f8   Section        0  stm32f1xx_it.o(i.TIM6_IRQHandler)
    i.TIM7_IRQHandler                        0x08003904   Section        0  stm32f1xx_it.o(i.TIM7_IRQHandler)
    i.TIM_Base_SetConfig                     0x08003910   Section        0  stm32f1xx_hal_tim.o(i.TIM_Base_SetConfig)
    i.TIM_CCxChannelCmd                      0x080039ac   Section        0  stm32f1xx_hal_tim.o(i.TIM_CCxChannelCmd)
    i.TIM_ETR_SetConfig                      0x080039c6   Section        0  stm32f1xx_hal_tim.o(i.TIM_ETR_SetConfig)
    i.TIM_ITRx_SetConfig                     0x080039da   Section        0  stm32f1xx_hal_tim.o(i.TIM_ITRx_SetConfig)
    TIM_ITRx_SetConfig                       0x080039db   Thumb Code    16  stm32f1xx_hal_tim.o(i.TIM_ITRx_SetConfig)
    i.TIM_OC1_SetConfig                      0x080039ec   Section        0  stm32f1xx_hal_tim.o(i.TIM_OC1_SetConfig)
    TIM_OC1_SetConfig                        0x080039ed   Thumb Code    88  stm32f1xx_hal_tim.o(i.TIM_OC1_SetConfig)
    i.TIM_OC2_SetConfig                      0x08003a4c   Section        0  stm32f1xx_hal_tim.o(i.TIM_OC2_SetConfig)
    i.TIM_OC3_SetConfig                      0x08003ab8   Section        0  stm32f1xx_hal_tim.o(i.TIM_OC3_SetConfig)
    TIM_OC3_SetConfig                        0x08003ab9   Thumb Code    96  stm32f1xx_hal_tim.o(i.TIM_OC3_SetConfig)
    i.TIM_OC4_SetConfig                      0x08003b20   Section        0  stm32f1xx_hal_tim.o(i.TIM_OC4_SetConfig)
    TIM_OC4_SetConfig                        0x08003b21   Thumb Code    70  stm32f1xx_hal_tim.o(i.TIM_OC4_SetConfig)
    i.TIM_TI1_ConfigInputStage               0x08003b70   Section        0  stm32f1xx_hal_tim.o(i.TIM_TI1_ConfigInputStage)
    TIM_TI1_ConfigInputStage                 0x08003b71   Thumb Code    34  stm32f1xx_hal_tim.o(i.TIM_TI1_ConfigInputStage)
    i.TIM_TI2_ConfigInputStage               0x08003b92   Section        0  stm32f1xx_hal_tim.o(i.TIM_TI2_ConfigInputStage)
    TIM_TI2_ConfigInputStage                 0x08003b93   Thumb Code    36  stm32f1xx_hal_tim.o(i.TIM_TI2_ConfigInputStage)
    i.UART_DMAAbortOnError                   0x08003bb6   Section        0  stm32f1xx_hal_uart.o(i.UART_DMAAbortOnError)
    UART_DMAAbortOnError                     0x08003bb7   Thumb Code    16  stm32f1xx_hal_uart.o(i.UART_DMAAbortOnError)
    i.UART_EndRxTransfer                     0x08003bc6   Section        0  stm32f1xx_hal_uart.o(i.UART_EndRxTransfer)
    UART_EndRxTransfer                       0x08003bc7   Thumb Code    78  stm32f1xx_hal_uart.o(i.UART_EndRxTransfer)
    i.UART_Receive_IT                        0x08003c14   Section        0  stm32f1xx_hal_uart.o(i.UART_Receive_IT)
    UART_Receive_IT                          0x08003c15   Thumb Code   194  stm32f1xx_hal_uart.o(i.UART_Receive_IT)
    i.UART_SetConfig                         0x08003cd8   Section        0  stm32f1xx_hal_uart.o(i.UART_SetConfig)
    UART_SetConfig                           0x08003cd9   Thumb Code   178  stm32f1xx_hal_uart.o(i.UART_SetConfig)
    i.UART_Start_Receive_IT                  0x08003d90   Section        0  stm32f1xx_hal_uart.o(i.UART_Start_Receive_IT)
    i.UART_WaitOnFlagUntilTimeout            0x08003dc6   Section        0  stm32f1xx_hal_uart.o(i.UART_WaitOnFlagUntilTimeout)
    UART_WaitOnFlagUntilTimeout              0x08003dc7   Thumb Code   114  stm32f1xx_hal_uart.o(i.UART_WaitOnFlagUntilTimeout)
    i.USART1_IRQHandler                      0x08003e38   Section        0  stm32f1xx_it.o(i.USART1_IRQHandler)
    i.USART2_IRQHandler                      0x08003e44   Section        0  stm32f1xx_it.o(i.USART2_IRQHandler)
    i.UsageFault_Handler                     0x08003e50   Section        0  stm32f1xx_it.o(i.UsageFault_Handler)
    i.W25Q64_Test                            0x08003e52   Section        0  spi_flash_w25q64.o(i.W25Q64_Test)
    i.__NVIC_SetPriority                     0x08003e54   Section        0  stm32f1xx_hal_cortex.o(i.__NVIC_SetPriority)
    __NVIC_SetPriority                       0x08003e55   Thumb Code    32  stm32f1xx_hal_cortex.o(i.__NVIC_SetPriority)
    i.__scatterload_copy                     0x08003e74   Section       14  handlers.o(i.__scatterload_copy)
    i.__scatterload_null                     0x08003e82   Section        2  handlers.o(i.__scatterload_null)
    i.__scatterload_zeroinit                 0x08003e84   Section       14  handlers.o(i.__scatterload_zeroinit)
    i.ac220_switch                           0x08003e94   Section        0  gui.o(i.ac220_switch)
    ac220_switch                             0x08003e95   Thumb Code    72  gui.o(i.ac220_switch)
    i.delay_ms                               0x08003eec   Section        0  delay.o(i.delay_ms)
    i.get_slave_current_statu_multifunpower  0x08003f10   Section        0  modbus_rtu.o(i.get_slave_current_statu_multifunpower)
    i.get_slave_init_statu_multifunpower     0x08003f54   Section        0  modbus_rtu.o(i.get_slave_init_statu_multifunpower)
    i.gui_init                               0x08003f98   Section        0  gui.o(i.gui_init)
    i.icon_beat                              0x08003fcc   Section        0  gui.o(i.icon_beat)
    i.jump_to_init                           0x080042c4   Section        0  key_crl.o(i.jump_to_init)
    i.key1_press                             0x080042f0   Section        0  key_crl.o(i.key1_press)
    i.key2_press                             0x0800439c   Section        0  key_crl.o(i.key2_press)
    i.key3_press                             0x080044a0   Section        0  key_crl.o(i.key3_press)
    i.key4_press                             0x080045b0   Section        0  key_crl.o(i.key4_press)
    i.key_init                               0x08004690   Section        0  key_crl.o(i.key_init)
    i.key_scan                               0x080046b0   Section        0  key_crl.o(i.key_scan)
    i.led_beat                               0x08004740   Section        0  gui.o(i.led_beat)
    led_beat                                 0x08004741   Thumb Code    70  gui.o(i.led_beat)
    i.main                                   0x08004798   Section        0  main.o(i.main)
    i.modbus_send_data                       0x080048b0   Section        0  modbus_rtu.o(i.modbus_send_data)
    i.power_crl                              0x080048d4   Section        0  power_crl.o(i.power_crl)
    i.pwm_crl                                0x08004904   Section        0  pwm_crl.o(i.pwm_crl)
    i.refresh_icon                           0x08004940   Section        0  gui.o(i.refresh_icon)
    i.screen_test                            0x08004a7c   Section        0  gui.o(i.screen_test)
    i.sync_switch                            0x08004e9c   Section        0  gui.o(i.sync_switch)
    i.update_fun                             0x08004ee4   Section        0  gui.o(i.update_fun)
    i.wait_spi1_dma_transmit                 0x08005020   Section        0  st7789v2.o(i.wait_spi1_dma_transmit)
    i.write_slave_reg                        0x08005034   Section        0  modbus_rtu.o(i.write_slave_reg)
    .constdata                               0x08005100   Section       18  stm32f1xx_hal_rcc.o(.constdata)
    aPredivFactorTable                       0x08005100   Data           2  stm32f1xx_hal_rcc.o(.constdata)
    aPLLMULFactorTable                       0x08005102   Data          16  stm32f1xx_hal_rcc.o(.constdata)
    .constdata                               0x08005112   Section       18  stm32f1xx_hal_rcc_ex.o(.constdata)
    aPredivFactorTable                       0x08005112   Data           2  stm32f1xx_hal_rcc_ex.o(.constdata)
    aPLLMULFactorTable                       0x08005114   Data          16  stm32f1xx_hal_rcc_ex.o(.constdata)
    .constdata                               0x08005124   Section       16  system_stm32f1xx.o(.constdata)
    .constdata                               0x08005134   Section        8  system_stm32f1xx.o(.constdata)
    .constdata                               0x0800513c   Section    28022  gui.o(.constdata)
    .constdata                               0x0800beb2   Section    19652  st7789v2.o(.constdata)
    .data                                    0x20000000   Section        8  tim.o(.data)
    switch_flag                              0x20000000   Data           1  tim.o(.data)
    phase_flag                               0x20000001   Data           1  tim.o(.data)
    key_scan_cnt                             0x20000002   Data           1  tim.o(.data)
    beat_scan_cnt                            0x20000003   Data           1  tim.o(.data)
    update_cnt                               0x20000004   Data           1  tim.o(.data)
    modbus_04_scan_cnt                       0x20000005   Data           1  tim.o(.data)
    phase_num                                0x20000006   Data           2  tim.o(.data)
    .data                                    0x20000008   Section       12  stm32f1xx_hal.o(.data)
    .data                                    0x20000014   Section        4  system_stm32f1xx.o(.data)
    .data                                    0x20000018   Section        7  gui.o(.data)
    switch_on_off                            0x20000018   Data           1  gui.o(.data)
    .data                                    0x20000020   Section        4  st7789v2.o(.data)
    .data                                    0x20000024   Section        2  st7789v2.o(.data)
    .data                                    0x20000026   Section        4  power_crl.o(.data)
    .data                                    0x2000002a   Section        1  power_crl.o(.data)
    .data                                    0x2000002b   Section        1  power_crl.o(.data)
    .bss                                     0x2000002c   Section       48  adc.o(.bss)
    .bss                                     0x2000005c   Section      380  spi.o(.bss)
    .bss                                     0x200001d8   Section      288  tim.o(.bss)
    .bss                                     0x200002f8   Section      280  usart.o(.bss)
    .bss                                     0x20000410   Section        9  gui.o(.bss)
    .bss                                     0x20000419   Section     1536  st7789v2.o(.bss)
    lcd_buf                                  0x20000419   Data        1536  st7789v2.o(.bss)
    .bss                                     0x20000a1a   Section       12  key_crl.o(.bss)
    .bss                                     0x20000a26   Section      204  communication.o(.bss)
    .bss                                     0x20000af2   Section      113  modbus_rtu.o(.bss)
    STACK                                    0x20000b68   Section     1024  startup_stm32f103xe.o(STACK)

    Global Symbols

    Symbol Name                              Value     Ov Type        Size  Object(Section)

    BuildAttributes$$THM_ISAv4$P$D$K$B$S$PE$A:L22UL41UL21$X:L11$S22US41US21$IEEE1$IW$USESV6$~STKCKD$USESV7$~SHL$OSPACE$ROPI$EBA8$MICROLIB$REQ8$PRES8$EABIv2 0x00000000   Number         0  anon$$obj.o ABSOLUTE
    __ARM_use_no_argv                        0x00000000   Number         0  main.o ABSOLUTE
    __arm_fini_                               - Undefined Weak Reference
    __cpp_initialize__aeabi_                  - Undefined Weak Reference
    __cxa_finalize                            - Undefined Weak Reference
    __decompress                              - Undefined Weak Reference
    _clock_init                               - Undefined Weak Reference
    _microlib_exit                            - Undefined Weak Reference
    __Vectors_Size                           0x00000130   Number         0  startup_stm32f103xe.o ABSOLUTE
    __Vectors                                0x08000000   Data           4  startup_stm32f103xe.o(RESET)
    __Vectors_End                            0x08000130   Data           0  startup_stm32f103xe.o(RESET)
    __main                                   0x08000131   Thumb Code     0  entry.o(.ARM.Collect$$$$00000000)
    _main_stk                                0x08000131   Thumb Code     0  entry2.o(.ARM.Collect$$$$00000001)
    _main_scatterload                        0x08000135   Thumb Code     0  entry5.o(.ARM.Collect$$$$00000004)
    __main_after_scatterload                 0x08000139   Thumb Code     0  entry5.o(.ARM.Collect$$$$00000004)
    _main_clock                              0x08000139   Thumb Code     0  entry7b.o(.ARM.Collect$$$$00000008)
    _main_cpp_init                           0x08000139   Thumb Code     0  entry8b.o(.ARM.Collect$$$$0000000A)
    _main_init                               0x08000139   Thumb Code     0  entry9a.o(.ARM.Collect$$$$0000000B)
    __rt_lib_shutdown_fini                   0x08000141   Thumb Code     0  entry12b.o(.ARM.Collect$$$$0000000E)
    __rt_final_cpp                           0x08000145   Thumb Code     0  entry10a.o(.ARM.Collect$$$$0000000F)
    __rt_final_exit                          0x08000145   Thumb Code     0  entry11a.o(.ARM.Collect$$$$00000011)
    Reset_Handler                            0x08000149   Thumb Code     8  startup_stm32f103xe.o(.text)
    ADC3_IRQHandler                          0x08000163   Thumb Code     0  startup_stm32f103xe.o(.text)
    CAN1_RX1_IRQHandler                      0x08000163   Thumb Code     0  startup_stm32f103xe.o(.text)
    CAN1_SCE_IRQHandler                      0x08000163   Thumb Code     0  startup_stm32f103xe.o(.text)
    DMA1_Channel1_IRQHandler                 0x08000163   Thumb Code     0  startup_stm32f103xe.o(.text)
    DMA1_Channel2_IRQHandler                 0x08000163   Thumb Code     0  startup_stm32f103xe.o(.text)
    DMA2_Channel1_IRQHandler                 0x08000163   Thumb Code     0  startup_stm32f103xe.o(.text)
    DMA2_Channel2_IRQHandler                 0x08000163   Thumb Code     0  startup_stm32f103xe.o(.text)
    DMA2_Channel3_IRQHandler                 0x08000163   Thumb Code     0  startup_stm32f103xe.o(.text)
    DMA2_Channel4_5_IRQHandler               0x08000163   Thumb Code     0  startup_stm32f103xe.o(.text)
    EXTI0_IRQHandler                         0x08000163   Thumb Code     0  startup_stm32f103xe.o(.text)
    EXTI15_10_IRQHandler                     0x08000163   Thumb Code     0  startup_stm32f103xe.o(.text)
    EXTI1_IRQHandler                         0x08000163   Thumb Code     0  startup_stm32f103xe.o(.text)
    EXTI2_IRQHandler                         0x08000163   Thumb Code     0  startup_stm32f103xe.o(.text)
    EXTI3_IRQHandler                         0x08000163   Thumb Code     0  startup_stm32f103xe.o(.text)
    EXTI4_IRQHandler                         0x08000163   Thumb Code     0  startup_stm32f103xe.o(.text)
    FLASH_IRQHandler                         0x08000163   Thumb Code     0  startup_stm32f103xe.o(.text)
    FSMC_IRQHandler                          0x08000163   Thumb Code     0  startup_stm32f103xe.o(.text)
    I2C1_ER_IRQHandler                       0x08000163   Thumb Code     0  startup_stm32f103xe.o(.text)
    I2C1_EV_IRQHandler                       0x08000163   Thumb Code     0  startup_stm32f103xe.o(.text)
    I2C2_ER_IRQHandler                       0x08000163   Thumb Code     0  startup_stm32f103xe.o(.text)
    I2C2_EV_IRQHandler                       0x08000163   Thumb Code     0  startup_stm32f103xe.o(.text)
    PVD_IRQHandler                           0x08000163   Thumb Code     0  startup_stm32f103xe.o(.text)
    RCC_IRQHandler                           0x08000163   Thumb Code     0  startup_stm32f103xe.o(.text)
    RTC_Alarm_IRQHandler                     0x08000163   Thumb Code     0  startup_stm32f103xe.o(.text)
    RTC_IRQHandler                           0x08000163   Thumb Code     0  startup_stm32f103xe.o(.text)
    SDIO_IRQHandler                          0x08000163   Thumb Code     0  startup_stm32f103xe.o(.text)
    SPI3_IRQHandler                          0x08000163   Thumb Code     0  startup_stm32f103xe.o(.text)
    TAMPER_IRQHandler                        0x08000163   Thumb Code     0  startup_stm32f103xe.o(.text)
    TIM1_BRK_IRQHandler                      0x08000163   Thumb Code     0  startup_stm32f103xe.o(.text)
    TIM1_CC_IRQHandler                       0x08000163   Thumb Code     0  startup_stm32f103xe.o(.text)
    TIM1_TRG_COM_IRQHandler                  0x08000163   Thumb Code     0  startup_stm32f103xe.o(.text)
    TIM1_UP_IRQHandler                       0x08000163   Thumb Code     0  startup_stm32f103xe.o(.text)
    TIM2_IRQHandler                          0x08000163   Thumb Code     0  startup_stm32f103xe.o(.text)
    TIM3_IRQHandler                          0x08000163   Thumb Code     0  startup_stm32f103xe.o(.text)
    TIM4_IRQHandler                          0x08000163   Thumb Code     0  startup_stm32f103xe.o(.text)
    TIM8_BRK_IRQHandler                      0x08000163   Thumb Code     0  startup_stm32f103xe.o(.text)
    TIM8_CC_IRQHandler                       0x08000163   Thumb Code     0  startup_stm32f103xe.o(.text)
    TIM8_TRG_COM_IRQHandler                  0x08000163   Thumb Code     0  startup_stm32f103xe.o(.text)
    TIM8_UP_IRQHandler                       0x08000163   Thumb Code     0  startup_stm32f103xe.o(.text)
    UART4_IRQHandler                         0x08000163   Thumb Code     0  startup_stm32f103xe.o(.text)
    UART5_IRQHandler                         0x08000163   Thumb Code     0  startup_stm32f103xe.o(.text)
    USART3_IRQHandler                        0x08000163   Thumb Code     0  startup_stm32f103xe.o(.text)
    USBWakeUp_IRQHandler                     0x08000163   Thumb Code     0  startup_stm32f103xe.o(.text)
    USB_HP_CAN1_TX_IRQHandler                0x08000163   Thumb Code     0  startup_stm32f103xe.o(.text)
    USB_LP_CAN1_RX0_IRQHandler               0x08000163   Thumb Code     0  startup_stm32f103xe.o(.text)
    WWDG_IRQHandler                          0x08000163   Thumb Code     0  startup_stm32f103xe.o(.text)
    __aeabi_memcpy                           0x0800016d   Thumb Code    36  memcpya.o(.text)
    __aeabi_memcpy4                          0x0800016d   Thumb Code     0  memcpya.o(.text)
    __aeabi_memcpy8                          0x0800016d   Thumb Code     0  memcpya.o(.text)
    __aeabi_memset                           0x08000191   Thumb Code    14  memseta.o(.text)
    __aeabi_memset4                          0x08000191   Thumb Code     0  memseta.o(.text)
    __aeabi_memset8                          0x08000191   Thumb Code     0  memseta.o(.text)
    __aeabi_memclr                           0x0800019f   Thumb Code     4  memseta.o(.text)
    __aeabi_memclr4                          0x0800019f   Thumb Code     0  memseta.o(.text)
    __aeabi_memclr8                          0x0800019f   Thumb Code     0  memseta.o(.text)
    _memset$wrapper                          0x080001a3   Thumb Code    18  memseta.o(.text)
    __scatterload                            0x080001b5   Thumb Code    28  init.o(.text)
    __scatterload_rt2                        0x080001b5   Thumb Code     0  init.o(.text)
    ADC1_2_IRQHandler                        0x080001d9   Thumb Code     6  stm32f1xx_it.o(i.ADC1_2_IRQHandler)
    ADC_ConversionStop_Disable               0x080001e5   Thumb Code    86  stm32f1xx_hal_adc.o(i.ADC_ConversionStop_Disable)
    ADC_Enable                               0x0800023d   Thumb Code   114  stm32f1xx_hal_adc.o(i.ADC_Enable)
    BusFault_Handler                         0x080002b9   Thumb Code     2  stm32f1xx_it.o(i.BusFault_Handler)
    DMA1_Channel3_IRQHandler                 0x080002bd   Thumb Code     6  stm32f1xx_it.o(i.DMA1_Channel3_IRQHandler)
    DMA1_Channel4_IRQHandler                 0x080002c9   Thumb Code     6  stm32f1xx_it.o(i.DMA1_Channel4_IRQHandler)
    DMA1_Channel5_IRQHandler                 0x080002d5   Thumb Code     6  stm32f1xx_it.o(i.DMA1_Channel5_IRQHandler)
    DMA1_Channel6_IRQHandler                 0x080002e1   Thumb Code     6  stm32f1xx_it.o(i.DMA1_Channel6_IRQHandler)
    DMA1_Channel7_IRQHandler                 0x080002ed   Thumb Code     6  stm32f1xx_it.o(i.DMA1_Channel7_IRQHandler)
    DebugMon_Handler                         0x08000323   Thumb Code     2  stm32f1xx_it.o(i.DebugMon_Handler)
    EXTI9_5_IRQHandler                       0x08000325   Thumb Code     6  stm32f1xx_it.o(i.EXTI9_5_IRQHandler)
    Error_Handler                            0x0800032b   Thumb Code     4  main.o(i.Error_Handler)
    HAL_ADCEx_Calibration_Start              0x08000331   Thumb Code   210  stm32f1xx_hal_adc_ex.o(i.HAL_ADCEx_Calibration_Start)
    HAL_ADCEx_InjectedConvCpltCallback       0x08000409   Thumb Code     2  stm32f1xx_hal_adc_ex.o(i.HAL_ADCEx_InjectedConvCpltCallback)
    HAL_ADC_ConfigChannel                    0x0800040d   Thumb Code   240  stm32f1xx_hal_adc.o(i.HAL_ADC_ConfigChannel)
    HAL_ADC_ConvCpltCallback                 0x08000509   Thumb Code     2  stm32f1xx_hal_adc.o(i.HAL_ADC_ConvCpltCallback)
    HAL_ADC_IRQHandler                       0x0800050b   Thumb Code   220  stm32f1xx_hal_adc.o(i.HAL_ADC_IRQHandler)
    HAL_ADC_Init                             0x080005e9   Thumb Code   272  stm32f1xx_hal_adc.o(i.HAL_ADC_Init)
    HAL_ADC_LevelOutOfWindowCallback         0x08000709   Thumb Code     2  stm32f1xx_hal_adc.o(i.HAL_ADC_LevelOutOfWindowCallback)
    HAL_ADC_MspInit                          0x0800070d   Thumb Code   122  adc.o(i.HAL_ADC_MspInit)
    HAL_DMA_Abort                            0x08000799   Thumb Code    70  stm32f1xx_hal_dma.o(i.HAL_DMA_Abort)
    HAL_DMA_Abort_IT                         0x080007e1   Thumb Code   296  stm32f1xx_hal_dma.o(i.HAL_DMA_Abort_IT)
    HAL_DMA_IRQHandler                       0x08000911   Thumb Code   552  stm32f1xx_hal_dma.o(i.HAL_DMA_IRQHandler)
    HAL_DMA_Init                             0x08000b59   Thumb Code   112  stm32f1xx_hal_dma.o(i.HAL_DMA_Init)
    HAL_DMA_Start_IT                         0x08000bd5   Thumb Code   112  stm32f1xx_hal_dma.o(i.HAL_DMA_Start_IT)
    HAL_Delay                                0x08000c45   Thumb Code    32  stm32f1xx_hal.o(i.HAL_Delay)
    HAL_GPIO_EXTI_Callback                   0x08000c69   Thumb Code    12  power_crl.o(i.HAL_GPIO_EXTI_Callback)
    HAL_GPIO_EXTI_IRQHandler                 0x08000c79   Thumb Code    18  stm32f1xx_hal_gpio.o(i.HAL_GPIO_EXTI_IRQHandler)
    HAL_GPIO_Init                            0x08000c91   Thumb Code   462  stm32f1xx_hal_gpio.o(i.HAL_GPIO_Init)
    HAL_GPIO_ReadPin                         0x08000e89   Thumb Code    10  stm32f1xx_hal_gpio.o(i.HAL_GPIO_ReadPin)
    HAL_GPIO_WritePin                        0x08000e93   Thumb Code    10  stm32f1xx_hal_gpio.o(i.HAL_GPIO_WritePin)
    HAL_GetTick                              0x08000e9d   Thumb Code     6  stm32f1xx_hal.o(i.HAL_GetTick)
    HAL_IncTick                              0x08000ea9   Thumb Code    12  stm32f1xx_hal.o(i.HAL_IncTick)
    HAL_Init                                 0x08000eb9   Thumb Code    32  stm32f1xx_hal.o(i.HAL_Init)
    HAL_InitTick                             0x08000edd   Thumb Code    54  stm32f1xx_hal.o(i.HAL_InitTick)
    HAL_MspInit                              0x08000f1d   Thumb Code    52  stm32f1xx_hal_msp.o(i.HAL_MspInit)
    HAL_NVIC_EnableIRQ                       0x08000f59   Thumb Code    26  stm32f1xx_hal_cortex.o(i.HAL_NVIC_EnableIRQ)
    HAL_NVIC_SetPriority                     0x08000f75   Thumb Code    60  stm32f1xx_hal_cortex.o(i.HAL_NVIC_SetPriority)
    HAL_NVIC_SetPriorityGrouping             0x08000fb5   Thumb Code    26  stm32f1xx_hal_cortex.o(i.HAL_NVIC_SetPriorityGrouping)
    HAL_RCCEx_GetPeriphCLKFreq               0x08000fd9   Thumb Code   166  stm32f1xx_hal_rcc_ex.o(i.HAL_RCCEx_GetPeriphCLKFreq)
    HAL_RCCEx_PeriphCLKConfig                0x08001091   Thumb Code   224  stm32f1xx_hal_rcc_ex.o(i.HAL_RCCEx_PeriphCLKConfig)
    HAL_RCC_ClockConfig                      0x0800117d   Thumb Code   280  stm32f1xx_hal_rcc.o(i.HAL_RCC_ClockConfig)
    HAL_RCC_GetPCLK1Freq                     0x080012a9   Thumb Code    20  stm32f1xx_hal_rcc.o(i.HAL_RCC_GetPCLK1Freq)
    HAL_RCC_GetPCLK2Freq                     0x080012c9   Thumb Code    20  stm32f1xx_hal_rcc.o(i.HAL_RCC_GetPCLK2Freq)
    HAL_RCC_GetSysClockFreq                  0x080012e9   Thumb Code    58  stm32f1xx_hal_rcc.o(i.HAL_RCC_GetSysClockFreq)
    HAL_RCC_OscConfig                        0x08001335   Thumb Code   778  stm32f1xx_hal_rcc.o(i.HAL_RCC_OscConfig)
    HAL_SPI_ErrorCallback                    0x08001655   Thumb Code     2  stm32f1xx_hal_spi.o(i.HAL_SPI_ErrorCallback)
    HAL_SPI_IRQHandler                       0x08001659   Thumb Code   220  stm32f1xx_hal_spi.o(i.HAL_SPI_IRQHandler)
    HAL_SPI_Init                             0x08001739   Thumb Code   178  stm32f1xx_hal_spi.o(i.HAL_SPI_Init)
    HAL_SPI_MspInit                          0x080017ed   Thumb Code   314  spi.o(i.HAL_SPI_MspInit)
    HAL_SPI_Transmit                         0x08001945   Thumb Code   358  stm32f1xx_hal_spi.o(i.HAL_SPI_Transmit)
    HAL_SPI_Transmit_DMA                     0x08001aad   Thumb Code   190  stm32f1xx_hal_spi.o(i.HAL_SPI_Transmit_DMA)
    HAL_SPI_TxCpltCallback                   0x08001b79   Thumb Code    16  st7789v2.o(i.HAL_SPI_TxCpltCallback)
    HAL_SPI_TxHalfCpltCallback               0x08001b91   Thumb Code     2  stm32f1xx_hal_spi.o(i.HAL_SPI_TxHalfCpltCallback)
    HAL_SYSTICK_Config                       0x08001b93   Thumb Code    40  stm32f1xx_hal_cortex.o(i.HAL_SYSTICK_Config)
    HAL_TIMEx_BreakCallback                  0x08001bbb   Thumb Code     2  stm32f1xx_hal_tim_ex.o(i.HAL_TIMEx_BreakCallback)
    HAL_TIMEx_CommutCallback                 0x08001bbd   Thumb Code     2  stm32f1xx_hal_tim_ex.o(i.HAL_TIMEx_CommutCallback)
    HAL_TIMEx_MasterConfigSynchronization    0x08001bc1   Thumb Code   104  stm32f1xx_hal_tim_ex.o(i.HAL_TIMEx_MasterConfigSynchronization)
    HAL_TIM_Base_Init                        0x08001c3d   Thumb Code    90  stm32f1xx_hal_tim.o(i.HAL_TIM_Base_Init)
    HAL_TIM_Base_MspInit                     0x08001c99   Thumb Code   144  tim.o(i.HAL_TIM_Base_MspInit)
    HAL_TIM_Base_Start_IT                    0x08001d3d   Thumb Code    88  stm32f1xx_hal_tim.o(i.HAL_TIM_Base_Start_IT)
    HAL_TIM_Base_Stop_IT                     0x08001da9   Thumb Code    48  stm32f1xx_hal_tim.o(i.HAL_TIM_Base_Stop_IT)
    HAL_TIM_ConfigClockSource                0x08001dd9   Thumb Code   220  stm32f1xx_hal_tim.o(i.HAL_TIM_ConfigClockSource)
    HAL_TIM_IC_CaptureCallback               0x08001eb5   Thumb Code     2  stm32f1xx_hal_tim.o(i.HAL_TIM_IC_CaptureCallback)
    HAL_TIM_IRQHandler                       0x08001eb7   Thumb Code   304  stm32f1xx_hal_tim.o(i.HAL_TIM_IRQHandler)
    HAL_TIM_MspPostInit                      0x08001fe9   Thumb Code    64  tim.o(i.HAL_TIM_MspPostInit)
    HAL_TIM_OC_DelayElapsedCallback          0x08002035   Thumb Code     2  stm32f1xx_hal_tim.o(i.HAL_TIM_OC_DelayElapsedCallback)
    HAL_TIM_PWM_ConfigChannel                0x08002037   Thumb Code   204  stm32f1xx_hal_tim.o(i.HAL_TIM_PWM_ConfigChannel)
    HAL_TIM_PWM_Init                         0x08002103   Thumb Code    90  stm32f1xx_hal_tim.o(i.HAL_TIM_PWM_Init)
    HAL_TIM_PWM_MspInit                      0x0800215d   Thumb Code     2  stm32f1xx_hal_tim.o(i.HAL_TIM_PWM_MspInit)
    HAL_TIM_PWM_PulseFinishedCallback        0x0800215f   Thumb Code     2  stm32f1xx_hal_tim.o(i.HAL_TIM_PWM_PulseFinishedCallback)
    HAL_TIM_PWM_Start                        0x08002161   Thumb Code   160  stm32f1xx_hal_tim.o(i.HAL_TIM_PWM_Start)
    HAL_TIM_PeriodElapsedCallback            0x08002215   Thumb Code   350  tim.o(i.HAL_TIM_PeriodElapsedCallback)
    HAL_TIM_TriggerCallback                  0x080023a1   Thumb Code     2  stm32f1xx_hal_tim.o(i.HAL_TIM_TriggerCallback)
    HAL_UARTEx_RxEventCallback               0x080023a3   Thumb Code     2  stm32f1xx_hal_uart.o(i.HAL_UARTEx_RxEventCallback)
    HAL_UART_ErrorCallback                   0x080023a5   Thumb Code     2  stm32f1xx_hal_uart.o(i.HAL_UART_ErrorCallback)
    HAL_UART_IRQHandler                      0x080023a9   Thumb Code   616  stm32f1xx_hal_uart.o(i.HAL_UART_IRQHandler)
    HAL_UART_Init                            0x08002615   Thumb Code   100  stm32f1xx_hal_uart.o(i.HAL_UART_Init)
    HAL_UART_MspInit                         0x08002679   Thumb Code   280  usart.o(i.HAL_UART_MspInit)
    HAL_UART_Receive_IT                      0x080027a9   Thumb Code    28  stm32f1xx_hal_uart.o(i.HAL_UART_Receive_IT)
    HAL_UART_RxCpltCallback                  0x080027c5   Thumb Code    60  communication.o(i.HAL_UART_RxCpltCallback)
    HAL_UART_Transmit                        0x0800280d   Thumb Code   160  stm32f1xx_hal_uart.o(i.HAL_UART_Transmit)
    HAL_UART_TxCpltCallback                  0x080028ad   Thumb Code     2  stm32f1xx_hal_uart.o(i.HAL_UART_TxCpltCallback)
    HardFault_Handler                        0x080028af   Thumb Code     2  stm32f1xx_it.o(i.HardFault_Handler)
    LCD_Address_Set                          0x080028b1   Thumb Code    58  st7789v2.o(i.LCD_Address_Set)
    LCD_Clear                                0x080028ed   Thumb Code    80  st7789v2.o(i.LCD_Clear)
    LCD_DrawLine                             0x08002945   Thumb Code   228  st7789v2.o(i.LCD_DrawLine)
    LCD_Draw_ColorPoint                      0x08002a31   Thumb Code    22  st7789v2.o(i.LCD_Draw_ColorPoint)
    LCD_Fill                                 0x08002a49   Thumb Code   118  st7789v2.o(i.LCD_Fill)
    LCD_Init                                 0x08002ac9   Thumb Code   428  st7789v2.o(i.LCD_Init)
    LCD_ShowChar                             0x08002c91   Thumb Code   288  st7789v2.o(i.LCD_ShowChar)
    LCD_ShowNum                              0x08002dbd   Thumb Code   116  st7789v2.o(i.LCD_ShowNum)
    LCD_Show_Image_Internal_Flash            0x08002e31   Thumb Code    60  st7789v2.o(i.LCD_Show_Image_Internal_Flash)
    LCD_Write_Data_16bit                     0x08002ea9   Thumb Code    36  st7789v2.o(i.LCD_Write_Data_16bit)
    MODBUS_CRC16                             0x08002ed1   Thumb Code    50  modbus_rtu.o(i.MODBUS_CRC16)
    MX_ADC1_Init                             0x08002f05   Thumb Code   160  adc.o(i.MX_ADC1_Init)
    MX_DMA_Init                              0x08002fad   Thumb Code   104  dma.o(i.MX_DMA_Init)
    MX_GPIO_Init                             0x08003019   Thumb Code   340  gpio.o(i.MX_GPIO_Init)
    MX_SPI1_Init                             0x08003185   Thumb Code    62  spi.o(i.MX_SPI1_Init)
    MX_SPI2_Init                             0x080031cd   Thumb Code    60  spi.o(i.MX_SPI2_Init)
    MX_TIM4_Init                             0x08003211   Thumb Code   232  tim.o(i.MX_TIM4_Init)
    MX_TIM5_Init                             0x08003301   Thumb Code    94  tim.o(i.MX_TIM5_Init)
    MX_TIM6_Init                             0x08003369   Thumb Code    60  tim.o(i.MX_TIM6_Init)
    MX_TIM7_Init                             0x080033ad   Thumb Code    58  tim.o(i.MX_TIM7_Init)
    MX_USART1_UART_Init                      0x080033f1   Thumb Code    48  usart.o(i.MX_USART1_UART_Init)
    MX_USART2_UART_Init                      0x08003429   Thumb Code    48  usart.o(i.MX_USART2_UART_Init)
    MemManage_Handler                        0x08003461   Thumb Code     2  stm32f1xx_it.o(i.MemManage_Handler)
    Modbus_Event                             0x08003465   Thumb Code    84  modbus_rtu.o(i.Modbus_Event)
    Modbus_Fun3                              0x080034bd   Thumb Code   126  modbus_rtu.o(i.Modbus_Fun3)
    Modbus_Fun4                              0x08003549   Thumb Code    94  modbus_rtu.o(i.Modbus_Fun4)
    Modbus_Fun6                              0x080035b1   Thumb Code    28  modbus_rtu.o(i.Modbus_Fun6)
    NMI_Handler                              0x080035d9   Thumb Code     2  stm32f1xx_it.o(i.NMI_Handler)
    PendSV_Handler                           0x080035db   Thumb Code     2  stm32f1xx_it.o(i.PendSV_Handler)
    PutChinese                               0x080035dd   Thumb Code   146  st7789v2.o(i.PutChinese)
    PutChinese_strings                       0x08003675   Thumb Code    46  st7789v2.o(i.PutChinese_strings)
    SPI1_IRQHandler                          0x080036a5   Thumb Code     6  stm32f1xx_it.o(i.SPI1_IRQHandler)
    SPI1_WriteByte                           0x080036b1   Thumb Code    12  spi.o(i.SPI1_WriteByte)
    SPI1_WriteByte_DMA                       0x080036c1   Thumb Code    10  spi.o(i.SPI1_WriteByte_DMA)
    SPI2_IRQHandler                          0x080036d1   Thumb Code     6  stm32f1xx_it.o(i.SPI2_IRQHandler)
    SVC_Handler                              0x08003869   Thumb Code     2  stm32f1xx_it.o(i.SVC_Handler)
    SysTick_Handler                          0x0800386b   Thumb Code     4  stm32f1xx_it.o(i.SysTick_Handler)
    SystemClock_Config                       0x0800386f   Thumb Code   122  main.o(i.SystemClock_Config)
    SystemInit                               0x080038e9   Thumb Code     2  system_stm32f1xx.o(i.SystemInit)
    TIM5_IRQHandler                          0x080038ed   Thumb Code     6  stm32f1xx_it.o(i.TIM5_IRQHandler)
    TIM6_IRQHandler                          0x080038f9   Thumb Code     6  stm32f1xx_it.o(i.TIM6_IRQHandler)
    TIM7_IRQHandler                          0x08003905   Thumb Code     6  stm32f1xx_it.o(i.TIM7_IRQHandler)
    TIM_Base_SetConfig                       0x08003911   Thumb Code   134  stm32f1xx_hal_tim.o(i.TIM_Base_SetConfig)
    TIM_CCxChannelCmd                        0x080039ad   Thumb Code    26  stm32f1xx_hal_tim.o(i.TIM_CCxChannelCmd)
    TIM_ETR_SetConfig                        0x080039c7   Thumb Code    20  stm32f1xx_hal_tim.o(i.TIM_ETR_SetConfig)
    TIM_OC2_SetConfig                        0x08003a4d   Thumb Code    98  stm32f1xx_hal_tim.o(i.TIM_OC2_SetConfig)
    UART_Start_Receive_IT                    0x08003d91   Thumb Code    54  stm32f1xx_hal_uart.o(i.UART_Start_Receive_IT)
    USART1_IRQHandler                        0x08003e39   Thumb Code     6  stm32f1xx_it.o(i.USART1_IRQHandler)
    USART2_IRQHandler                        0x08003e45   Thumb Code     6  stm32f1xx_it.o(i.USART2_IRQHandler)
    UsageFault_Handler                       0x08003e51   Thumb Code     2  stm32f1xx_it.o(i.UsageFault_Handler)
    W25Q64_Test                              0x08003e53   Thumb Code     2  spi_flash_w25q64.o(i.W25Q64_Test)
    __scatterload_copy                       0x08003e75   Thumb Code    14  handlers.o(i.__scatterload_copy)
    __scatterload_null                       0x08003e83   Thumb Code     2  handlers.o(i.__scatterload_null)
    __scatterload_zeroinit                   0x08003e85   Thumb Code    14  handlers.o(i.__scatterload_zeroinit)
    delay_ms                                 0x08003eed   Thumb Code    36  delay.o(i.delay_ms)
    get_slave_current_statu_multifunpower    0x08003f11   Thumb Code    52  modbus_rtu.o(i.get_slave_current_statu_multifunpower)
    get_slave_init_statu_multifunpower       0x08003f55   Thumb Code    52  modbus_rtu.o(i.get_slave_init_statu_multifunpower)
    gui_init                                 0x08003f99   Thumb Code    44  gui.o(i.gui_init)
    icon_beat                                0x08003fcd   Thumb Code   732  gui.o(i.icon_beat)
    jump_to_init                             0x080042c5   Thumb Code    32  key_crl.o(i.jump_to_init)
    key1_press                               0x080042f1   Thumb Code   150  key_crl.o(i.key1_press)
    key2_press                               0x0800439d   Thumb Code   236  key_crl.o(i.key2_press)
    key3_press                               0x080044a1   Thumb Code   242  key_crl.o(i.key3_press)
    key4_press                               0x080045b1   Thumb Code   200  key_crl.o(i.key4_press)
    key_init                                 0x08004691   Thumb Code    26  key_crl.o(i.key_init)
    key_scan                                 0x080046b1   Thumb Code   134  key_crl.o(i.key_scan)
    main                                     0x08004799   Thumb Code   238  main.o(i.main)
    modbus_send_data                         0x080048b1   Thumb Code    30  modbus_rtu.o(i.modbus_send_data)
    power_crl                                0x080048d5   Thumb Code    40  power_crl.o(i.power_crl)
    pwm_crl                                  0x08004905   Thumb Code    50  pwm_crl.o(i.pwm_crl)
    refresh_icon                             0x08004941   Thumb Code   276  gui.o(i.refresh_icon)
    screen_test                              0x08004a7d   Thumb Code  1056  gui.o(i.screen_test)
    sync_switch                              0x08004e9d   Thumb Code    62  gui.o(i.sync_switch)
    update_fun                               0x08004ee5   Thumb Code   296  gui.o(i.update_fun)
    wait_spi1_dma_transmit                   0x08005021   Thumb Code    14  st7789v2.o(i.wait_spi1_dma_transmit)
    write_slave_reg                          0x08005035   Thumb Code   190  modbus_rtu.o(i.write_slave_reg)
    AHBPrescTable                            0x08005124   Data          16  system_stm32f1xx.o(.constdata)
    APBPrescTable                            0x08005134   Data           8  system_stm32f1xx.o(.constdata)
    gImage_connect_on                        0x0800513c   Data        1740  gui.o(.constdata)
    gImage_sync                              0x08005808   Data        1800  gui.o(.constdata)
    gImage_temp_stop                         0x08005f10   Data        1800  gui.o(.constdata)
    gImage_temp_running                      0x08006618   Data        1800  gui.o(.constdata)
    gImage_temp_set                          0x08006d20   Data        2048  gui.o(.constdata)
    gImage_ac220_on                          0x08007520   Data        5148  gui.o(.constdata)
    gImage_ac220_off                         0x0800893c   Data        5148  gui.o(.constdata)
    gImage_led_on                            0x08009d58   Data        2048  gui.o(.constdata)
    gImage_led_off                           0x0800a558   Data        2048  gui.o(.constdata)
    gImage_fan_on                            0x0800ad58   Data        2048  gui.o(.constdata)
    gImage_bake_on                           0x0800b558   Data        1512  gui.o(.constdata)
    gImage_sheshidu_big                      0x0800bb40   Data         882  gui.o(.constdata)
    asc2_1206                                0x0800beb2   Data        1140  st7789v2.o(.constdata)
    asc2_1608                                0x0800c326   Data        1520  st7789v2.o(.constdata)
    asc2_2412                                0x0800c916   Data        4560  st7789v2.o(.constdata)
    asc2_3216                                0x0800dae6   Data       12160  st7789v2.o(.constdata)
    tfont16                                  0x08010a66   Data         272  st7789v2.o(.constdata)
    Region$$Table$$Base                      0x08010b78   Number         0  anon$$obj.o(Region$$Table)
    Region$$Table$$Limit                     0x08010b98   Number         0  anon$$obj.o(Region$$Table)
    uwTickFreq                               0x20000008   Data           1  stm32f1xx_hal.o(.data)
    uwTickPrio                               0x2000000c   Data           4  stm32f1xx_hal.o(.data)
    uwTick                                   0x20000010   Data           4  stm32f1xx_hal.o(.data)
    SystemCoreClock                          0x20000014   Data           4  system_stm32f1xx.o(.data)
    gui_beat                                 0x20000019   Data           6  gui.o(.data)
    transmit_complete_flag1                  0x20000020   Data           1  st7789v2.o(.data)
    POINT_COLOR                              0x20000022   Data           2  st7789v2.o(.data)
    BACK_COLOR                               0x20000024   Data           2  st7789v2.o(.data)
    zero_flag                                0x20000026   Data           1  power_crl.o(.data)
    power_phase_delay                        0x20000028   Data           2  power_crl.o(.data)
    power_ch1_statu                          0x2000002a   Data           1  power_crl.o(.data)
    buzzer_flag                              0x2000002b   Data           1  power_crl.o(.data)
    hadc1                                    0x2000002c   Data          48  adc.o(.bss)
    hspi1                                    0x2000005c   Data          88  spi.o(.bss)
    hspi2                                    0x200000b4   Data          88  spi.o(.bss)
    hdma_spi1_tx                             0x2000010c   Data          68  spi.o(.bss)
    hdma_spi2_rx                             0x20000150   Data          68  spi.o(.bss)
    hdma_spi2_tx                             0x20000194   Data          68  spi.o(.bss)
    htim4                                    0x200001d8   Data          72  tim.o(.bss)
    htim5                                    0x20000220   Data          72  tim.o(.bss)
    htim6                                    0x20000268   Data          72  tim.o(.bss)
    htim7                                    0x200002b0   Data          72  tim.o(.bss)
    huart1                                   0x200002f8   Data          72  usart.o(.bss)
    huart2                                   0x20000340   Data          72  usart.o(.bss)
    hdma_usart2_rx                           0x20000388   Data          68  usart.o(.bss)
    hdma_usart2_tx                           0x200003cc   Data          68  usart.o(.bss)
    gui_info                                 0x20000410   Data           9  gui.o(.bss)
    key                                      0x20000a1a   Data          12  key_crl.o(.bss)
    rs485                                    0x20000a26   Data         204  communication.o(.bss)
    modbus                                   0x20000af2   Data         113  modbus_rtu.o(.bss)
    __initial_sp                             0x20000f68   Data           0  startup_stm32f103xe.o(STACK)



==============================================================================

Memory Map of the image

  Image Entry point : 0x08000131

  Load Region LR_IROM1 (Base: 0x08000000, Size: 0x00010bc4, Max: 0x00040000, ABSOLUTE)

    Execution Region ER_IROM1 (Exec base: 0x08000000, Load base: 0x08000000, Size: 0x00010b98, Max: 0x00040000, ABSOLUTE)

    Exec Addr    Load Addr    Size         Type   Attr      Idx    E Section Name        Object

    0x08000000   0x08000000   0x00000130   Data   RO            3    RESET               startup_stm32f103xe.o
    0x08000130   0x08000130   0x00000000   Code   RO         4398  * .ARM.Collect$$$$00000000  mc_w.l(entry.o)
    0x08000130   0x08000130   0x00000004   Code   RO         4669    .ARM.Collect$$$$00000001  mc_w.l(entry2.o)
    0x08000134   0x08000134   0x00000004   Code   RO         4672    .ARM.Collect$$$$00000004  mc_w.l(entry5.o)
    0x08000138   0x08000138   0x00000000   Code   RO         4674    .ARM.Collect$$$$00000008  mc_w.l(entry7b.o)
    0x08000138   0x08000138   0x00000000   Code   RO         4676    .ARM.Collect$$$$0000000A  mc_w.l(entry8b.o)
    0x08000138   0x08000138   0x00000008   Code   RO         4677    .ARM.Collect$$$$0000000B  mc_w.l(entry9a.o)
    0x08000140   0x08000140   0x00000004   Code   RO         4684    .ARM.Collect$$$$0000000E  mc_w.l(entry12b.o)
    0x08000144   0x08000144   0x00000000   Code   RO         4679    .ARM.Collect$$$$0000000F  mc_w.l(entry10a.o)
    0x08000144   0x08000144   0x00000000   Code   RO         4681    .ARM.Collect$$$$00000011  mc_w.l(entry11a.o)
    0x08000144   0x08000144   0x00000004   Code   RO         4670    .ARM.Collect$$$$00002712  mc_w.l(entry2.o)
    0x08000148   0x08000148   0x00000024   Code   RO            4    .text               startup_stm32f103xe.o
    0x0800016c   0x0800016c   0x00000024   Code   RO         4403    .text               mc_w.l(memcpya.o)
    0x08000190   0x08000190   0x00000024   Code   RO         4405    .text               mc_w.l(memseta.o)
    0x080001b4   0x080001b4   0x00000024   Code   RO         4701    .text               mc_w.l(init.o)
    0x080001d8   0x080001d8   0x0000000c   Code   RO          526    i.ADC1_2_IRQHandler  stm32f1xx_it.o
    0x080001e4   0x080001e4   0x00000056   Code   RO          746    i.ADC_ConversionStop_Disable  stm32f1xx_hal_adc.o
    0x0800023a   0x0800023a   0x00000002   PAD
    0x0800023c   0x0800023c   0x0000007c   Code   RO          750    i.ADC_Enable        stm32f1xx_hal_adc.o
    0x080002b8   0x080002b8   0x00000002   Code   RO          527    i.BusFault_Handler  stm32f1xx_it.o
    0x080002ba   0x080002ba   0x00000002   PAD
    0x080002bc   0x080002bc   0x0000000c   Code   RO          528    i.DMA1_Channel3_IRQHandler  stm32f1xx_it.o
    0x080002c8   0x080002c8   0x0000000c   Code   RO          529    i.DMA1_Channel4_IRQHandler  stm32f1xx_it.o
    0x080002d4   0x080002d4   0x0000000c   Code   RO          530    i.DMA1_Channel5_IRQHandler  stm32f1xx_it.o
    0x080002e0   0x080002e0   0x0000000c   Code   RO          531    i.DMA1_Channel6_IRQHandler  stm32f1xx_it.o
    0x080002ec   0x080002ec   0x0000000c   Code   RO          532    i.DMA1_Channel7_IRQHandler  stm32f1xx_it.o
    0x080002f8   0x080002f8   0x0000002a   Code   RO         1402    i.DMA_SetConfig     stm32f1xx_hal_dma.o
    0x08000322   0x08000322   0x00000002   Code   RO          533    i.DebugMon_Handler  stm32f1xx_it.o
    0x08000324   0x08000324   0x00000006   Code   RO          534    i.EXTI9_5_IRQHandler  stm32f1xx_it.o
    0x0800032a   0x0800032a   0x00000004   Code   RO           13    i.Error_Handler     main.o
    0x0800032e   0x0800032e   0x00000002   PAD
    0x08000330   0x08000330   0x000000d8   Code   RO          926    i.HAL_ADCEx_Calibration_Start  stm32f1xx_hal_adc_ex.o
    0x08000408   0x08000408   0x00000002   Code   RO          928    i.HAL_ADCEx_InjectedConvCpltCallback  stm32f1xx_hal_adc_ex.o
    0x0800040a   0x0800040a   0x00000002   PAD
    0x0800040c   0x0800040c   0x000000fc   Code   RO          752    i.HAL_ADC_ConfigChannel  stm32f1xx_hal_adc.o
    0x08000508   0x08000508   0x00000002   Code   RO          753    i.HAL_ADC_ConvCpltCallback  stm32f1xx_hal_adc.o
    0x0800050a   0x0800050a   0x000000dc   Code   RO          760    i.HAL_ADC_IRQHandler  stm32f1xx_hal_adc.o
    0x080005e6   0x080005e6   0x00000002   PAD
    0x080005e8   0x080005e8   0x00000120   Code   RO          761    i.HAL_ADC_Init      stm32f1xx_hal_adc.o
    0x08000708   0x08000708   0x00000002   Code   RO          762    i.HAL_ADC_LevelOutOfWindowCallback  stm32f1xx_hal_adc.o
    0x0800070a   0x0800070a   0x00000002   PAD
    0x0800070c   0x0800070c   0x0000008c   Code   RO          263    i.HAL_ADC_MspInit   adc.o
    0x08000798   0x08000798   0x00000046   Code   RO         1403    i.HAL_DMA_Abort     stm32f1xx_hal_dma.o
    0x080007de   0x080007de   0x00000002   PAD
    0x080007e0   0x080007e0   0x00000130   Code   RO         1404    i.HAL_DMA_Abort_IT  stm32f1xx_hal_dma.o
    0x08000910   0x08000910   0x00000248   Code   RO         1408    i.HAL_DMA_IRQHandler  stm32f1xx_hal_dma.o
    0x08000b58   0x08000b58   0x0000007c   Code   RO         1409    i.HAL_DMA_Init      stm32f1xx_hal_dma.o
    0x08000bd4   0x08000bd4   0x00000070   Code   RO         1413    i.HAL_DMA_Start_IT  stm32f1xx_hal_dma.o
    0x08000c44   0x08000c44   0x00000024   Code   RO         1029    i.HAL_Delay         stm32f1xx_hal.o
    0x08000c68   0x08000c68   0x00000010   Code   RO         4116    i.HAL_GPIO_EXTI_Callback  power_crl.o
    0x08000c78   0x08000c78   0x00000018   Code   RO         1338    i.HAL_GPIO_EXTI_IRQHandler  stm32f1xx_hal_gpio.o
    0x08000c90   0x08000c90   0x000001f8   Code   RO         1339    i.HAL_GPIO_Init     stm32f1xx_hal_gpio.o
    0x08000e88   0x08000e88   0x0000000a   Code   RO         1341    i.HAL_GPIO_ReadPin  stm32f1xx_hal_gpio.o
    0x08000e92   0x08000e92   0x0000000a   Code   RO         1343    i.HAL_GPIO_WritePin  stm32f1xx_hal_gpio.o
    0x08000e9c   0x08000e9c   0x0000000c   Code   RO         1033    i.HAL_GetTick       stm32f1xx_hal.o
    0x08000ea8   0x08000ea8   0x00000010   Code   RO         1039    i.HAL_IncTick       stm32f1xx_hal.o
    0x08000eb8   0x08000eb8   0x00000024   Code   RO         1040    i.HAL_Init          stm32f1xx_hal.o
    0x08000edc   0x08000edc   0x00000040   Code   RO         1041    i.HAL_InitTick      stm32f1xx_hal.o
    0x08000f1c   0x08000f1c   0x0000003c   Code   RO          686    i.HAL_MspInit       stm32f1xx_hal_msp.o
    0x08000f58   0x08000f58   0x0000001a   Code   RO         1499    i.HAL_NVIC_EnableIRQ  stm32f1xx_hal_cortex.o
    0x08000f72   0x08000f72   0x00000002   PAD
    0x08000f74   0x08000f74   0x00000040   Code   RO         1505    i.HAL_NVIC_SetPriority  stm32f1xx_hal_cortex.o
    0x08000fb4   0x08000fb4   0x00000024   Code   RO         1506    i.HAL_NVIC_SetPriorityGrouping  stm32f1xx_hal_cortex.o
    0x08000fd8   0x08000fd8   0x000000b8   Code   RO         1300    i.HAL_RCCEx_GetPeriphCLKFreq  stm32f1xx_hal_rcc_ex.o
    0x08001090   0x08001090   0x000000ec   Code   RO         1301    i.HAL_RCCEx_PeriphCLKConfig  stm32f1xx_hal_rcc_ex.o
    0x0800117c   0x0800117c   0x0000012c   Code   RO         1197    i.HAL_RCC_ClockConfig  stm32f1xx_hal_rcc.o
    0x080012a8   0x080012a8   0x00000020   Code   RO         1204    i.HAL_RCC_GetPCLK1Freq  stm32f1xx_hal_rcc.o
    0x080012c8   0x080012c8   0x00000020   Code   RO         1205    i.HAL_RCC_GetPCLK2Freq  stm32f1xx_hal_rcc.o
    0x080012e8   0x080012e8   0x0000004c   Code   RO         1206    i.HAL_RCC_GetSysClockFreq  stm32f1xx_hal_rcc.o
    0x08001334   0x08001334   0x00000320   Code   RO         1209    i.HAL_RCC_OscConfig  stm32f1xx_hal_rcc.o
    0x08001654   0x08001654   0x00000002   Code   RO         2006    i.HAL_SPI_ErrorCallback  stm32f1xx_hal_spi.o
    0x08001656   0x08001656   0x00000002   PAD
    0x08001658   0x08001658   0x000000e0   Code   RO         2009    i.HAL_SPI_IRQHandler  stm32f1xx_hal_spi.o
    0x08001738   0x08001738   0x000000b2   Code   RO         2010    i.HAL_SPI_Init      stm32f1xx_hal_spi.o
    0x080017ea   0x080017ea   0x00000002   PAD
    0x080017ec   0x080017ec   0x00000158   Code   RO          337    i.HAL_SPI_MspInit   spi.o
    0x08001944   0x08001944   0x00000166   Code   RO         2018    i.HAL_SPI_Transmit  stm32f1xx_hal_spi.o
    0x08001aaa   0x08001aaa   0x00000002   PAD
    0x08001aac   0x08001aac   0x000000cc   Code   RO         2022    i.HAL_SPI_Transmit_DMA  stm32f1xx_hal_spi.o
    0x08001b78   0x08001b78   0x00000018   Code   RO         3790    i.HAL_SPI_TxCpltCallback  st7789v2.o
    0x08001b90   0x08001b90   0x00000002   Code   RO         2025    i.HAL_SPI_TxHalfCpltCallback  stm32f1xx_hal_spi.o
    0x08001b92   0x08001b92   0x00000028   Code   RO         1510    i.HAL_SYSTICK_Config  stm32f1xx_hal_cortex.o
    0x08001bba   0x08001bba   0x00000002   Code   RO         3027    i.HAL_TIMEx_BreakCallback  stm32f1xx_hal_tim_ex.o
    0x08001bbc   0x08001bbc   0x00000002   Code   RO         3028    i.HAL_TIMEx_CommutCallback  stm32f1xx_hal_tim_ex.o
    0x08001bbe   0x08001bbe   0x00000002   PAD
    0x08001bc0   0x08001bc0   0x0000007c   Code   RO         3046    i.HAL_TIMEx_MasterConfigSynchronization  stm32f1xx_hal_tim_ex.o
    0x08001c3c   0x08001c3c   0x0000005a   Code   RO         2323    i.HAL_TIM_Base_Init  stm32f1xx_hal_tim.o
    0x08001c96   0x08001c96   0x00000002   PAD
    0x08001c98   0x08001c98   0x000000a4   Code   RO          403    i.HAL_TIM_Base_MspInit  tim.o
    0x08001d3c   0x08001d3c   0x0000006c   Code   RO         2328    i.HAL_TIM_Base_Start_IT  stm32f1xx_hal_tim.o
    0x08001da8   0x08001da8   0x00000030   Code   RO         2331    i.HAL_TIM_Base_Stop_IT  stm32f1xx_hal_tim.o
    0x08001dd8   0x08001dd8   0x000000dc   Code   RO         2332    i.HAL_TIM_ConfigClockSource  stm32f1xx_hal_tim.o
    0x08001eb4   0x08001eb4   0x00000002   Code   RO         2357    i.HAL_TIM_IC_CaptureCallback  stm32f1xx_hal_tim.o
    0x08001eb6   0x08001eb6   0x00000130   Code   RO         2371    i.HAL_TIM_IRQHandler  stm32f1xx_hal_tim.o
    0x08001fe6   0x08001fe6   0x00000002   PAD
    0x08001fe8   0x08001fe8   0x0000004c   Code   RO          404    i.HAL_TIM_MspPostInit  tim.o
    0x08002034   0x08002034   0x00000002   Code   RO         2374    i.HAL_TIM_OC_DelayElapsedCallback  stm32f1xx_hal_tim.o
    0x08002036   0x08002036   0x000000cc   Code   RO         2395    i.HAL_TIM_PWM_ConfigChannel  stm32f1xx_hal_tim.o
    0x08002102   0x08002102   0x0000005a   Code   RO         2398    i.HAL_TIM_PWM_Init  stm32f1xx_hal_tim.o
    0x0800215c   0x0800215c   0x00000002   Code   RO         2400    i.HAL_TIM_PWM_MspInit  stm32f1xx_hal_tim.o
    0x0800215e   0x0800215e   0x00000002   Code   RO         2401    i.HAL_TIM_PWM_PulseFinishedCallback  stm32f1xx_hal_tim.o
    0x08002160   0x08002160   0x000000b4   Code   RO         2403    i.HAL_TIM_PWM_Start  stm32f1xx_hal_tim.o
    0x08002214   0x08002214   0x0000018c   Code   RO          405    i.HAL_TIM_PeriodElapsedCallback  tim.o
    0x080023a0   0x080023a0   0x00000002   Code   RO         2414    i.HAL_TIM_TriggerCallback  stm32f1xx_hal_tim.o
    0x080023a2   0x080023a2   0x00000002   Code   RO         3306    i.HAL_UARTEx_RxEventCallback  stm32f1xx_hal_uart.o
    0x080023a4   0x080023a4   0x00000002   Code   RO         3320    i.HAL_UART_ErrorCallback  stm32f1xx_hal_uart.o
    0x080023a6   0x080023a6   0x00000002   PAD
    0x080023a8   0x080023a8   0x0000026c   Code   RO         3323    i.HAL_UART_IRQHandler  stm32f1xx_hal_uart.o
    0x08002614   0x08002614   0x00000064   Code   RO         3324    i.HAL_UART_Init     stm32f1xx_hal_uart.o
    0x08002678   0x08002678   0x00000130   Code   RO          479    i.HAL_UART_MspInit  usart.o
    0x080027a8   0x080027a8   0x0000001c   Code   RO         3329    i.HAL_UART_Receive_IT  stm32f1xx_hal_uart.o
    0x080027c4   0x080027c4   0x00000048   Code   RO         4223    i.HAL_UART_RxCpltCallback  communication.o
    0x0800280c   0x0800280c   0x000000a0   Code   RO         3332    i.HAL_UART_Transmit  stm32f1xx_hal_uart.o
    0x080028ac   0x080028ac   0x00000002   Code   RO         3335    i.HAL_UART_TxCpltCallback  stm32f1xx_hal_uart.o
    0x080028ae   0x080028ae   0x00000002   Code   RO          535    i.HardFault_Handler  stm32f1xx_it.o
    0x080028b0   0x080028b0   0x0000003a   Code   RO         3791    i.LCD_Address_Set   st7789v2.o
    0x080028ea   0x080028ea   0x00000002   PAD
    0x080028ec   0x080028ec   0x00000058   Code   RO         3792    i.LCD_Clear         st7789v2.o
    0x08002944   0x08002944   0x000000ec   Code   RO         3795    i.LCD_DrawLine      st7789v2.o
    0x08002a30   0x08002a30   0x00000016   Code   RO         3798    i.LCD_Draw_ColorPoint  st7789v2.o
    0x08002a46   0x08002a46   0x00000002   PAD
    0x08002a48   0x08002a48   0x00000080   Code   RO         3800    i.LCD_Fill          st7789v2.o
    0x08002ac8   0x08002ac8   0x000001b0   Code   RO         3801    i.LCD_Init          st7789v2.o
    0x08002c78   0x08002c78   0x00000010   Code   RO         3802    i.LCD_Pow           st7789v2.o
    0x08002c88   0x08002c88   0x00000004   Code   RO         3803    i.LCD_SPI_Send      st7789v2.o
    0x08002c8c   0x08002c8c   0x00000004   Code   RO         3804    i.LCD_SPI_Send_DMA  st7789v2.o
    0x08002c90   0x08002c90   0x0000012c   Code   RO         3805    i.LCD_ShowChar      st7789v2.o
    0x08002dbc   0x08002dbc   0x00000074   Code   RO         3806    i.LCD_ShowNum       st7789v2.o
    0x08002e30   0x08002e30   0x00000040   Code   RO         3809    i.LCD_Show_Image_Internal_Flash  st7789v2.o
    0x08002e70   0x08002e70   0x0000001c   Code   RO         3811    i.LCD_Write_Cmd     st7789v2.o
    0x08002e8c   0x08002e8c   0x0000001c   Code   RO         3812    i.LCD_Write_Data    st7789v2.o
    0x08002ea8   0x08002ea8   0x00000028   Code   RO         3813    i.LCD_Write_Data_16bit  st7789v2.o
    0x08002ed0   0x08002ed0   0x00000032   Code   RO         4280    i.MODBUS_CRC16      modbus_rtu.o
    0x08002f02   0x08002f02   0x00000002   PAD
    0x08002f04   0x08002f04   0x000000a8   Code   RO          264    i.MX_ADC1_Init      adc.o
    0x08002fac   0x08002fac   0x0000006c   Code   RO          312    i.MX_DMA_Init       dma.o
    0x08003018   0x08003018   0x0000016c   Code   RO          234    i.MX_GPIO_Init      gpio.o
    0x08003184   0x08003184   0x00000048   Code   RO          338    i.MX_SPI1_Init      spi.o
    0x080031cc   0x080031cc   0x00000044   Code   RO          339    i.MX_SPI2_Init      spi.o
    0x08003210   0x08003210   0x000000f0   Code   RO          406    i.MX_TIM4_Init      tim.o
    0x08003300   0x08003300   0x00000068   Code   RO          407    i.MX_TIM5_Init      tim.o
    0x08003368   0x08003368   0x00000044   Code   RO          408    i.MX_TIM6_Init      tim.o
    0x080033ac   0x080033ac   0x00000044   Code   RO          409    i.MX_TIM7_Init      tim.o
    0x080033f0   0x080033f0   0x00000038   Code   RO          480    i.MX_USART1_UART_Init  usart.o
    0x08003428   0x08003428   0x00000038   Code   RO          481    i.MX_USART2_UART_Init  usart.o
    0x08003460   0x08003460   0x00000002   Code   RO          536    i.MemManage_Handler  stm32f1xx_it.o
    0x08003462   0x08003462   0x00000002   PAD
    0x08003464   0x08003464   0x00000058   Code   RO         4281    i.Modbus_Event      modbus_rtu.o
    0x080034bc   0x080034bc   0x0000008c   Code   RO         4283    i.Modbus_Fun3       modbus_rtu.o
    0x08003548   0x08003548   0x00000068   Code   RO         4284    i.Modbus_Fun4       modbus_rtu.o
    0x080035b0   0x080035b0   0x00000028   Code   RO         4285    i.Modbus_Fun6       modbus_rtu.o
    0x080035d8   0x080035d8   0x00000002   Code   RO          537    i.NMI_Handler       stm32f1xx_it.o
    0x080035da   0x080035da   0x00000002   Code   RO          538    i.PendSV_Handler    stm32f1xx_it.o
    0x080035dc   0x080035dc   0x00000098   Code   RO         3814    i.PutChinese        st7789v2.o
    0x08003674   0x08003674   0x0000002e   Code   RO         3815    i.PutChinese_strings  st7789v2.o
    0x080036a2   0x080036a2   0x00000002   PAD
    0x080036a4   0x080036a4   0x0000000c   Code   RO          539    i.SPI1_IRQHandler   stm32f1xx_it.o
    0x080036b0   0x080036b0   0x00000010   Code   RO          340    i.SPI1_WriteByte    spi.o
    0x080036c0   0x080036c0   0x00000010   Code   RO          341    i.SPI1_WriteByte_DMA  spi.o
    0x080036d0   0x080036d0   0x0000000c   Code   RO          540    i.SPI2_IRQHandler   stm32f1xx_it.o
    0x080036dc   0x080036dc   0x00000010   Code   RO         2037    i.SPI_DMAAbortOnError  stm32f1xx_hal_spi.o
    0x080036ec   0x080036ec   0x00000022   Code   RO         2038    i.SPI_DMAError      stm32f1xx_hal_spi.o
    0x0800370e   0x0800370e   0x0000000a   Code   RO         2040    i.SPI_DMAHalfTransmitCplt  stm32f1xx_hal_spi.o
    0x08003718   0x08003718   0x00000064   Code   RO         2044    i.SPI_DMATransmitCplt  stm32f1xx_hal_spi.o
    0x0800377c   0x0800377c   0x00000034   Code   RO         2048    i.SPI_EndRxTxTransaction  stm32f1xx_hal_spi.o
    0x080037b0   0x080037b0   0x000000b8   Code   RO         2053    i.SPI_WaitFlagStateUntilTimeout  stm32f1xx_hal_spi.o
    0x08003868   0x08003868   0x00000002   Code   RO          541    i.SVC_Handler       stm32f1xx_it.o
    0x0800386a   0x0800386a   0x00000004   Code   RO          542    i.SysTick_Handler   stm32f1xx_it.o
    0x0800386e   0x0800386e   0x0000007a   Code   RO           14    i.SystemClock_Config  main.o
    0x080038e8   0x080038e8   0x00000002   Code   RO         3658    i.SystemInit        system_stm32f1xx.o
    0x080038ea   0x080038ea   0x00000002   PAD
    0x080038ec   0x080038ec   0x0000000c   Code   RO          543    i.TIM5_IRQHandler   stm32f1xx_it.o
    0x080038f8   0x080038f8   0x0000000c   Code   RO          544    i.TIM6_IRQHandler   stm32f1xx_it.o
    0x08003904   0x08003904   0x0000000c   Code   RO          545    i.TIM7_IRQHandler   stm32f1xx_it.o
    0x08003910   0x08003910   0x0000009c   Code   RO         2416    i.TIM_Base_SetConfig  stm32f1xx_hal_tim.o
    0x080039ac   0x080039ac   0x0000001a   Code   RO         2417    i.TIM_CCxChannelCmd  stm32f1xx_hal_tim.o
    0x080039c6   0x080039c6   0x00000014   Code   RO         2427    i.TIM_ETR_SetConfig  stm32f1xx_hal_tim.o
    0x080039da   0x080039da   0x00000010   Code   RO         2428    i.TIM_ITRx_SetConfig  stm32f1xx_hal_tim.o
    0x080039ea   0x080039ea   0x00000002   PAD
    0x080039ec   0x080039ec   0x00000060   Code   RO         2429    i.TIM_OC1_SetConfig  stm32f1xx_hal_tim.o
    0x08003a4c   0x08003a4c   0x0000006c   Code   RO         2430    i.TIM_OC2_SetConfig  stm32f1xx_hal_tim.o
    0x08003ab8   0x08003ab8   0x00000068   Code   RO         2431    i.TIM_OC3_SetConfig  stm32f1xx_hal_tim.o
    0x08003b20   0x08003b20   0x00000050   Code   RO         2432    i.TIM_OC4_SetConfig  stm32f1xx_hal_tim.o
    0x08003b70   0x08003b70   0x00000022   Code   RO         2434    i.TIM_TI1_ConfigInputStage  stm32f1xx_hal_tim.o
    0x08003b92   0x08003b92   0x00000024   Code   RO         2436    i.TIM_TI2_ConfigInputStage  stm32f1xx_hal_tim.o
    0x08003bb6   0x08003bb6   0x00000010   Code   RO         3337    i.UART_DMAAbortOnError  stm32f1xx_hal_uart.o
    0x08003bc6   0x08003bc6   0x0000004e   Code   RO         3347    i.UART_EndRxTransfer  stm32f1xx_hal_uart.o
    0x08003c14   0x08003c14   0x000000c2   Code   RO         3349    i.UART_Receive_IT   stm32f1xx_hal_uart.o
    0x08003cd6   0x08003cd6   0x00000002   PAD
    0x08003cd8   0x08003cd8   0x000000b8   Code   RO         3350    i.UART_SetConfig    stm32f1xx_hal_uart.o
    0x08003d90   0x08003d90   0x00000036   Code   RO         3352    i.UART_Start_Receive_IT  stm32f1xx_hal_uart.o
    0x08003dc6   0x08003dc6   0x00000072   Code   RO         3353    i.UART_WaitOnFlagUntilTimeout  stm32f1xx_hal_uart.o
    0x08003e38   0x08003e38   0x0000000c   Code   RO          546    i.USART1_IRQHandler  stm32f1xx_it.o
    0x08003e44   0x08003e44   0x0000000c   Code   RO          547    i.USART2_IRQHandler  stm32f1xx_it.o
    0x08003e50   0x08003e50   0x00000002   Code   RO          548    i.UsageFault_Handler  stm32f1xx_it.o
    0x08003e52   0x08003e52   0x00000002   Code   RO         4043    i.W25Q64_Test       spi_flash_w25q64.o
    0x08003e54   0x08003e54   0x00000020   Code   RO         1512    i.__NVIC_SetPriority  stm32f1xx_hal_cortex.o
    0x08003e74   0x08003e74   0x0000000e   Code   RO         4711    i.__scatterload_copy  mc_w.l(handlers.o)
    0x08003e82   0x08003e82   0x00000002   Code   RO         4712    i.__scatterload_null  mc_w.l(handlers.o)
    0x08003e84   0x08003e84   0x0000000e   Code   RO         4713    i.__scatterload_zeroinit  mc_w.l(handlers.o)
    0x08003e92   0x08003e92   0x00000002   PAD
    0x08003e94   0x08003e94   0x00000058   Code   RO         3695    i.ac220_switch      gui.o
    0x08003eec   0x08003eec   0x00000024   Code   RO         4368    i.delay_ms          delay.o
    0x08003f10   0x08003f10   0x00000044   Code   RO         4286    i.get_slave_current_statu_multifunpower  modbus_rtu.o
    0x08003f54   0x08003f54   0x00000044   Code   RO         4287    i.get_slave_init_statu_multifunpower  modbus_rtu.o
    0x08003f98   0x08003f98   0x00000034   Code   RO         3696    i.gui_init          gui.o
    0x08003fcc   0x08003fcc   0x000002f8   Code   RO         3697    i.icon_beat         gui.o
    0x080042c4   0x080042c4   0x0000002c   Code   RO         4157    i.jump_to_init      key_crl.o
    0x080042f0   0x080042f0   0x000000ac   Code   RO         4158    i.key1_press        key_crl.o
    0x0800439c   0x0800439c   0x00000104   Code   RO         4159    i.key2_press        key_crl.o
    0x080044a0   0x080044a0   0x00000110   Code   RO         4160    i.key3_press        key_crl.o
    0x080045b0   0x080045b0   0x000000e0   Code   RO         4161    i.key4_press        key_crl.o
    0x08004690   0x08004690   0x00000020   Code   RO         4162    i.key_init          key_crl.o
    0x080046b0   0x080046b0   0x00000090   Code   RO         4163    i.key_scan          key_crl.o
    0x08004740   0x08004740   0x00000058   Code   RO         3698    i.led_beat          gui.o
    0x08004798   0x08004798   0x00000118   Code   RO           17    i.main              main.o
    0x080048b0   0x080048b0   0x00000024   Code   RO         4288    i.modbus_send_data  modbus_rtu.o
    0x080048d4   0x080048d4   0x00000030   Code   RO         4117    i.power_crl         power_crl.o
    0x08004904   0x08004904   0x0000003c   Code   RO         4010    i.pwm_crl           pwm_crl.o
    0x08004940   0x08004940   0x0000013c   Code   RO         3699    i.refresh_icon      gui.o
    0x08004a7c   0x08004a7c   0x00000420   Code   RO         3700    i.screen_test       gui.o
    0x08004e9c   0x08004e9c   0x00000048   Code   RO         3701    i.sync_switch       gui.o
    0x08004ee4   0x08004ee4   0x0000013c   Code   RO         3702    i.update_fun        gui.o
    0x08005020   0x08005020   0x00000014   Code   RO         3816    i.wait_spi1_dma_transmit  st7789v2.o
    0x08005034   0x08005034   0x000000cc   Code   RO         4290    i.write_slave_reg   modbus_rtu.o
    0x08005100   0x08005100   0x00000012   Data   RO         1210    .constdata          stm32f1xx_hal_rcc.o
    0x08005112   0x08005112   0x00000012   Data   RO         1302    .constdata          stm32f1xx_hal_rcc_ex.o
    0x08005124   0x08005124   0x00000010   Data   RO         3659    .constdata          system_stm32f1xx.o
    0x08005134   0x08005134   0x00000008   Data   RO         3660    .constdata          system_stm32f1xx.o
    0x0800513c   0x0800513c   0x00006d76   Data   RO         3705    .constdata          gui.o
    0x0800beb2   0x0800beb2   0x00004cc4   Data   RO         3818    .constdata          st7789v2.o
    0x08010b76   0x08010b76   0x00000002   PAD
    0x08010b78   0x08010b78   0x00000020   Data   RO         4709    Region$$Table       anon$$obj.o


    Execution Region RW_IRAM1 (Exec base: 0x20000000, Load base: 0x08010b98, Size: 0x00000f68, Max: 0x0000c000, ABSOLUTE)

    Exec Addr    Load Addr    Size         Type   Attr      Idx    E Section Name        Object

    0x20000000   0x08010b98   0x00000008   Data   RW          411    .data               tim.o
    0x20000008   0x08010ba0   0x0000000c   Data   RW         1047    .data               stm32f1xx_hal.o
    0x20000014   0x08010bac   0x00000004   Data   RW         3661    .data               system_stm32f1xx.o
    0x20000018   0x08010bb0   0x00000007   Data   RW         3708    .data               gui.o
    0x2000001f   0x08010bb7   0x00000001   PAD
    0x20000020   0x08010bb8   0x00000004   Data   RW         3819    .data               st7789v2.o
    0x20000024   0x08010bbc   0x00000002   Data   RW         3820    .data               st7789v2.o
    0x20000026   0x08010bbe   0x00000004   Data   RW         4118    .data               power_crl.o
    0x2000002a   0x08010bc2   0x00000001   Data   RW         4119    .data               power_crl.o
    0x2000002b   0x08010bc3   0x00000001   Data   RW         4123    .data               power_crl.o
    0x2000002c        -       0x00000030   Zero   RW          265    .bss                adc.o
    0x2000005c        -       0x0000017c   Zero   RW          343    .bss                spi.o
    0x200001d8        -       0x00000120   Zero   RW          410    .bss                tim.o
    0x200002f8        -       0x00000118   Zero   RW          482    .bss                usart.o
    0x20000410        -       0x00000009   Zero   RW         3703    .bss                gui.o
    0x20000419        -       0x00000600   Zero   RW         3817    .bss                st7789v2.o
    0x20000a19   0x08010bc4   0x00000001   PAD
    0x20000a1a        -       0x0000000c   Zero   RW         4164    .bss                key_crl.o
    0x20000a26        -       0x000000cc   Zero   RW         4224    .bss                communication.o
    0x20000af2        -       0x00000071   Zero   RW         4291    .bss                modbus_rtu.o
    0x20000b63   0x08010bc4   0x00000005   PAD
    0x20000b68        -       0x00000400   Zero   RW            1    STACK               startup_stm32f103xe.o


==============================================================================

Image component sizes


      Code (inc. data)   RO Data    RW Data    ZI Data      Debug   Object Name

       308         26          0          0         48       1681   adc.o
        72         12          0          0        204       1430   communication.o
        36          0          0          0          0        467   delay.o
       108          4          0          0          0        730   dma.o
       364         24          0          0          0        983   gpio.o
      2748        204      28022          7          9       7435   gui.o
      1148        134          0          0         12       4847   key_crl.o
       406         42          0          0          0     517856   main.o
       798        104          0          0        113       6658   modbus_rtu.o
        64         12          0          6          0       1735   power_crl.o
        60         10          0          0          0        606   pwm_crl.o
       516         58          0          0        380       3427   spi.o
         2          0          0          0          0        402   spi_flash_w25q64.o
      1806         82      19652          6       1536      14490   st7789v2.o
        36          8        304          0       1024        772   startup_stm32f103xe.o
       164         28          0         12          0       6273   stm32f1xx_hal.o
       974         38          0          0          0       5776   stm32f1xx_hal_adc.o
       218          6          0          0          0       1887   stm32f1xx_hal_adc_ex.o
       198         14          0          0          0      28771   stm32f1xx_hal_cortex.o
      1236         52          0          0          0       4914   stm32f1xx_hal_dma.o
       548         48          0          0          0       3978   stm32f1xx_hal_gpio.o
        60          8          0          0          0        814   stm32f1xx_hal_msp.o
      1240         84         18          0          0       4944   stm32f1xx_hal_rcc.o
       420         30         18          0          0       2429   stm32f1xx_hal_rcc_ex.o
      1364         22          0          0          0       9171   stm32f1xx_hal_spi.o
      1930         98          0          0          0      16221   stm32f1xx_hal_tim.o
       128         20          0          0          0       2289   stm32f1xx_hal_tim_ex.o
      1554         10          0          0          0      10540   stm32f1xx_hal_uart.o
       182         78          0          0          0       9340   stm32f1xx_it.o
         2          0         24          4          0       1031   system_stm32f1xx.o
      1116        114          0          8        288       4951   tim.o
       416         40          0          0        280       2409   usart.o

    ----------------------------------------------------------------------
     20268       1410      48072         44       3900     679257   Object Totals
         0          0         32          0          0          0   (incl. Generated)
        46          0          2          1          6          0   (incl. Padding)

    ----------------------------------------------------------------------

      Code (inc. data)   RO Data    RW Data    ZI Data      Debug   Library Member Name

         0          0          0          0          0          0   entry.o
         0          0          0          0          0          0   entry10a.o
         0          0          0          0          0          0   entry11a.o
         4          0          0          0          0          0   entry12b.o
         8          4          0          0          0          0   entry2.o
         4          0          0          0          0          0   entry5.o
         0          0          0          0          0          0   entry7b.o
         0          0          0          0          0          0   entry8b.o
         8          4          0          0          0          0   entry9a.o
        30          0          0          0          0          0   handlers.o
        36          8          0          0          0         68   init.o
        36          0          0          0          0         68   memcpya.o
        36          0          0          0          0        108   memseta.o

    ----------------------------------------------------------------------
       164         16          0          0          0        244   Library Totals
         2          0          0          0          0          0   (incl. Padding)

    ----------------------------------------------------------------------

      Code (inc. data)   RO Data    RW Data    ZI Data      Debug   Library Name

       162         16          0          0          0        244   mc_w.l

    ----------------------------------------------------------------------
       164         16          0          0          0        244   Library Totals

    ----------------------------------------------------------------------

==============================================================================


      Code (inc. data)   RO Data    RW Data    ZI Data      Debug   

     20432       1426      48072         44       3900     670345   Grand Totals
     20432       1426      48072         44       3900     670345   ELF Image Totals
     20432       1426      48072         44          0          0   ROM Totals

==============================================================================

    Total RO  Size (Code + RO Data)                68504 (  66.90kB)
    Total RW  Size (RW Data + ZI Data)              3944 (   3.85kB)
    Total ROM Size (Code + RO Data + RW Data)      68548 (  66.94kB)

==============================================================================

